Component: ARM Compiler 5.05 update 1 (build 106) Tool: armlink [4d0efa]

==============================================================================

Section Cross References

    CompCtrlDefine.o(i.IcResourceInit) refers to SC_Init.o(i.SC_Init) for SC_Init
    main.o(i.main) refers to CompCtrlDefine.o(i.IcResourceInit) for IcResourceInit
    main.o(i.main) refers to SysFunVarDefine.o(i.OLED_Init) for OLED_Init
    main.o(i.main) refers to SysFunVarDefine.o(i.OLED_ShowByte) for OLED_ShowByte
    sc32f1xxx_rcc.o(i.RCC_BTMCLKConfig) refers to sc32f1xxx_rcc.o(i.RCC_Unlock) for RCC_Unlock
    sc32f1xxx_rcc.o(i.RCC_GetClocksFreq) refers to aeabi_sdiv.o(.text) for __aeabi_uidivmod
    sc32f1xxx_rcc.o(i.RCC_HIRCCmd) refers to sc32f1xxx_rcc.o(i.RCC_Unlock) for RCC_Unlock
    sc32f1xxx_rcc.o(i.RCC_HXTCmd) refers to sc32f1xxx_rcc.o(i.RCC_Unlock) for RCC_Unlock
    sc32f1xxx_rcc.o(i.RCC_ITConfig) refers to sc32f1xxx_rcc.o(i.RCC_Unlock) for RCC_Unlock
    sc32f1xxx_rcc.o(i.RCC_LCDLEDCLKConfig) refers to sc32f1xxx_rcc.o(i.RCC_Unlock) for RCC_Unlock
    sc32f1xxx_rcc.o(i.RCC_LIRCCmd) refers to sc32f1xxx_rcc.o(i.RCC_Unlock) for RCC_Unlock
    sc32f1xxx_rcc.o(i.RCC_LXTCmd) refers to sc32f1xxx_rcc.o(i.RCC_Unlock) for RCC_Unlock
    sc32f1xxx_rcc.o(i.RCC_PLLCmd) refers to sc32f1xxx_rcc.o(i.RCC_Unlock) for RCC_Unlock
    sc32f1xxx_rcc.o(i.RCC_PLLConfig) refers to sc32f1xxx_rcc.o(i.RCC_Unlock) for RCC_Unlock
    sc32f1xxx_rcc.o(i.RCC_PLLRCmd) refers to sc32f1xxx_rcc.o(i.RCC_Unlock) for RCC_Unlock
    sc32f1xxx_rcc.o(i.RCC_SYSCLKConfig) refers to sc32f1xxx_rcc.o(i.RCC_Unlock) for RCC_Unlock
    sc32f1xxx_rcc.o(i.RCC_SYSCLKConfig) refers to aeabi_sdiv.o(.text) for __aeabi_uidivmod
    sc32f1xxx_rcc.o(i.RCC_SystickCLKConfig) refers to sc32f1xxx_rcc.o(i.RCC_Unlock) for RCC_Unlock
    sc32f1xxx_rcc.o(i.RCC_WaitConfig) refers to sc32f1xxx_rcc.o(i.RCC_Unlock) for RCC_Unlock
    sc32f1xxx_twi.o(i.TWI_DeInit) refers to sc32f1xxx_rcc.o(i.RCC_APB0PeriphResetCmd) for RCC_APB0PeriphResetCmd
    sc32f1xxx_twi.o(i.TWI_DeInit) refers to sc32f1xxx_rcc.o(i.RCC_APB1PeriphResetCmd) for RCC_APB1PeriphResetCmd
    SC_Init.o(i.SC_Init) refers to SC_Init.o(i.SC_OPTION_Init) for SC_OPTION_Init
    SC_Init.o(i.SC_Init) refers to SC_Init.o(i.SC_RCC_Init) for SC_RCC_Init
    SC_Init.o(i.SC_Init) refers to SC_Init.o(i.SC_SYSTICK_Init) for SC_SYSTICK_Init
    SC_Init.o(i.SC_Init) refers to SC_Init.o(i.SC_TWI0_Init) for SC_TWI0_Init
    SC_Init.o(i.SC_RCC_Init) refers to sc32f1xxx_rcc.o(i.RCC_Unlock) for RCC_Unlock
    SC_Init.o(i.SC_RCC_Init) refers to sc32f1xxx_rcc.o(i.RCC_HXTCmd) for RCC_HXTCmd
    SC_Init.o(i.SC_RCC_Init) refers to sc32f1xxx_rcc.o(i.RCC_LXTCmd) for RCC_LXTCmd
    SC_Init.o(i.SC_RCC_Init) refers to sc32f1xxx_rcc.o(i.RCC_LIRCCmd) for RCC_LIRCCmd
    SC_Init.o(i.SC_RCC_Init) refers to sc32f1xxx_rcc.o(i.RCC_HIRCCmd) for RCC_HIRCCmd
    SC_Init.o(i.SC_RCC_Init) refers to sc32f1xxx_rcc.o(i.RCC_ITConfig) for RCC_ITConfig
    SC_Init.o(i.SC_RCC_Init) refers to sc32f1xxx_rcc.o(i.RCC_SYSCLKConfig) for RCC_SYSCLKConfig
    SC_Init.o(i.SC_RCC_Init) refers to sc32f1xxx_rcc.o(i.RCC_HCLKConfig) for RCC_HCLKConfig
    SC_Init.o(i.SC_RCC_Init) refers to sc32f1xxx_rcc.o(i.RCC_APB0Config) for RCC_APB0Config
    SC_Init.o(i.SC_RCC_Init) refers to sc32f1xxx_rcc.o(i.RCC_APB0Cmd) for RCC_APB0Cmd
    SC_Init.o(i.SC_SYSTICK_Init) refers to sc32f1xxx_rcc.o(i.RCC_Unlock) for RCC_Unlock
    SC_Init.o(i.SC_SYSTICK_Init) refers to sc32f1xxx_rcc.o(i.RCC_SystickCLKConfig) for RCC_SystickCLKConfig
    SC_Init.o(i.SC_SYSTICK_Init) refers to sc32f1xxx_rcc.o(i.RCC_SystickSetCounter) for RCC_SystickSetCounter
    SC_Init.o(i.SC_SYSTICK_Init) refers to SC_Init.o(i.__NVIC_SetPriority) for __NVIC_SetPriority
    SC_Init.o(i.SC_SYSTICK_Init) refers to sc32f1xxx_rcc.o(i.RCC_SystickCmd) for RCC_SystickCmd
    SC_Init.o(i.SC_TWI0_Init) refers to sc32f1xxx_gpio.o(i.GPIO_Init) for GPIO_Init
    SC_Init.o(i.SC_TWI0_Init) refers to sc32f1xxx_rcc.o(i.RCC_APB0PeriphClockCmd) for RCC_APB0PeriphClockCmd
    SC_Init.o(i.SC_TWI0_Init) refers to sc32f1xxx_twi.o(i.TWI_Init) for TWI_Init
    SC_Init.o(i.SC_TWI0_Init) refers to sc32f1xxx_twi.o(i.TWI_PinRemapConfig) for TWI_PinRemapConfig
    SC_Init.o(i.SC_TWI0_Init) refers to sc32f1xxx_twi.o(i.TWI_ITConfig) for TWI_ITConfig
    SC_Init.o(i.SC_TWI0_Init) refers to sc32f1xxx_twi.o(i.TWI_DMACmd) for TWI_DMACmd
    SC_Init.o(i.SC_TWI0_Init) refers to SC_Init.o(i.__NVIC_SetPriority) for __NVIC_SetPriority
    SC_Init.o(i.SC_TWI0_Init) refers to sc32f1xxx_twi.o(i.TWI_Cmd) for TWI_Cmd
    SC_it.o(i.TWI0_IRQHandler) refers to sc32f1xxx_twi.o(i.TWI_GetFlagStatus) for TWI_GetFlagStatus
    SC_it.o(i.TWI0_IRQHandler) refers to sc32f1xxx_twi.o(i.TWI_ClearFlag) for TWI_ClearFlag
    SC_it.o(i.TWI0_IRQHandler) refers to SysFunVarDefine.o(.data) for TWI0Flag
    startup_sc32f10xx.o(STACK) refers (Special) to heapauxi.o(.text) for __use_two_region_memory
    startup_sc32f10xx.o(HEAP) refers (Special) to heapauxi.o(.text) for __use_two_region_memory
    startup_sc32f10xx.o(RESET) refers (Special) to heapauxi.o(.text) for __use_two_region_memory
    startup_sc32f10xx.o(RESET) refers to startup_sc32f10xx.o(STACK) for __initial_sp
    startup_sc32f10xx.o(RESET) refers to startup_sc32f10xx.o(.text) for Reset_Handler
    startup_sc32f10xx.o(RESET) refers to SC_it.o(i.SysTick_IRQHandler) for SysTick_IRQHandler
    startup_sc32f10xx.o(RESET) refers to SC_it.o(i.INT0_IRQHandler) for INT0_IRQHandler
    startup_sc32f10xx.o(RESET) refers to SC_it.o(i.INT1_7_IRQHandler) for INT1_7_IRQHandler
    startup_sc32f10xx.o(RESET) refers to SC_it.o(i.INT8_11_IRQHandler) for INT8_11_IRQHandler
    startup_sc32f10xx.o(RESET) refers to SC_it.o(i.INT12_15_IRQHandler) for INT12_15_IRQHandler
    startup_sc32f10xx.o(RESET) refers to SC_it.o(i.RCC_IRQHandler) for RCC_IRQHandler
    startup_sc32f10xx.o(RESET) refers to SC_it.o(i.BTM_IRQHandler) for BTM_IRQHandler
    startup_sc32f10xx.o(RESET) refers to SC_it.o(i.UART0_2_IRQHandler) for UART0_2_IRQHandler
    startup_sc32f10xx.o(RESET) refers to SC_it.o(i.UART1_3_IRQHandler) for UART1_3_IRQHandler
    startup_sc32f10xx.o(RESET) refers to SC_it.o(i.SPI0_IRQHandler) for SPI0_IRQHandler
    startup_sc32f10xx.o(RESET) refers to SC_it.o(i.SPI1_IRQHandler) for SPI1_IRQHandler
    startup_sc32f10xx.o(RESET) refers to SC_it.o(i.DMA0_IRQHandler) for DMA0_IRQHandler
    startup_sc32f10xx.o(RESET) refers to SC_it.o(i.DMA1_IRQHandler) for DMA1_IRQHandler
    startup_sc32f10xx.o(RESET) refers to SC_it.o(i.DMA2_IRQHandler) for DMA2_IRQHandler
    startup_sc32f10xx.o(RESET) refers to SC_it.o(i.DMA3_IRQHandler) for DMA3_IRQHandler
    startup_sc32f10xx.o(RESET) refers to SC_it.o(i.TIMER0_IRQHandler) for TIMER0_IRQHandler
    startup_sc32f10xx.o(RESET) refers to SC_it.o(i.TIMER1_IRQHandler) for TIMER1_IRQHandler
    startup_sc32f10xx.o(RESET) refers to SC_it.o(i.TIMER2_IRQHandler) for TIMER2_IRQHandler
    startup_sc32f10xx.o(RESET) refers to SC_it.o(i.TIMER3_IRQHandler) for TIMER3_IRQHandler
    startup_sc32f10xx.o(RESET) refers to SC_it.o(i.TIMER4_5_IRQHandler) for TIMER4_5_IRQHandler
    startup_sc32f10xx.o(RESET) refers to SC_it.o(i.TIMER6_7_IRQHandler) for TIMER6_7_IRQHandler
    startup_sc32f10xx.o(RESET) refers to SC_it.o(i.PWM0_IRQHandler) for PWM0_IRQHandler
    startup_sc32f10xx.o(RESET) refers to SC_it.o(i.LEDPWM_IRQHandler) for LEDPWM_IRQHandler
    startup_sc32f10xx.o(RESET) refers to SC_it.o(i.TWI0_IRQHandler) for TWI0_IRQHandler
    startup_sc32f10xx.o(RESET) refers to SC_it.o(i.TWI1_IRQHandler) for TWI1_IRQHandler
    startup_sc32f10xx.o(RESET) refers to SC_it.o(i.ADC_IRQHandler) for ADC_IRQHandler
    startup_sc32f10xx.o(RESET) refers to SC_it.o(i.CMP_IRQHandler) for CMP_IRQHandler
    startup_sc32f10xx.o(.text) refers (Special) to heapauxi.o(.text) for __use_two_region_memory
    startup_sc32f10xx.o(.text) refers to system_sc32f1xxx.o(i.SystemInit) for SystemInit
    startup_sc32f10xx.o(.text) refers to __main.o(!!!main) for __main
    startup_sc32f10xx.o(.text) refers to startup_sc32f10xx.o(HEAP) for Heap_Mem
    startup_sc32f10xx.o(.text) refers to startup_sc32f10xx.o(STACK) for Stack_Mem
    SysFunVarDefine.o(i.OLED_Clear) refers to SysFunVarDefine.o(i.OLED_WR_Byte) for OLED_WR_Byte
    SysFunVarDefine.o(i.OLED_ColorTurn) refers to SysFunVarDefine.o(i.OLED_WR_Byte) for OLED_WR_Byte
    SysFunVarDefine.o(i.OLED_DisplayTurn) refers to SysFunVarDefine.o(i.OLED_WR_Byte) for OLED_WR_Byte
    SysFunVarDefine.o(i.OLED_Display_Off) refers to SysFunVarDefine.o(i.OLED_WR_Byte) for OLED_WR_Byte
    SysFunVarDefine.o(i.OLED_Display_On) refers to SysFunVarDefine.o(i.OLED_WR_Byte) for OLED_WR_Byte
    SysFunVarDefine.o(i.OLED_Init) refers to SysFunVarDefine.o(i.OLED_WR_Byte) for OLED_WR_Byte
    SysFunVarDefine.o(i.OLED_Init) refers to SysFunVarDefine.o(i.OLED_Clear) for OLED_Clear
    SysFunVarDefine.o(i.OLED_Init) refers to SysFunVarDefine.o(i.OLED_ColorTurn) for OLED_ColorTurn
    SysFunVarDefine.o(i.OLED_Init) refers to SysFunVarDefine.o(i.OLED_DisplayTurn) for OLED_DisplayTurn
    SysFunVarDefine.o(i.OLED_Init) refers to SysFunVarDefine.o(i.OLED_Display_Off) for OLED_Display_Off
    SysFunVarDefine.o(i.OLED_Init) refers to SysFunVarDefine.o(i.OLED_Display_On) for OLED_Display_On
    SysFunVarDefine.o(i.OLED_Set_Pos) refers to SysFunVarDefine.o(i.OLED_WR_Byte) for OLED_WR_Byte
    SysFunVarDefine.o(i.OLED_ShowByte) refers to SysFunVarDefine.o(i.OLED_Set_Pos) for OLED_Set_Pos
    SysFunVarDefine.o(i.OLED_ShowByte) refers to SysFunVarDefine.o(i.OLED_WR_Byte) for OLED_WR_Byte
    SysFunVarDefine.o(i.OLED_WR_Byte) refers to SysFunVarDefine.o(i.TWI_Start) for TWI_Start
    SysFunVarDefine.o(i.OLED_WR_Byte) refers to SysFunVarDefine.o(i.TWI_SendByte) for TWI_SendByte
    SysFunVarDefine.o(i.OLED_WR_Byte) refers to SysFunVarDefine.o(i.TWI_Stop) for TWI_Stop
    SysFunVarDefine.o(i.TWI_SendByte) refers to sc32f1xxx_twi.o(i.TWI_SendData) for TWI_SendData
    SysFunVarDefine.o(i.TWI_SendByte) refers to SysFunVarDefine.o(.data) for .data
    SysFunVarDefine.o(i.TWI_Start) refers to sc32f1xxx_twi.o(i.TWI_GenerateSTART) for TWI_GenerateSTART
    SysFunVarDefine.o(i.TWI_Start) refers to SysFunVarDefine.o(.data) for .data
    SysFunVarDefine.o(i.TWI_Stop) refers to sc32f1xxx_twi.o(i.TWI_GenerateSTOP) for TWI_GenerateSTOP
    __main.o(!!!main) refers to __rtentry.o(.ARM.Collect$$rtentry$$00000000) for __rt_entry
    __rtentry.o(.ARM.Collect$$rtentry$$00000000) refers (Special) to __rtentry2.o(.ARM.Collect$$rtentry$$0000000A) for __rt_entry_li
    __rtentry.o(.ARM.Collect$$rtentry$$00000000) refers (Special) to __rtentry2.o(.ARM.Collect$$rtentry$$0000000D) for __rt_entry_main
    __rtentry.o(.ARM.Collect$$rtentry$$00000000) refers (Special) to __rtentry2.o(.ARM.Collect$$rtentry$$0000000C) for __rt_entry_postli_1
    __rtentry.o(.ARM.Collect$$rtentry$$00000000) refers (Special) to __rtentry2.o(.ARM.Collect$$rtentry$$00000009) for __rt_entry_postsh_1
    __rtentry.o(.ARM.Collect$$rtentry$$00000000) refers (Special) to __rtentry2.o(.ARM.Collect$$rtentry$$00000002) for __rt_entry_presh_1
    __rtentry.o(.ARM.Collect$$rtentry$$00000000) refers (Special) to __rtentry4.o(.ARM.Collect$$rtentry$$00000004) for __rt_entry_sh
    aeabi_idiv0_sigfpe.o(.text) refers to rt_div0.o(.text) for __rt_div0
    __rtentry2.o(.ARM.Collect$$rtentry$$00000008) refers to boardinit2.o(.text) for _platform_post_stackheap_init
    __rtentry2.o(.ARM.Collect$$rtentry$$0000000A) refers to libinit.o(.ARM.Collect$$libinit$$00000000) for __rt_lib_init
    __rtentry2.o(.ARM.Collect$$rtentry$$0000000B) refers to boardinit3.o(.text) for _platform_post_lib_init
    __rtentry2.o(.ARM.Collect$$rtentry$$0000000D) refers to main.o(i.main) for main
    __rtentry2.o(.ARM.Collect$$rtentry$$0000000D) refers to exit.o(.text) for exit
    __rtentry2.o(.ARM.exidx) refers to __rtentry2.o(.ARM.Collect$$rtentry$$00000001) for .ARM.Collect$$rtentry$$00000001
    __rtentry2.o(.ARM.exidx) refers to __rtentry2.o(.ARM.Collect$$rtentry$$00000008) for .ARM.Collect$$rtentry$$00000008
    __rtentry2.o(.ARM.exidx) refers to __rtentry2.o(.ARM.Collect$$rtentry$$0000000A) for .ARM.Collect$$rtentry$$0000000A
    __rtentry2.o(.ARM.exidx) refers to __rtentry2.o(.ARM.Collect$$rtentry$$0000000B) for .ARM.Collect$$rtentry$$0000000B
    __rtentry2.o(.ARM.exidx) refers to __rtentry2.o(.ARM.Collect$$rtentry$$0000000D) for .ARM.Collect$$rtentry$$0000000D
    __rtentry4.o(.ARM.Collect$$rtentry$$00000004) refers to sys_stackheap_outer.o(.text) for __user_setup_stackheap
    __rtentry4.o(.ARM.exidx) refers to __rtentry4.o(.ARM.Collect$$rtentry$$00000004) for .ARM.Collect$$rtentry$$00000004
    rt_div0.o(.text) refers to defsig_fpe_outer.o(.text) for __rt_SIGFPE
    sys_stackheap_outer.o(.text) refers to libspace.o(.text) for __user_perproc_libspace
    sys_stackheap_outer.o(.text) refers to startup_sc32f10xx.o(.text) for __user_initial_stackheap
    sys_stackheap_outer.o(__vectab_stack_and_reset_area) refers to tempstk.o(.text) for __temporary_stack_top
    sys_stackheap_outer.o(__vectab_stack_and_reset_area) refers to __main.o(!!!main) for __main
    exit.o(.text) refers to rtexit.o(.ARM.Collect$$rtexit$$00000000) for __rt_exit
    defsig_fpe_outer.o(.text) refers to defsig_fpe_inner.o(.text) for __rt_SIGFPE_inner
    defsig_fpe_outer.o(.text) refers to defsig_exit.o(.text) for __sig_exit
    defsig_fpe_formal.o(.text) refers to rt_raise.o(.text) for __rt_raise
    libinit.o(.ARM.Collect$$libinit$$00000000) refers (Special) to libinit2.o(.ARM.Collect$$libinit$$0000002E) for __rt_lib_init_alloca_1
    libinit.o(.ARM.Collect$$libinit$$00000000) refers (Special) to libinit2.o(.ARM.Collect$$libinit$$0000002C) for __rt_lib_init_argv_1
    libinit.o(.ARM.Collect$$libinit$$00000000) refers (Special) to libinit2.o(.ARM.Collect$$libinit$$0000001B) for __rt_lib_init_atexit_1
    libinit.o(.ARM.Collect$$libinit$$00000000) refers (Special) to libinit2.o(.ARM.Collect$$libinit$$00000021) for __rt_lib_init_clock_1
    libinit.o(.ARM.Collect$$libinit$$00000000) refers (Special) to libinit2.o(.ARM.Collect$$libinit$$00000032) for __rt_lib_init_cpp_1
    libinit.o(.ARM.Collect$$libinit$$00000000) refers (Special) to libinit2.o(.ARM.Collect$$libinit$$00000030) for __rt_lib_init_exceptions_1
    libinit.o(.ARM.Collect$$libinit$$00000000) refers (Special) to libinit2.o(.ARM.Collect$$libinit$$00000002) for __rt_lib_init_fp_1
    libinit.o(.ARM.Collect$$libinit$$00000000) refers (Special) to libinit2.o(.ARM.Collect$$libinit$$0000001F) for __rt_lib_init_fp_trap_1
    libinit.o(.ARM.Collect$$libinit$$00000000) refers (Special) to libinit2.o(.ARM.Collect$$libinit$$00000023) for __rt_lib_init_getenv_1
    libinit.o(.ARM.Collect$$libinit$$00000000) refers (Special) to libinit2.o(.ARM.Collect$$libinit$$0000000A) for __rt_lib_init_heap_1
    libinit.o(.ARM.Collect$$libinit$$00000000) refers (Special) to libinit2.o(.ARM.Collect$$libinit$$00000011) for __rt_lib_init_lc_collate_1
    libinit.o(.ARM.Collect$$libinit$$00000000) refers (Special) to libinit2.o(.ARM.Collect$$libinit$$00000013) for __rt_lib_init_lc_ctype_1
    libinit.o(.ARM.Collect$$libinit$$00000000) refers (Special) to libinit2.o(.ARM.Collect$$libinit$$00000015) for __rt_lib_init_lc_monetary_1
    libinit.o(.ARM.Collect$$libinit$$00000000) refers (Special) to libinit2.o(.ARM.Collect$$libinit$$00000017) for __rt_lib_init_lc_numeric_1
    libinit.o(.ARM.Collect$$libinit$$00000000) refers (Special) to libinit2.o(.ARM.Collect$$libinit$$00000019) for __rt_lib_init_lc_time_1
    libinit.o(.ARM.Collect$$libinit$$00000000) refers (Special) to libinit2.o(.ARM.Collect$$libinit$$00000004) for __rt_lib_init_preinit_1
    libinit.o(.ARM.Collect$$libinit$$00000000) refers (Special) to libinit2.o(.ARM.Collect$$libinit$$0000000E) for __rt_lib_init_rand_1
    libinit.o(.ARM.Collect$$libinit$$00000000) refers (Special) to libinit2.o(.ARM.Collect$$libinit$$00000033) for __rt_lib_init_return
    libinit.o(.ARM.Collect$$libinit$$00000000) refers (Special) to libinit2.o(.ARM.Collect$$libinit$$0000001D) for __rt_lib_init_signal_1
    libinit.o(.ARM.Collect$$libinit$$00000000) refers (Special) to libinit2.o(.ARM.Collect$$libinit$$00000025) for __rt_lib_init_stdio_1
    libinit.o(.ARM.Collect$$libinit$$00000000) refers (Special) to libinit2.o(.ARM.Collect$$libinit$$0000000C) for __rt_lib_init_user_alloc_1
    libspace.o(.text) refers to libspace.o(.bss) for __libspace_start
    rtexit.o(.ARM.Collect$$rtexit$$00000000) refers (Special) to rtexit2.o(.ARM.Collect$$rtexit$$00000004) for __rt_exit_exit
    rtexit.o(.ARM.Collect$$rtexit$$00000000) refers (Special) to rtexit2.o(.ARM.Collect$$rtexit$$00000003) for __rt_exit_ls
    rtexit.o(.ARM.Collect$$rtexit$$00000000) refers (Special) to rtexit2.o(.ARM.Collect$$rtexit$$00000002) for __rt_exit_prels_1
    rtexit.o(.ARM.exidx) refers (Special) to rtexit2.o(.ARM.Collect$$rtexit$$00000004) for __rt_exit_exit
    rtexit.o(.ARM.exidx) refers (Special) to rtexit2.o(.ARM.Collect$$rtexit$$00000003) for __rt_exit_ls
    rtexit.o(.ARM.exidx) refers (Special) to rtexit2.o(.ARM.Collect$$rtexit$$00000002) for __rt_exit_prels_1
    rtexit.o(.ARM.exidx) refers to rtexit.o(.ARM.Collect$$rtexit$$00000000) for .ARM.Collect$$rtexit$$00000000
    rt_raise.o(.text) refers to __raise.o(.text) for __raise
    rt_raise.o(.text) refers to sys_exit.o(.text) for _sys_exit
    defsig_exit.o(.text) refers to sys_exit.o(.text) for _sys_exit
    defsig_fpe_inner.o(.text) refers to defsig_general.o(.text) for __default_signal_display
    libinit2.o(.ARM.Collect$$libinit$$00000010) refers to libinit2.o(.ARM.Collect$$libinit$$0000000F) for .ARM.Collect$$libinit$$0000000F
    libinit2.o(.ARM.Collect$$libinit$$00000012) refers to libinit2.o(.ARM.Collect$$libinit$$0000000F) for .ARM.Collect$$libinit$$0000000F
    libinit2.o(.ARM.Collect$$libinit$$00000014) refers to libinit2.o(.ARM.Collect$$libinit$$0000000F) for .ARM.Collect$$libinit$$0000000F
    libinit2.o(.ARM.Collect$$libinit$$00000016) refers to libinit2.o(.ARM.Collect$$libinit$$0000000F) for .ARM.Collect$$libinit$$0000000F
    libinit2.o(.ARM.Collect$$libinit$$00000018) refers to libinit2.o(.ARM.Collect$$libinit$$0000000F) for .ARM.Collect$$libinit$$0000000F
    libinit2.o(.ARM.Collect$$libinit$$00000026) refers to argv_veneer.o(.text) for __ARM_argv_veneer
    libinit2.o(.ARM.Collect$$libinit$$00000027) refers to argv_veneer.o(.text) for __ARM_argv_veneer
    sys_exit.o(.text) refers (Special) to use_no_semi.o(.text) for __I$use$semihosting
    sys_exit.o(.text) refers (Special) to indicate_semi.o(.text) for __semihosting_library_function
    rtexit2.o(.ARM.Collect$$rtexit$$00000003) refers to libshutdown.o(.ARM.Collect$$libshutdown$$00000000) for __rt_lib_shutdown
    rtexit2.o(.ARM.Collect$$rtexit$$00000004) refers to sys_exit.o(.text) for _sys_exit
    rtexit2.o(.ARM.exidx) refers to rtexit2.o(.ARM.Collect$$rtexit$$00000001) for .ARM.Collect$$rtexit$$00000001
    rtexit2.o(.ARM.exidx) refers to rtexit2.o(.ARM.Collect$$rtexit$$00000003) for .ARM.Collect$$rtexit$$00000003
    rtexit2.o(.ARM.exidx) refers to rtexit2.o(.ARM.Collect$$rtexit$$00000004) for .ARM.Collect$$rtexit$$00000004
    __raise.o(.text) refers to defsig.o(CL$$defsig) for __default_signal_handler
    defsig_general.o(.text) refers to sys_wrch.o(.text) for _ttywrch
    sys_wrch.o(.text) refers (Special) to use_no_semi.o(.text) for __I$use$semihosting
    sys_wrch.o(.text) refers (Special) to indicate_semi.o(.text) for __semihosting_library_function
    defsig.o(CL$$defsig) refers to defsig_fpe_inner.o(.text) for __rt_SIGFPE_inner
    defsig.o(CL$$defsig) refers to defsig_rtmem_inner.o(.text) for __rt_SIGRTMEM_inner
    _get_argv_nomalloc.o(.text) refers (Special) to hrguard.o(.text) for __heap_region$guard
    _get_argv_nomalloc.o(.text) refers to defsig_rtmem_outer.o(.text) for __rt_SIGRTMEM
    _get_argv_nomalloc.o(.text) refers to sys_command.o(.text) for _sys_command_string
    libshutdown.o(.ARM.Collect$$libshutdown$$00000000) refers (Special) to libshutdown2.o(.ARM.Collect$$libshutdown$$00000006) for __rt_lib_shutdown_fp_trap_1
    libshutdown.o(.ARM.Collect$$libshutdown$$00000000) refers (Special) to libshutdown2.o(.ARM.Collect$$libshutdown$$0000000E) for __rt_lib_shutdown_heap_1
    libshutdown.o(.ARM.Collect$$libshutdown$$00000000) refers (Special) to libshutdown2.o(.ARM.Collect$$libshutdown$$0000000F) for __rt_lib_shutdown_return
    libshutdown.o(.ARM.Collect$$libshutdown$$00000000) refers (Special) to libshutdown2.o(.ARM.Collect$$libshutdown$$00000009) for __rt_lib_shutdown_signal_1
    libshutdown.o(.ARM.Collect$$libshutdown$$00000000) refers (Special) to libshutdown2.o(.ARM.Collect$$libshutdown$$00000003) for __rt_lib_shutdown_stdio_1
    libshutdown.o(.ARM.Collect$$libshutdown$$00000000) refers (Special) to libshutdown2.o(.ARM.Collect$$libshutdown$$0000000B) for __rt_lib_shutdown_user_alloc_1
    sys_command.o(.text) refers (Special) to use_no_semi.o(.text) for __I$use$semihosting
    sys_command.o(.text) refers (Special) to indicate_semi.o(.text) for __semihosting_library_function
    defsig_abrt_inner.o(.text) refers to defsig_general.o(.text) for __default_signal_display
    defsig_rtred_inner.o(.text) refers to defsig_general.o(.text) for __default_signal_display
    defsig_rtmem_inner.o(.text) refers to defsig_general.o(.text) for __default_signal_display
    defsig_rtmem_outer.o(.text) refers to defsig_rtmem_inner.o(.text) for __rt_SIGRTMEM_inner
    defsig_rtmem_outer.o(.text) refers to defsig_exit.o(.text) for __sig_exit
    defsig_rtmem_formal.o(.text) refers to rt_raise.o(.text) for __rt_raise
    defsig_stak_inner.o(.text) refers to defsig_general.o(.text) for __default_signal_display
    defsig_pvfn_inner.o(.text) refers to defsig_general.o(.text) for __default_signal_display
    defsig_cppl_inner.o(.text) refers to defsig_general.o(.text) for __default_signal_display
    defsig_segv_inner.o(.text) refers to defsig_general.o(.text) for __default_signal_display
    defsig_other.o(.text) refers to defsig_general.o(.text) for __default_signal_display


==============================================================================

Removing Unused input sections from the image.

    Removing CallBackFunction.o(.rev16_text), (4 bytes).
    Removing CallBackFunction.o(.revsh_text), (4 bytes).
    Removing CompCtrlDefine.o(.rev16_text), (4 bytes).
    Removing CompCtrlDefine.o(.revsh_text), (4 bytes).
    Removing main.o(.rev16_text), (4 bytes).
    Removing main.o(.revsh_text), (4 bytes).
    Removing sc32f1xxx_gpio.o(.rev16_text), (4 bytes).
    Removing sc32f1xxx_gpio.o(.revsh_text), (4 bytes).
    Removing sc32f1xxx_gpio.o(i.GPIO_DeInit), (32 bytes).
    Removing sc32f1xxx_gpio.o(i.GPIO_ReadData), (6 bytes).
    Removing sc32f1xxx_gpio.o(i.GPIO_ReadDataBit), (10 bytes).
    Removing sc32f1xxx_gpio.o(i.GPIO_ResetBits), (30 bytes).
    Removing sc32f1xxx_gpio.o(i.GPIO_SetBits), (30 bytes).
    Removing sc32f1xxx_gpio.o(i.GPIO_SetDriveLevel), (40 bytes).
    Removing sc32f1xxx_gpio.o(i.GPIO_TogglePins), (34 bytes).
    Removing sc32f1xxx_gpio.o(i.GPIO_Write), (4 bytes).
    Removing sc32f1xxx_gpio.o(i.GPIO_WriteBit), (16 bytes).
    Removing sc32f1xxx_option.o(.rev16_text), (4 bytes).
    Removing sc32f1xxx_option.o(.revsh_text), (4 bytes).
    Removing sc32f1xxx_option.o(i.OPTION_IAPPORA), (20 bytes).
    Removing sc32f1xxx_option.o(i.OPTION_IAPPORB), (20 bytes).
    Removing sc32f1xxx_option.o(i.OPTION_JTAGCmd), (32 bytes).
    Removing sc32f1xxx_option.o(i.OPTION_LVRConfig), (28 bytes).
    Removing sc32f1xxx_option.o(i.OPTION_WDTCmd), (32 bytes).
    Removing sc32f1xxx_rcc.o(.rev16_text), (4 bytes).
    Removing sc32f1xxx_rcc.o(.revsh_text), (4 bytes).
    Removing sc32f1xxx_rcc.o(i.RCC_AHBPeriphClockCmd), (24 bytes).
    Removing sc32f1xxx_rcc.o(i.RCC_AHBPeriphResetCmd), (24 bytes).
    Removing sc32f1xxx_rcc.o(i.RCC_APB0PeriphResetCmd), (24 bytes).
    Removing sc32f1xxx_rcc.o(i.RCC_APB1Cmd), (28 bytes).
    Removing sc32f1xxx_rcc.o(i.RCC_APB1Config), (24 bytes).
    Removing sc32f1xxx_rcc.o(i.RCC_APB1PeriphClockCmd), (24 bytes).
    Removing sc32f1xxx_rcc.o(i.RCC_APB1PeriphResetCmd), (24 bytes).
    Removing sc32f1xxx_rcc.o(i.RCC_APB2Cmd), (28 bytes).
    Removing sc32f1xxx_rcc.o(i.RCC_APB2Config), (24 bytes).
    Removing sc32f1xxx_rcc.o(i.RCC_APB2PeriphClockCmd), (24 bytes).
    Removing sc32f1xxx_rcc.o(i.RCC_APB2PeriphResetCmd), (24 bytes).
    Removing sc32f1xxx_rcc.o(i.RCC_BTMCLKConfig), (32 bytes).
    Removing sc32f1xxx_rcc.o(i.RCC_DeInit), (28 bytes).
    Removing sc32f1xxx_rcc.o(i.RCC_GetClocksFreq), (176 bytes).
    Removing sc32f1xxx_rcc.o(i.RCC_GetFlagStatus), (20 bytes).
    Removing sc32f1xxx_rcc.o(i.RCC_GetSYSCLKSource), (32 bytes).
    Removing sc32f1xxx_rcc.o(i.RCC_LCDLEDCLKConfig), (32 bytes).
    Removing sc32f1xxx_rcc.o(i.RCC_NMICmd), (32 bytes).
    Removing sc32f1xxx_rcc.o(i.RCC_PLLCmd), (36 bytes).
    Removing sc32f1xxx_rcc.o(i.RCC_PLLConfig), (56 bytes).
    Removing sc32f1xxx_rcc.o(i.RCC_PLLRCmd), (36 bytes).
    Removing sc32f1xxx_rcc.o(i.RCC_SystickGetFlagStatus), (20 bytes).
    Removing sc32f1xxx_rcc.o(i.RCC_WaitConfig), (36 bytes).
    Removing sc32f1xxx_twi.o(.rev16_text), (4 bytes).
    Removing sc32f1xxx_twi.o(.revsh_text), (4 bytes).
    Removing sc32f1xxx_twi.o(i.TWI_AcknowledgeConfig), (24 bytes).
    Removing sc32f1xxx_twi.o(i.TWI_DeInit), (60 bytes).
    Removing sc32f1xxx_twi.o(i.TWI_GeneralCallCmd), (24 bytes).
    Removing sc32f1xxx_twi.o(i.TWI_GetNbytes), (8 bytes).
    Removing sc32f1xxx_twi.o(i.TWI_GetStateMachine), (10 bytes).
    Removing sc32f1xxx_twi.o(i.TWI_ReceiveData), (6 bytes).
    Removing sc32f1xxx_twi.o(i.TWI_Send7bitAddress), (22 bytes).
    Removing sc32f1xxx_twi.o(i.TWI_SetNbytes), (6 bytes).
    Removing sc32f1xxx_twi.o(i.TWI_StretchClockConfig), (24 bytes).
    Removing sc32f1xxx_twi.o(i.TWI_StructInit), (16 bytes).
    Removing SC_Init.o(.rev16_text), (4 bytes).
    Removing SC_Init.o(.revsh_text), (4 bytes).
    Removing SC_Init.o(i.SC_ACMP_Init), (2 bytes).
    Removing SC_Init.o(i.SC_ADC_Init), (2 bytes).
    Removing SC_Init.o(i.SC_BTM_Init), (2 bytes).
    Removing SC_Init.o(i.SC_CRC_Init), (2 bytes).
    Removing SC_Init.o(i.SC_DMA0_Init), (2 bytes).
    Removing SC_Init.o(i.SC_DMA1_Init), (2 bytes).
    Removing SC_Init.o(i.SC_DMA2_Init), (2 bytes).
    Removing SC_Init.o(i.SC_DMA3_Init), (2 bytes).
    Removing SC_Init.o(i.SC_GPIO_Init), (2 bytes).
    Removing SC_Init.o(i.SC_IAP_Init), (2 bytes).
    Removing SC_Init.o(i.SC_INT_Init), (2 bytes).
    Removing SC_Init.o(i.SC_LCD_Init), (2 bytes).
    Removing SC_Init.o(i.SC_LEDPWM_Init), (2 bytes).
    Removing SC_Init.o(i.SC_LED_Init), (2 bytes).
    Removing SC_Init.o(i.SC_NVIC_Init), (2 bytes).
    Removing SC_Init.o(i.SC_PWM0_Init), (2 bytes).
    Removing SC_Init.o(i.SC_PWR_Init), (2 bytes).
    Removing SC_Init.o(i.SC_SPI0_Init), (2 bytes).
    Removing SC_Init.o(i.SC_SPI1_Init), (2 bytes).
    Removing SC_Init.o(i.SC_TIM0_Init), (2 bytes).
    Removing SC_Init.o(i.SC_TIM1_Init), (2 bytes).
    Removing SC_Init.o(i.SC_TIM2_Init), (2 bytes).
    Removing SC_Init.o(i.SC_TIM3_Init), (2 bytes).
    Removing SC_Init.o(i.SC_TIM4_Init), (2 bytes).
    Removing SC_Init.o(i.SC_TIM5_Init), (2 bytes).
    Removing SC_Init.o(i.SC_TIM6_Init), (2 bytes).
    Removing SC_Init.o(i.SC_TIM7_Init), (2 bytes).
    Removing SC_Init.o(i.SC_TWI1_Init), (2 bytes).
    Removing SC_Init.o(i.SC_UART0_Init), (2 bytes).
    Removing SC_Init.o(i.SC_UART1_Init), (2 bytes).
    Removing SC_Init.o(i.SC_UART2_Init), (2 bytes).
    Removing SC_Init.o(i.SC_UART3_Init), (2 bytes).
    Removing SC_Init.o(i.SC_WDT_Init), (2 bytes).
    Removing SC_it.o(.rev16_text), (4 bytes).
    Removing SC_it.o(.revsh_text), (4 bytes).
    Removing SysFunVarDefine.o(.rev16_text), (4 bytes).
    Removing SysFunVarDefine.o(.revsh_text), (4 bytes).
    Removing SysFunVarDefine.o(i.delay), (12 bytes).
    Removing SysFunVarDefine.o(.constdata), (224 bytes).
    Removing SysFunVarDefine.o(.data), (1 bytes).
    Removing SysFunVarDefine.o(.data), (1 bytes).
    Removing system_sc32f1xxx.o(.rev16_text), (4 bytes).
    Removing system_sc32f1xxx.o(.revsh_text), (4 bytes).

106 unused section(s) (total 1734 bytes) removed from the image.

==============================================================================

Image Symbol Table

    Local Symbols

    Symbol Name                              Value     Ov Type        Size  Object(Section)

    ../clib/angel/boardlib.s                 0x00000000   Number         0  boardinit2.o ABSOLUTE
    ../clib/angel/boardlib.s                 0x00000000   Number         0  boardshut.o ABSOLUTE
    ../clib/angel/boardlib.s                 0x00000000   Number         0  boardinit3.o ABSOLUTE
    ../clib/angel/boardlib.s                 0x00000000   Number         0  boardinit1.o ABSOLUTE
    ../clib/angel/handlers.s                 0x00000000   Number         0  __scatter_copy.o ABSOLUTE
    ../clib/angel/handlers.s                 0x00000000   Number         0  __scatter_zi.o ABSOLUTE
    ../clib/angel/kernel.s                   0x00000000   Number         0  rtexit2.o ABSOLUTE
    ../clib/angel/kernel.s                   0x00000000   Number         0  __rtentry.o ABSOLUTE
    ../clib/angel/kernel.s                   0x00000000   Number         0  __rtentry2.o ABSOLUTE
    ../clib/angel/kernel.s                   0x00000000   Number         0  __rtentry4.o ABSOLUTE
    ../clib/angel/kernel.s                   0x00000000   Number         0  rtexit.o ABSOLUTE
    ../clib/angel/rt.s                       0x00000000   Number         0  aeabi_idiv0.o ABSOLUTE
    ../clib/angel/rt.s                       0x00000000   Number         0  aeabi_idiv0_sigfpe.o ABSOLUTE
    ../clib/angel/rt.s                       0x00000000   Number         0  rt_div0.o ABSOLUTE
    ../clib/angel/rt.s                       0x00000000   Number         0  rt_raise.o ABSOLUTE
    ../clib/angel/scatterp.s                 0x00000000   Number         0  __scatter.o ABSOLUTE
    ../clib/angel/startup.s                  0x00000000   Number         0  __main.o ABSOLUTE
    ../clib/angel/sys.s                      0x00000000   Number         0  sys_stackheap_outer.o ABSOLUTE
    ../clib/angel/sys.s                      0x00000000   Number         0  indicate_semi.o ABSOLUTE
    ../clib/angel/sys.s                      0x00000000   Number         0  use_no_semi.o ABSOLUTE
    ../clib/angel/sys.s                      0x00000000   Number         0  libspace.o ABSOLUTE
    ../clib/angel/sys.s                      0x00000000   Number         0  tempstk.o ABSOLUTE
    ../clib/angel/sysapp.c                   0x00000000   Number         0  sys_exit.o ABSOLUTE
    ../clib/angel/sysapp.c                   0x00000000   Number         0  sys_wrch.o ABSOLUTE
    ../clib/angel/sysapp.c                   0x00000000   Number         0  sys_command.o ABSOLUTE
    ../clib/armsys.c                         0x00000000   Number         0  no_argv.o ABSOLUTE
    ../clib/armsys.c                         0x00000000   Number         0  _get_argv_nomalloc.o ABSOLUTE
    ../clib/armsys.c                         0x00000000   Number         0  argv_veneer.o ABSOLUTE
    ../clib/division.s                       0x00000000   Number         0  aeabi_sdiv.o ABSOLUTE
    ../clib/division.s                       0x00000000   Number         0  aeabi_sdiv_div0.o ABSOLUTE
    ../clib/heapalloc.c                      0x00000000   Number         0  hrguard.o ABSOLUTE
    ../clib/heapaux.c                        0x00000000   Number         0  heapauxi.o ABSOLUTE
    ../clib/libinit.s                        0x00000000   Number         0  libshutdown2.o ABSOLUTE
    ../clib/libinit.s                        0x00000000   Number         0  libshutdown.o ABSOLUTE
    ../clib/libinit.s                        0x00000000   Number         0  libinit.o ABSOLUTE
    ../clib/libinit.s                        0x00000000   Number         0  libinit2.o ABSOLUTE
    ../clib/signal.c                         0x00000000   Number         0  defsig_rtred_inner.o ABSOLUTE
    ../clib/signal.c                         0x00000000   Number         0  defsig_abrt_inner.o ABSOLUTE
    ../clib/signal.c                         0x00000000   Number         0  defsig_fpe_inner.o ABSOLUTE
    ../clib/signal.c                         0x00000000   Number         0  defsig_exit.o ABSOLUTE
    ../clib/signal.c                         0x00000000   Number         0  defsig_rtmem_formal.o ABSOLUTE
    ../clib/signal.c                         0x00000000   Number         0  defsig_fpe_formal.o ABSOLUTE
    ../clib/signal.c                         0x00000000   Number         0  defsig_stak_inner.o ABSOLUTE
    ../clib/signal.c                         0x00000000   Number         0  defsig_rtmem_outer.o ABSOLUTE
    ../clib/signal.c                         0x00000000   Number         0  defsig_pvfn_inner.o ABSOLUTE
    ../clib/signal.c                         0x00000000   Number         0  defsig_segv_inner.o ABSOLUTE
    ../clib/signal.c                         0x00000000   Number         0  defsig_rtmem_inner.o ABSOLUTE
    ../clib/signal.c                         0x00000000   Number         0  defsig_general.o ABSOLUTE
    ../clib/signal.c                         0x00000000   Number         0  __raise.o ABSOLUTE
    ../clib/signal.c                         0x00000000   Number         0  defsig_other.o ABSOLUTE
    ../clib/signal.c                         0x00000000   Number         0  defsig_cppl_inner.o ABSOLUTE
    ../clib/signal.c                         0x00000000   Number         0  defsig_fpe_outer.o ABSOLUTE
    ../clib/signal.s                         0x00000000   Number         0  defsig.o ABSOLUTE
    ../clib/stdlib.c                         0x00000000   Number         0  exit.o ABSOLUTE
    ../fplib/cfplib/fpinit.c                 0x00000000   Number         0  fpinit.o ABSOLUTE
    ..\FWLib\SC32F1XXX_Lib\src\sc32f1xxx_gpio.c 0x00000000   Number         0  sc32f1xxx_gpio.o ABSOLUTE
    ..\FWLib\SC32F1XXX_Lib\src\sc32f1xxx_option.c 0x00000000   Number         0  sc32f1xxx_option.o ABSOLUTE
    ..\FWLib\SC32F1XXX_Lib\src\sc32f1xxx_rcc.c 0x00000000   Number         0  sc32f1xxx_rcc.o ABSOLUTE
    ..\FWLib\SC32F1XXX_Lib\src\sc32f1xxx_twi.c 0x00000000   Number         0  sc32f1xxx_twi.o ABSOLUTE
    ..\User\CallBackFunction.c               0x00000000   Number         0  CallBackFunction.o ABSOLUTE
    ..\User\CompCtrlDefine.c                 0x00000000   Number         0  CompCtrlDefine.o ABSOLUTE
    ..\User\SC_Init.c                        0x00000000   Number         0  SC_Init.o ABSOLUTE
    ..\User\SC_it.c                          0x00000000   Number         0  SC_it.o ABSOLUTE
    ..\User\SysFunVarDefine.c                0x00000000   Number         0  SysFunVarDefine.o ABSOLUTE
    ..\User\main.c                           0x00000000   Number         0  main.o ABSOLUTE
    ..\User\system_sc32f1xxx.c               0x00000000   Number         0  system_sc32f1xxx.o ABSOLUTE
    ..\\FWLib\\SC32F1XXX_Lib\\src\\sc32f1xxx_gpio.c 0x00000000   Number         0  sc32f1xxx_gpio.o ABSOLUTE
    ..\\FWLib\\SC32F1XXX_Lib\\src\\sc32f1xxx_option.c 0x00000000   Number         0  sc32f1xxx_option.o ABSOLUTE
    ..\\FWLib\\SC32F1XXX_Lib\\src\\sc32f1xxx_rcc.c 0x00000000   Number         0  sc32f1xxx_rcc.o ABSOLUTE
    ..\\FWLib\\SC32F1XXX_Lib\\src\\sc32f1xxx_twi.c 0x00000000   Number         0  sc32f1xxx_twi.o ABSOLUTE
    ..\\User\\CallBackFunction.c             0x00000000   Number         0  CallBackFunction.o ABSOLUTE
    ..\\User\\CompCtrlDefine.c               0x00000000   Number         0  CompCtrlDefine.o ABSOLUTE
    ..\\User\\SC_Init.c                      0x00000000   Number         0  SC_Init.o ABSOLUTE
    ..\\User\\SC_it.c                        0x00000000   Number         0  SC_it.o ABSOLUTE
    ..\\User\\SysFunVarDefine.c              0x00000000   Number         0  SysFunVarDefine.o ABSOLUTE
    ..\\User\\main.c                         0x00000000   Number         0  main.o ABSOLUTE
    ..\\User\\system_sc32f1xxx.c             0x00000000   Number         0  system_sc32f1xxx.o ABSOLUTE
    .\startup_sc32f10xx.s                    0x00000000   Number         0  startup_sc32f10xx.o ABSOLUTE
    dc.s                                     0x00000000   Number         0  dc.o ABSOLUTE
    RESET                                    0x08000000   Section      192  startup_sc32f10xx.o(RESET)
    !!!main                                  0x080000c0   Section        8  __main.o(!!!main)
    !!!scatter                               0x080000c8   Section       60  __scatter.o(!!!scatter)
    !!handler_copy                           0x08000104   Section       26  __scatter_copy.o(!!handler_copy)
    !!handler_zi                             0x08000120   Section       28  __scatter_zi.o(!!handler_zi)
    .ARM.Collect$$libinit$$00000000          0x0800013c   Section        2  libinit.o(.ARM.Collect$$libinit$$00000000)
    .ARM.Collect$$libinit$$00000002          0x0800013e   Section        0  libinit2.o(.ARM.Collect$$libinit$$00000002)
    .ARM.Collect$$libinit$$00000004          0x0800013e   Section        0  libinit2.o(.ARM.Collect$$libinit$$00000004)
    .ARM.Collect$$libinit$$0000000A          0x0800013e   Section        0  libinit2.o(.ARM.Collect$$libinit$$0000000A)
    .ARM.Collect$$libinit$$0000000C          0x0800013e   Section        0  libinit2.o(.ARM.Collect$$libinit$$0000000C)
    .ARM.Collect$$libinit$$0000000E          0x0800013e   Section        0  libinit2.o(.ARM.Collect$$libinit$$0000000E)
    .ARM.Collect$$libinit$$00000011          0x0800013e   Section        0  libinit2.o(.ARM.Collect$$libinit$$00000011)
    .ARM.Collect$$libinit$$00000013          0x0800013e   Section        0  libinit2.o(.ARM.Collect$$libinit$$00000013)
    .ARM.Collect$$libinit$$00000015          0x0800013e   Section        0  libinit2.o(.ARM.Collect$$libinit$$00000015)
    .ARM.Collect$$libinit$$00000017          0x0800013e   Section        0  libinit2.o(.ARM.Collect$$libinit$$00000017)
    .ARM.Collect$$libinit$$00000019          0x0800013e   Section        0  libinit2.o(.ARM.Collect$$libinit$$00000019)
    .ARM.Collect$$libinit$$0000001B          0x0800013e   Section        0  libinit2.o(.ARM.Collect$$libinit$$0000001B)
    .ARM.Collect$$libinit$$0000001D          0x0800013e   Section        0  libinit2.o(.ARM.Collect$$libinit$$0000001D)
    .ARM.Collect$$libinit$$0000001F          0x0800013e   Section        0  libinit2.o(.ARM.Collect$$libinit$$0000001F)
    .ARM.Collect$$libinit$$00000021          0x0800013e   Section        0  libinit2.o(.ARM.Collect$$libinit$$00000021)
    .ARM.Collect$$libinit$$00000023          0x0800013e   Section        0  libinit2.o(.ARM.Collect$$libinit$$00000023)
    .ARM.Collect$$libinit$$00000025          0x0800013e   Section        0  libinit2.o(.ARM.Collect$$libinit$$00000025)
    .ARM.Collect$$libinit$$0000002C          0x0800013e   Section        0  libinit2.o(.ARM.Collect$$libinit$$0000002C)
    .ARM.Collect$$libinit$$0000002E          0x0800013e   Section        0  libinit2.o(.ARM.Collect$$libinit$$0000002E)
    .ARM.Collect$$libinit$$00000030          0x0800013e   Section        0  libinit2.o(.ARM.Collect$$libinit$$00000030)
    .ARM.Collect$$libinit$$00000032          0x0800013e   Section        0  libinit2.o(.ARM.Collect$$libinit$$00000032)
    .ARM.Collect$$libinit$$00000033          0x0800013e   Section        2  libinit2.o(.ARM.Collect$$libinit$$00000033)
    .ARM.Collect$$libshutdown$$00000000      0x08000140   Section        2  libshutdown.o(.ARM.Collect$$libshutdown$$00000000)
    .ARM.Collect$$libshutdown$$00000003      0x08000142   Section        0  libshutdown2.o(.ARM.Collect$$libshutdown$$00000003)
    .ARM.Collect$$libshutdown$$00000006      0x08000142   Section        0  libshutdown2.o(.ARM.Collect$$libshutdown$$00000006)
    .ARM.Collect$$libshutdown$$00000009      0x08000142   Section        0  libshutdown2.o(.ARM.Collect$$libshutdown$$00000009)
    .ARM.Collect$$libshutdown$$0000000B      0x08000142   Section        0  libshutdown2.o(.ARM.Collect$$libshutdown$$0000000B)
    .ARM.Collect$$libshutdown$$0000000E      0x08000142   Section        0  libshutdown2.o(.ARM.Collect$$libshutdown$$0000000E)
    .ARM.Collect$$libshutdown$$0000000F      0x08000142   Section        2  libshutdown2.o(.ARM.Collect$$libshutdown$$0000000F)
    .ARM.Collect$$rtentry$$00000000          0x08000144   Section        0  __rtentry.o(.ARM.Collect$$rtentry$$00000000)
    .ARM.Collect$$rtentry$$00000002          0x08000144   Section        0  __rtentry2.o(.ARM.Collect$$rtentry$$00000002)
    .ARM.Collect$$rtentry$$00000004          0x08000144   Section        6  __rtentry4.o(.ARM.Collect$$rtentry$$00000004)
    .ARM.Collect$$rtentry$$00000009          0x0800014a   Section        0  __rtentry2.o(.ARM.Collect$$rtentry$$00000009)
    .ARM.Collect$$rtentry$$0000000A          0x0800014a   Section        4  __rtentry2.o(.ARM.Collect$$rtentry$$0000000A)
    .ARM.Collect$$rtentry$$0000000C          0x0800014e   Section        0  __rtentry2.o(.ARM.Collect$$rtentry$$0000000C)
    .ARM.Collect$$rtentry$$0000000D          0x0800014e   Section        8  __rtentry2.o(.ARM.Collect$$rtentry$$0000000D)
    .ARM.Collect$$rtexit$$00000000           0x08000156   Section        2  rtexit.o(.ARM.Collect$$rtexit$$00000000)
    .ARM.Collect$$rtexit$$00000002           0x08000158   Section        0  rtexit2.o(.ARM.Collect$$rtexit$$00000002)
    .ARM.Collect$$rtexit$$00000003           0x08000158   Section        4  rtexit2.o(.ARM.Collect$$rtexit$$00000003)
    .ARM.Collect$$rtexit$$00000004           0x0800015c   Section        6  rtexit2.o(.ARM.Collect$$rtexit$$00000004)
    .text                                    0x08000164   Section      132  startup_sc32f10xx.o(.text)
    .text                                    0x080001e8   Section      346  aeabi_sdiv.o(.text)
    .text                                    0x08000342   Section        0  heapauxi.o(.text)
    .text                                    0x08000348   Section       62  sys_stackheap_outer.o(.text)
    .text                                    0x08000386   Section        0  exit.o(.text)
    .text                                    0x08000394   Section        8  libspace.o(.text)
    .text                                    0x0800039c   Section        0  sys_exit.o(.text)
    .text                                    0x080003a8   Section        2  use_no_semi.o(.text)
    .text                                    0x080003aa   Section        0  indicate_semi.o(.text)
    i.ADC_IRQHandler                         0x080003aa   Section        0  SC_it.o(i.ADC_IRQHandler)
    i.BTM_IRQHandler                         0x080003ac   Section        0  SC_it.o(i.BTM_IRQHandler)
    i.CMP_IRQHandler                         0x080003ae   Section        0  SC_it.o(i.CMP_IRQHandler)
    i.DMA0_IRQHandler                        0x080003b0   Section        0  SC_it.o(i.DMA0_IRQHandler)
    i.DMA1_IRQHandler                        0x080003b2   Section        0  SC_it.o(i.DMA1_IRQHandler)
    i.DMA2_IRQHandler                        0x080003b4   Section        0  SC_it.o(i.DMA2_IRQHandler)
    i.DMA3_IRQHandler                        0x080003b6   Section        0  SC_it.o(i.DMA3_IRQHandler)
    i.GPIO_Init                              0x080003b8   Section        0  sc32f1xxx_gpio.o(i.GPIO_Init)
    i.INT0_IRQHandler                        0x08000418   Section        0  SC_it.o(i.INT0_IRQHandler)
    i.INT12_15_IRQHandler                    0x0800041a   Section        0  SC_it.o(i.INT12_15_IRQHandler)
    i.INT1_7_IRQHandler                      0x0800041c   Section        0  SC_it.o(i.INT1_7_IRQHandler)
    i.INT8_11_IRQHandler                     0x0800041e   Section        0  SC_it.o(i.INT8_11_IRQHandler)
    i.IcResourceInit                         0x08000420   Section        0  CompCtrlDefine.o(i.IcResourceInit)
    i.LEDPWM_IRQHandler                      0x08000428   Section        0  SC_it.o(i.LEDPWM_IRQHandler)
    i.OLED_Clear                             0x0800042a   Section        0  SysFunVarDefine.o(i.OLED_Clear)
    i.OLED_ColorTurn                         0x08000466   Section        0  SysFunVarDefine.o(i.OLED_ColorTurn)
    i.OLED_DisplayTurn                       0x08000480   Section        0  SysFunVarDefine.o(i.OLED_DisplayTurn)
    i.OLED_Display_Off                       0x080004aa   Section        0  SysFunVarDefine.o(i.OLED_Display_Off)
    i.OLED_Display_On                        0x080004c6   Section        0  SysFunVarDefine.o(i.OLED_Display_On)
    i.OLED_Init                              0x080004e2   Section        0  SysFunVarDefine.o(i.OLED_Init)
    i.OLED_Set_Pos                           0x080005de   Section        0  SysFunVarDefine.o(i.OLED_Set_Pos)
    i.OLED_ShowByte                          0x08000602   Section        0  SysFunVarDefine.o(i.OLED_ShowByte)
    i.OLED_WR_Byte                           0x08000632   Section        0  SysFunVarDefine.o(i.OLED_WR_Byte)
    i.PWM0_IRQHandler                        0x0800065c   Section        0  SC_it.o(i.PWM0_IRQHandler)
    i.RCC_APB0Cmd                            0x08000660   Section        0  sc32f1xxx_rcc.o(i.RCC_APB0Cmd)
    i.RCC_APB0Config                         0x08000678   Section        0  sc32f1xxx_rcc.o(i.RCC_APB0Config)
    i.RCC_APB0PeriphClockCmd                 0x08000690   Section        0  sc32f1xxx_rcc.o(i.RCC_APB0PeriphClockCmd)
    i.RCC_HCLKConfig                         0x080006a8   Section        0  sc32f1xxx_rcc.o(i.RCC_HCLKConfig)
    i.RCC_HIRCCmd                            0x080006c0   Section        0  sc32f1xxx_rcc.o(i.RCC_HIRCCmd)
    i.RCC_HXTCmd                             0x080006e4   Section        0  sc32f1xxx_rcc.o(i.RCC_HXTCmd)
    i.RCC_IRQHandler                         0x08000708   Section        0  SC_it.o(i.RCC_IRQHandler)
    i.RCC_ITConfig                           0x0800070c   Section        0  sc32f1xxx_rcc.o(i.RCC_ITConfig)
    i.RCC_LIRCCmd                            0x08000730   Section        0  sc32f1xxx_rcc.o(i.RCC_LIRCCmd)
    i.RCC_LXTCmd                             0x08000754   Section        0  sc32f1xxx_rcc.o(i.RCC_LXTCmd)
    i.RCC_SYSCLKConfig                       0x08000778   Section        0  sc32f1xxx_rcc.o(i.RCC_SYSCLKConfig)
    i.RCC_SystickCLKConfig                   0x0800080c   Section        0  sc32f1xxx_rcc.o(i.RCC_SystickCLKConfig)
    i.RCC_SystickCmd                         0x08000848   Section        0  sc32f1xxx_rcc.o(i.RCC_SystickCmd)
    i.RCC_SystickSetCounter                  0x08000864   Section        0  sc32f1xxx_rcc.o(i.RCC_SystickSetCounter)
    i.RCC_Unlock                             0x08000880   Section        0  sc32f1xxx_rcc.o(i.RCC_Unlock)
    i.SC_Init                                0x08000894   Section        0  SC_Init.o(i.SC_Init)
    i.SC_OPTION_Init                         0x080008a8   Section        0  SC_Init.o(i.SC_OPTION_Init)
    i.SC_RCC_Init                            0x080008c8   Section        0  SC_Init.o(i.SC_RCC_Init)
    i.SC_SYSTICK_Init                        0x0800090c   Section        0  SC_Init.o(i.SC_SYSTICK_Init)
    i.SC_TWI0_Init                           0x08000934   Section        0  SC_Init.o(i.SC_TWI0_Init)
    i.SPI0_IRQHandler                        0x080009d0   Section        0  SC_it.o(i.SPI0_IRQHandler)
    i.SPI1_IRQHandler                        0x080009d2   Section        0  SC_it.o(i.SPI1_IRQHandler)
    i.SysTick_IRQHandler                     0x080009d4   Section        0  SC_it.o(i.SysTick_IRQHandler)
    i.SystemInit                             0x080009d8   Section        0  system_sc32f1xxx.o(i.SystemInit)
    i.TIMER0_IRQHandler                      0x080009e8   Section        0  SC_it.o(i.TIMER0_IRQHandler)
    i.TIMER1_IRQHandler                      0x080009ea   Section        0  SC_it.o(i.TIMER1_IRQHandler)
    i.TIMER2_IRQHandler                      0x080009ec   Section        0  SC_it.o(i.TIMER2_IRQHandler)
    i.TIMER3_IRQHandler                      0x080009ee   Section        0  SC_it.o(i.TIMER3_IRQHandler)
    i.TIMER4_5_IRQHandler                    0x080009f0   Section        0  SC_it.o(i.TIMER4_5_IRQHandler)
    i.TIMER6_7_IRQHandler                    0x080009f2   Section        0  SC_it.o(i.TIMER6_7_IRQHandler)
    i.TWI0_IRQHandler                        0x080009f4   Section        0  SC_it.o(i.TWI0_IRQHandler)
    i.TWI1_IRQHandler                        0x08000a1c   Section        0  SC_it.o(i.TWI1_IRQHandler)
    i.TWI_ClearFlag                          0x08000a1e   Section        0  sc32f1xxx_twi.o(i.TWI_ClearFlag)
    i.TWI_Cmd                                0x08000a28   Section        0  sc32f1xxx_twi.o(i.TWI_Cmd)
    i.TWI_DMACmd                             0x08000a40   Section        0  sc32f1xxx_twi.o(i.TWI_DMACmd)
    i.TWI_GenerateSTART                      0x08000a54   Section        0  sc32f1xxx_twi.o(i.TWI_GenerateSTART)
    i.TWI_GenerateSTOP                       0x08000a6c   Section        0  sc32f1xxx_twi.o(i.TWI_GenerateSTOP)
    i.TWI_GetFlagStatus                      0x08000a84   Section        0  sc32f1xxx_twi.o(i.TWI_GetFlagStatus)
    i.TWI_ITConfig                           0x08000a92   Section        0  sc32f1xxx_twi.o(i.TWI_ITConfig)
    i.TWI_Init                               0x08000aa8   Section        0  sc32f1xxx_twi.o(i.TWI_Init)
    i.TWI_PinRemapConfig                     0x08000ad8   Section        0  sc32f1xxx_twi.o(i.TWI_PinRemapConfig)
    i.TWI_SendByte                           0x08000ae8   Section        0  SysFunVarDefine.o(i.TWI_SendByte)
    i.TWI_SendData                           0x08000b08   Section        0  sc32f1xxx_twi.o(i.TWI_SendData)
    i.TWI_Start                              0x08000b0c   Section        0  SysFunVarDefine.o(i.TWI_Start)
    i.TWI_Stop                               0x08000b38   Section        0  SysFunVarDefine.o(i.TWI_Stop)
    i.UART0_2_IRQHandler                     0x08000b58   Section        0  SC_it.o(i.UART0_2_IRQHandler)
    i.UART1_3_IRQHandler                     0x08000b5a   Section        0  SC_it.o(i.UART1_3_IRQHandler)
    i.__NVIC_SetPriority                     0x08000b5c   Section        0  SC_Init.o(i.__NVIC_SetPriority)
    __NVIC_SetPriority                       0x08000b5d   Thumb Code    60  SC_Init.o(i.__NVIC_SetPriority)
    i.main                                   0x08000ba0   Section        0  main.o(i.main)
    .data                                    0x20000000   Section        1  SysFunVarDefine.o(.data)
    .bss                                     0x20000004   Section       96  libspace.o(.bss)
    HEAP                                     0x20000068   Section      512  startup_sc32f10xx.o(HEAP)
    Heap_Mem                                 0x20000068   Data         512  startup_sc32f10xx.o(HEAP)
    STACK                                    0x20000268   Section     1024  startup_sc32f10xx.o(STACK)
    Stack_Mem                                0x20000268   Data        1024  startup_sc32f10xx.o(STACK)
    __initial_sp                             0x20000668   Data           0  startup_sc32f10xx.o(STACK)

    Global Symbols

    Symbol Name                              Value     Ov Type        Size  Object(Section)

    BuildAttributes$$THM_ISAv3M$S$PE$A:L22$X:L11$S22$IEEE1$IW$USESV6$~STKCKD$USESV7$~SHL$OSPACE$ROPI$EBA8$UX$STANDARDLIB$REQ8$PRES8$EABIv2 0x00000000   Number         0  anon$$obj.o ABSOLUTE
    __ARM_use_no_argv                        0x00000000   Number         0  main.o ABSOLUTE
    __ARM_exceptions_init                     - Undefined Weak Reference
    __alloca_initialize                       - Undefined Weak Reference
    __arm_preinit_                            - Undefined Weak Reference
    __cpp_initialize__aeabi_                  - Undefined Weak Reference
    __cxa_finalize                            - Undefined Weak Reference
    __rt_locale                               - Undefined Weak Reference
    __sigvec_lookup                           - Undefined Weak Reference
    _atexit_init                              - Undefined Weak Reference
    _call_atexit_fns                          - Undefined Weak Reference
    _clock_init                               - Undefined Weak Reference
    _fp_trap_init                             - Undefined Weak Reference
    _fp_trap_shutdown                         - Undefined Weak Reference
    _get_lc_collate                           - Undefined Weak Reference
    _get_lc_ctype                             - Undefined Weak Reference
    _get_lc_monetary                          - Undefined Weak Reference
    _get_lc_numeric                           - Undefined Weak Reference
    _get_lc_time                              - Undefined Weak Reference
    _getenv_init                              - Undefined Weak Reference
    _handle_redirection                       - Undefined Weak Reference
    _init_alloc                               - Undefined Weak Reference
    _init_user_alloc                          - Undefined Weak Reference
    _initio                                   - Undefined Weak Reference
    _rand_init                                - Undefined Weak Reference
    _signal_finish                            - Undefined Weak Reference
    _signal_init                              - Undefined Weak Reference
    _terminate_alloc                          - Undefined Weak Reference
    _terminate_user_alloc                     - Undefined Weak Reference
    _terminateio                              - Undefined Weak Reference
    __Vectors_Size                           0x000000c0   Number         0  startup_sc32f10xx.o ABSOLUTE
    __Vectors                                0x08000000   Data           4  startup_sc32f10xx.o(RESET)
    __Vectors_End                            0x080000c0   Data           0  startup_sc32f10xx.o(RESET)
    __main                                   0x080000c1   Thumb Code     8  __main.o(!!!main)
    __scatterload                            0x080000c9   Thumb Code     0  __scatter.o(!!!scatter)
    __scatterload_rt2                        0x080000c9   Thumb Code    52  __scatter.o(!!!scatter)
    __scatterload_rt2_thumb_only             0x080000c9   Thumb Code     0  __scatter.o(!!!scatter)
    __scatterload_null                       0x080000d9   Thumb Code     0  __scatter.o(!!!scatter)
    __scatterload_copy                       0x08000105   Thumb Code    26  __scatter_copy.o(!!handler_copy)
    __scatterload_zeroinit                   0x08000121   Thumb Code    28  __scatter_zi.o(!!handler_zi)
    __rt_lib_init                            0x0800013d   Thumb Code     0  libinit.o(.ARM.Collect$$libinit$$00000000)
    __rt_lib_init_alloca_1                   0x0800013f   Thumb Code     0  libinit2.o(.ARM.Collect$$libinit$$0000002E)
    __rt_lib_init_argv_1                     0x0800013f   Thumb Code     0  libinit2.o(.ARM.Collect$$libinit$$0000002C)
    __rt_lib_init_atexit_1                   0x0800013f   Thumb Code     0  libinit2.o(.ARM.Collect$$libinit$$0000001B)
    __rt_lib_init_clock_1                    0x0800013f   Thumb Code     0  libinit2.o(.ARM.Collect$$libinit$$00000021)
    __rt_lib_init_cpp_1                      0x0800013f   Thumb Code     0  libinit2.o(.ARM.Collect$$libinit$$00000032)
    __rt_lib_init_exceptions_1               0x0800013f   Thumb Code     0  libinit2.o(.ARM.Collect$$libinit$$00000030)
    __rt_lib_init_fp_1                       0x0800013f   Thumb Code     0  libinit2.o(.ARM.Collect$$libinit$$00000002)
    __rt_lib_init_fp_trap_1                  0x0800013f   Thumb Code     0  libinit2.o(.ARM.Collect$$libinit$$0000001F)
    __rt_lib_init_getenv_1                   0x0800013f   Thumb Code     0  libinit2.o(.ARM.Collect$$libinit$$00000023)
    __rt_lib_init_heap_1                     0x0800013f   Thumb Code     0  libinit2.o(.ARM.Collect$$libinit$$0000000A)
    __rt_lib_init_lc_collate_1               0x0800013f   Thumb Code     0  libinit2.o(.ARM.Collect$$libinit$$00000011)
    __rt_lib_init_lc_ctype_1                 0x0800013f   Thumb Code     0  libinit2.o(.ARM.Collect$$libinit$$00000013)
    __rt_lib_init_lc_monetary_1              0x0800013f   Thumb Code     0  libinit2.o(.ARM.Collect$$libinit$$00000015)
    __rt_lib_init_lc_numeric_1               0x0800013f   Thumb Code     0  libinit2.o(.ARM.Collect$$libinit$$00000017)
    __rt_lib_init_lc_time_1                  0x0800013f   Thumb Code     0  libinit2.o(.ARM.Collect$$libinit$$00000019)
    __rt_lib_init_preinit_1                  0x0800013f   Thumb Code     0  libinit2.o(.ARM.Collect$$libinit$$00000004)
    __rt_lib_init_rand_1                     0x0800013f   Thumb Code     0  libinit2.o(.ARM.Collect$$libinit$$0000000E)
    __rt_lib_init_return                     0x0800013f   Thumb Code     0  libinit2.o(.ARM.Collect$$libinit$$00000033)
    __rt_lib_init_signal_1                   0x0800013f   Thumb Code     0  libinit2.o(.ARM.Collect$$libinit$$0000001D)
    __rt_lib_init_stdio_1                    0x0800013f   Thumb Code     0  libinit2.o(.ARM.Collect$$libinit$$00000025)
    __rt_lib_init_user_alloc_1               0x0800013f   Thumb Code     0  libinit2.o(.ARM.Collect$$libinit$$0000000C)
    __rt_lib_shutdown                        0x08000141   Thumb Code     0  libshutdown.o(.ARM.Collect$$libshutdown$$00000000)
    __rt_lib_shutdown_fp_trap_1              0x08000143   Thumb Code     0  libshutdown2.o(.ARM.Collect$$libshutdown$$00000006)
    __rt_lib_shutdown_heap_1                 0x08000143   Thumb Code     0  libshutdown2.o(.ARM.Collect$$libshutdown$$0000000E)
    __rt_lib_shutdown_return                 0x08000143   Thumb Code     0  libshutdown2.o(.ARM.Collect$$libshutdown$$0000000F)
    __rt_lib_shutdown_signal_1               0x08000143   Thumb Code     0  libshutdown2.o(.ARM.Collect$$libshutdown$$00000009)
    __rt_lib_shutdown_stdio_1                0x08000143   Thumb Code     0  libshutdown2.o(.ARM.Collect$$libshutdown$$00000003)
    __rt_lib_shutdown_user_alloc_1           0x08000143   Thumb Code     0  libshutdown2.o(.ARM.Collect$$libshutdown$$0000000B)
    __rt_entry                               0x08000145   Thumb Code     0  __rtentry.o(.ARM.Collect$$rtentry$$00000000)
    __rt_entry_presh_1                       0x08000145   Thumb Code     0  __rtentry2.o(.ARM.Collect$$rtentry$$00000002)
    __rt_entry_sh                            0x08000145   Thumb Code     0  __rtentry4.o(.ARM.Collect$$rtentry$$00000004)
    __rt_entry_li                            0x0800014b   Thumb Code     0  __rtentry2.o(.ARM.Collect$$rtentry$$0000000A)
    __rt_entry_postsh_1                      0x0800014b   Thumb Code     0  __rtentry2.o(.ARM.Collect$$rtentry$$00000009)
    __rt_entry_main                          0x0800014f   Thumb Code     0  __rtentry2.o(.ARM.Collect$$rtentry$$0000000D)
    __rt_entry_postli_1                      0x0800014f   Thumb Code     0  __rtentry2.o(.ARM.Collect$$rtentry$$0000000C)
    __rt_exit                                0x08000157   Thumb Code     0  rtexit.o(.ARM.Collect$$rtexit$$00000000)
    __rt_exit_ls                             0x08000159   Thumb Code     0  rtexit2.o(.ARM.Collect$$rtexit$$00000003)
    __rt_exit_prels_1                        0x08000159   Thumb Code     0  rtexit2.o(.ARM.Collect$$rtexit$$00000002)
    __rt_exit_exit                           0x0800015d   Thumb Code     0  rtexit2.o(.ARM.Collect$$rtexit$$00000004)
    Reset_Handler                            0x08000165   Thumb Code    38  startup_sc32f10xx.o(.text)
    NMI_Handler                              0x0800018b   Thumb Code     2  startup_sc32f10xx.o(.text)
    HardFault_Handler                        0x0800018d   Thumb Code     2  startup_sc32f10xx.o(.text)
    MemManage_Handler                        0x0800018f   Thumb Code     2  startup_sc32f10xx.o(.text)
    BusFault_Handler                         0x08000191   Thumb Code     2  startup_sc32f10xx.o(.text)
    UsageFault_Handler                       0x08000193   Thumb Code     2  startup_sc32f10xx.o(.text)
    SVC_Handler                              0x08000195   Thumb Code     2  startup_sc32f10xx.o(.text)
    DebugMon_Handler                         0x08000197   Thumb Code     2  startup_sc32f10xx.o(.text)
    PendSV_Handler                           0x08000199   Thumb Code     2  startup_sc32f10xx.o(.text)
    TK_IRQHandler                            0x0800019d   Thumb Code     0  startup_sc32f10xx.o(.text)
    __user_initial_stackheap                 0x080001a1   Thumb Code     0  startup_sc32f10xx.o(.text)
    __aeabi_uidiv                            0x080001e9   Thumb Code     0  aeabi_sdiv.o(.text)
    __aeabi_uidivmod                         0x080001e9   Thumb Code    20  aeabi_sdiv.o(.text)
    __aeabi_idiv                             0x080001fd   Thumb Code     0  aeabi_sdiv.o(.text)
    __aeabi_idivmod                          0x080001fd   Thumb Code   326  aeabi_sdiv.o(.text)
    __use_two_region_memory                  0x08000343   Thumb Code     2  heapauxi.o(.text)
    __rt_heap_escrow$2region                 0x08000345   Thumb Code     2  heapauxi.o(.text)
    __rt_heap_expand$2region                 0x08000347   Thumb Code     2  heapauxi.o(.text)
    __user_setup_stackheap                   0x08000349   Thumb Code    62  sys_stackheap_outer.o(.text)
    exit                                     0x08000387   Thumb Code    12  exit.o(.text)
    __user_libspace                          0x08000395   Thumb Code     8  libspace.o(.text)
    __user_perproc_libspace                  0x08000395   Thumb Code     0  libspace.o(.text)
    __user_perthread_libspace                0x08000395   Thumb Code     0  libspace.o(.text)
    _sys_exit                                0x0800039d   Thumb Code     8  sys_exit.o(.text)
    __I$use$semihosting                      0x080003a9   Thumb Code     0  use_no_semi.o(.text)
    __use_no_semihosting_swi                 0x080003a9   Thumb Code     2  use_no_semi.o(.text)
    ADC_IRQHandler                           0x080003ab   Thumb Code     2  SC_it.o(i.ADC_IRQHandler)
    __semihosting_library_function           0x080003ab   Thumb Code     0  indicate_semi.o(.text)
    BTM_IRQHandler                           0x080003ad   Thumb Code     2  SC_it.o(i.BTM_IRQHandler)
    CMP_IRQHandler                           0x080003af   Thumb Code     2  SC_it.o(i.CMP_IRQHandler)
    DMA0_IRQHandler                          0x080003b1   Thumb Code     2  SC_it.o(i.DMA0_IRQHandler)
    DMA1_IRQHandler                          0x080003b3   Thumb Code     2  SC_it.o(i.DMA1_IRQHandler)
    DMA2_IRQHandler                          0x080003b5   Thumb Code     2  SC_it.o(i.DMA2_IRQHandler)
    DMA3_IRQHandler                          0x080003b7   Thumb Code     2  SC_it.o(i.DMA3_IRQHandler)
    GPIO_Init                                0x080003b9   Thumb Code    96  sc32f1xxx_gpio.o(i.GPIO_Init)
    INT0_IRQHandler                          0x08000419   Thumb Code     2  SC_it.o(i.INT0_IRQHandler)
    INT12_15_IRQHandler                      0x0800041b   Thumb Code     2  SC_it.o(i.INT12_15_IRQHandler)
    INT1_7_IRQHandler                        0x0800041d   Thumb Code     2  SC_it.o(i.INT1_7_IRQHandler)
    INT8_11_IRQHandler                       0x0800041f   Thumb Code     2  SC_it.o(i.INT8_11_IRQHandler)
    IcResourceInit                           0x08000421   Thumb Code     8  CompCtrlDefine.o(i.IcResourceInit)
    LEDPWM_IRQHandler                        0x08000429   Thumb Code     2  SC_it.o(i.LEDPWM_IRQHandler)
    OLED_Clear                               0x0800042b   Thumb Code    60  SysFunVarDefine.o(i.OLED_Clear)
    OLED_ColorTurn                           0x08000467   Thumb Code    26  SysFunVarDefine.o(i.OLED_ColorTurn)
    OLED_DisplayTurn                         0x08000481   Thumb Code    42  SysFunVarDefine.o(i.OLED_DisplayTurn)
    OLED_Display_Off                         0x080004ab   Thumb Code    28  SysFunVarDefine.o(i.OLED_Display_Off)
    OLED_Display_On                          0x080004c7   Thumb Code    28  SysFunVarDefine.o(i.OLED_Display_On)
    OLED_Init                                0x080004e3   Thumb Code   252  SysFunVarDefine.o(i.OLED_Init)
    OLED_Set_Pos                             0x080005df   Thumb Code    36  SysFunVarDefine.o(i.OLED_Set_Pos)
    OLED_ShowByte                            0x08000603   Thumb Code    48  SysFunVarDefine.o(i.OLED_ShowByte)
    OLED_WR_Byte                             0x08000633   Thumb Code    42  SysFunVarDefine.o(i.OLED_WR_Byte)
    PWM0_IRQHandler                          0x0800065d   Thumb Code     2  SC_it.o(i.PWM0_IRQHandler)
    RCC_APB0Cmd                              0x08000661   Thumb Code    20  sc32f1xxx_rcc.o(i.RCC_APB0Cmd)
    RCC_APB0Config                           0x08000679   Thumb Code    20  sc32f1xxx_rcc.o(i.RCC_APB0Config)
    RCC_APB0PeriphClockCmd                   0x08000691   Thumb Code    18  sc32f1xxx_rcc.o(i.RCC_APB0PeriphClockCmd)
    RCC_HCLKConfig                           0x080006a9   Thumb Code    20  sc32f1xxx_rcc.o(i.RCC_HCLKConfig)
    RCC_HIRCCmd                              0x080006c1   Thumb Code    30  sc32f1xxx_rcc.o(i.RCC_HIRCCmd)
    RCC_HXTCmd                               0x080006e5   Thumb Code    30  sc32f1xxx_rcc.o(i.RCC_HXTCmd)
    RCC_IRQHandler                           0x08000709   Thumb Code     2  SC_it.o(i.RCC_IRQHandler)
    RCC_ITConfig                             0x0800070d   Thumb Code    30  sc32f1xxx_rcc.o(i.RCC_ITConfig)
    RCC_LIRCCmd                              0x08000731   Thumb Code    30  sc32f1xxx_rcc.o(i.RCC_LIRCCmd)
    RCC_LXTCmd                               0x08000755   Thumb Code    32  sc32f1xxx_rcc.o(i.RCC_LXTCmd)
    RCC_SYSCLKConfig                         0x08000779   Thumb Code   138  sc32f1xxx_rcc.o(i.RCC_SYSCLKConfig)
    RCC_SystickCLKConfig                     0x0800080d   Thumb Code    50  sc32f1xxx_rcc.o(i.RCC_SystickCLKConfig)
    RCC_SystickCmd                           0x08000849   Thumb Code    22  sc32f1xxx_rcc.o(i.RCC_SystickCmd)
    RCC_SystickSetCounter                    0x08000865   Thumb Code    18  sc32f1xxx_rcc.o(i.RCC_SystickSetCounter)
    RCC_Unlock                               0x08000881   Thumb Code    16  sc32f1xxx_rcc.o(i.RCC_Unlock)
    SC_Init                                  0x08000895   Thumb Code    20  SC_Init.o(i.SC_Init)
    SC_OPTION_Init                           0x080008a9   Thumb Code    24  SC_Init.o(i.SC_OPTION_Init)
    SC_RCC_Init                              0x080008c9   Thumb Code    64  SC_Init.o(i.SC_RCC_Init)
    SC_SYSTICK_Init                          0x0800090d   Thumb Code    38  SC_Init.o(i.SC_SYSTICK_Init)
    SC_TWI0_Init                             0x08000935   Thumb Code   144  SC_Init.o(i.SC_TWI0_Init)
    SPI0_IRQHandler                          0x080009d1   Thumb Code     2  SC_it.o(i.SPI0_IRQHandler)
    SPI1_IRQHandler                          0x080009d3   Thumb Code     2  SC_it.o(i.SPI1_IRQHandler)
    SysTick_IRQHandler                       0x080009d5   Thumb Code     2  SC_it.o(i.SysTick_IRQHandler)
    SystemInit                               0x080009d9   Thumb Code    10  system_sc32f1xxx.o(i.SystemInit)
    TIMER0_IRQHandler                        0x080009e9   Thumb Code     2  SC_it.o(i.TIMER0_IRQHandler)
    TIMER1_IRQHandler                        0x080009eb   Thumb Code     2  SC_it.o(i.TIMER1_IRQHandler)
    TIMER2_IRQHandler                        0x080009ed   Thumb Code     2  SC_it.o(i.TIMER2_IRQHandler)
    TIMER3_IRQHandler                        0x080009ef   Thumb Code     2  SC_it.o(i.TIMER3_IRQHandler)
    TIMER4_5_IRQHandler                      0x080009f1   Thumb Code     2  SC_it.o(i.TIMER4_5_IRQHandler)
    TIMER6_7_IRQHandler                      0x080009f3   Thumb Code     2  SC_it.o(i.TIMER6_7_IRQHandler)
    TWI0_IRQHandler                          0x080009f5   Thumb Code    32  SC_it.o(i.TWI0_IRQHandler)
    TWI1_IRQHandler                          0x08000a1d   Thumb Code     2  SC_it.o(i.TWI1_IRQHandler)
    TWI_ClearFlag                            0x08000a1f   Thumb Code     8  sc32f1xxx_twi.o(i.TWI_ClearFlag)
    TWI_Cmd                                  0x08000a29   Thumb Code    20  sc32f1xxx_twi.o(i.TWI_Cmd)
    TWI_DMACmd                               0x08000a41   Thumb Code    20  sc32f1xxx_twi.o(i.TWI_DMACmd)
    TWI_GenerateSTART                        0x08000a55   Thumb Code    20  sc32f1xxx_twi.o(i.TWI_GenerateSTART)
    TWI_GenerateSTOP                         0x08000a6d   Thumb Code    20  sc32f1xxx_twi.o(i.TWI_GenerateSTOP)
    TWI_GetFlagStatus                        0x08000a85   Thumb Code    14  sc32f1xxx_twi.o(i.TWI_GetFlagStatus)
    TWI_ITConfig                             0x08000a93   Thumb Code    20  sc32f1xxx_twi.o(i.TWI_ITConfig)
    TWI_Init                                 0x08000aa9   Thumb Code    44  sc32f1xxx_twi.o(i.TWI_Init)
    TWI_PinRemapConfig                       0x08000ad9   Thumb Code    14  sc32f1xxx_twi.o(i.TWI_PinRemapConfig)
    TWI_SendByte                             0x08000ae9   Thumb Code    24  SysFunVarDefine.o(i.TWI_SendByte)
    TWI_SendData                             0x08000b09   Thumb Code     4  sc32f1xxx_twi.o(i.TWI_SendData)
    TWI_Start                                0x08000b0d   Thumb Code    36  SysFunVarDefine.o(i.TWI_Start)
    TWI_Stop                                 0x08000b39   Thumb Code    24  SysFunVarDefine.o(i.TWI_Stop)
    UART0_2_IRQHandler                       0x08000b59   Thumb Code     2  SC_it.o(i.UART0_2_IRQHandler)
    UART1_3_IRQHandler                       0x08000b5b   Thumb Code     2  SC_it.o(i.UART1_3_IRQHandler)
    main                                     0x08000ba1   Thumb Code    20  main.o(i.main)
    Region$$Table$$Base                      0x08000bb4   Number         0  anon$$obj.o(Region$$Table)
    Region$$Table$$Limit                     0x08000bd4   Number         0  anon$$obj.o(Region$$Table)
    TWI0Flag                                 0x20000000   Data           1  SysFunVarDefine.o(.data)
    __libspace_start                         0x20000004   Data          96  libspace.o(.bss)
    __temporary_stack_top$libspace           0x20000064   Data           0  libspace.o(.bss)



==============================================================================

Memory Map of the image

  Image Entry point : 0x080000c1

  Load Region LR_IROM1 (Base: 0x08000000, Size: 0x00000bd8, Max: 0x00040000, ABSOLUTE)

    Execution Region ER_IROM1 (Base: 0x08000000, Size: 0x00000bd4, Max: 0x00040000, ABSOLUTE)

    Base Addr    Size         Type   Attr      Idx    E Section Name        Object

    0x08000000   0x000000c0   Data   RO         1108    RESET               startup_sc32f10xx.o
    0x080000c0   0x00000008   Code   RO         1238  * !!!main             c_p.l(__main.o)
    0x080000c8   0x0000003c   Code   RO         1406    !!!scatter          c_p.l(__scatter.o)
    0x08000104   0x0000001a   Code   RO         1408    !!handler_copy      c_p.l(__scatter_copy.o)
    0x0800011e   0x00000002   PAD
    0x08000120   0x0000001c   Code   RO         1410    !!handler_zi        c_p.l(__scatter_zi.o)
    0x0800013c   0x00000002   Code   RO         1276    .ARM.Collect$$libinit$$00000000  c_p.l(libinit.o)
    0x0800013e   0x00000000   Code   RO         1290    .ARM.Collect$$libinit$$00000002  c_p.l(libinit2.o)
    0x0800013e   0x00000000   Code   RO         1292    .ARM.Collect$$libinit$$00000004  c_p.l(libinit2.o)
    0x0800013e   0x00000000   Code   RO         1295    .ARM.Collect$$libinit$$0000000A  c_p.l(libinit2.o)
    0x0800013e   0x00000000   Code   RO         1297    .ARM.Collect$$libinit$$0000000C  c_p.l(libinit2.o)
    0x0800013e   0x00000000   Code   RO         1299    .ARM.Collect$$libinit$$0000000E  c_p.l(libinit2.o)
    0x0800013e   0x00000000   Code   RO         1302    .ARM.Collect$$libinit$$00000011  c_p.l(libinit2.o)
    0x0800013e   0x00000000   Code   RO         1304    .ARM.Collect$$libinit$$00000013  c_p.l(libinit2.o)
    0x0800013e   0x00000000   Code   RO         1306    .ARM.Collect$$libinit$$00000015  c_p.l(libinit2.o)
    0x0800013e   0x00000000   Code   RO         1308    .ARM.Collect$$libinit$$00000017  c_p.l(libinit2.o)
    0x0800013e   0x00000000   Code   RO         1310    .ARM.Collect$$libinit$$00000019  c_p.l(libinit2.o)
    0x0800013e   0x00000000   Code   RO         1312    .ARM.Collect$$libinit$$0000001B  c_p.l(libinit2.o)
    0x0800013e   0x00000000   Code   RO         1314    .ARM.Collect$$libinit$$0000001D  c_p.l(libinit2.o)
    0x0800013e   0x00000000   Code   RO         1316    .ARM.Collect$$libinit$$0000001F  c_p.l(libinit2.o)
    0x0800013e   0x00000000   Code   RO         1318    .ARM.Collect$$libinit$$00000021  c_p.l(libinit2.o)
    0x0800013e   0x00000000   Code   RO         1320    .ARM.Collect$$libinit$$00000023  c_p.l(libinit2.o)
    0x0800013e   0x00000000   Code   RO         1322    .ARM.Collect$$libinit$$00000025  c_p.l(libinit2.o)
    0x0800013e   0x00000000   Code   RO         1326    .ARM.Collect$$libinit$$0000002C  c_p.l(libinit2.o)
    0x0800013e   0x00000000   Code   RO         1328    .ARM.Collect$$libinit$$0000002E  c_p.l(libinit2.o)
    0x0800013e   0x00000000   Code   RO         1330    .ARM.Collect$$libinit$$00000030  c_p.l(libinit2.o)
    0x0800013e   0x00000000   Code   RO         1332    .ARM.Collect$$libinit$$00000032  c_p.l(libinit2.o)
    0x0800013e   0x00000002   Code   RO         1333    .ARM.Collect$$libinit$$00000033  c_p.l(libinit2.o)
    0x08000140   0x00000002   Code   RO         1364    .ARM.Collect$$libshutdown$$00000000  c_p.l(libshutdown.o)
    0x08000142   0x00000000   Code   RO         1391    .ARM.Collect$$libshutdown$$00000003  c_p.l(libshutdown2.o)
    0x08000142   0x00000000   Code   RO         1394    .ARM.Collect$$libshutdown$$00000006  c_p.l(libshutdown2.o)
    0x08000142   0x00000000   Code   RO         1397    .ARM.Collect$$libshutdown$$00000009  c_p.l(libshutdown2.o)
    0x08000142   0x00000000   Code   RO         1399    .ARM.Collect$$libshutdown$$0000000B  c_p.l(libshutdown2.o)
    0x08000142   0x00000000   Code   RO         1402    .ARM.Collect$$libshutdown$$0000000E  c_p.l(libshutdown2.o)
    0x08000142   0x00000002   Code   RO         1403    .ARM.Collect$$libshutdown$$0000000F  c_p.l(libshutdown2.o)
    0x08000144   0x00000000   Code   RO         1240    .ARM.Collect$$rtentry$$00000000  c_p.l(__rtentry.o)
    0x08000144   0x00000000   Code   RO         1246    .ARM.Collect$$rtentry$$00000002  c_p.l(__rtentry2.o)
    0x08000144   0x00000006   Code   RO         1258    .ARM.Collect$$rtentry$$00000004  c_p.l(__rtentry4.o)
    0x0800014a   0x00000000   Code   RO         1248    .ARM.Collect$$rtentry$$00000009  c_p.l(__rtentry2.o)
    0x0800014a   0x00000004   Code   RO         1249    .ARM.Collect$$rtentry$$0000000A  c_p.l(__rtentry2.o)
    0x0800014e   0x00000000   Code   RO         1251    .ARM.Collect$$rtentry$$0000000C  c_p.l(__rtentry2.o)
    0x0800014e   0x00000008   Code   RO         1252    .ARM.Collect$$rtentry$$0000000D  c_p.l(__rtentry2.o)
    0x08000156   0x00000002   Code   RO         1281    .ARM.Collect$$rtexit$$00000000  c_p.l(rtexit.o)
    0x08000158   0x00000000   Code   RO         1337    .ARM.Collect$$rtexit$$00000002  c_p.l(rtexit2.o)
    0x08000158   0x00000004   Code   RO         1338    .ARM.Collect$$rtexit$$00000003  c_p.l(rtexit2.o)
    0x0800015c   0x00000006   Code   RO         1339    .ARM.Collect$$rtexit$$00000004  c_p.l(rtexit2.o)
    0x08000162   0x00000002   PAD
    0x08000164   0x00000084   Code   RO         1109    .text               startup_sc32f10xx.o
    0x080001e8   0x0000015a   Code   RO         1232    .text               c_p.l(aeabi_sdiv.o)
    0x08000342   0x00000006   Code   RO         1236    .text               c_p.l(heapauxi.o)
    0x08000348   0x0000003e   Code   RO         1262    .text               c_p.l(sys_stackheap_outer.o)
    0x08000386   0x0000000c   Code   RO         1265    .text               c_p.l(exit.o)
    0x08000392   0x00000002   PAD
    0x08000394   0x00000008   Code   RO         1277    .text               c_p.l(libspace.o)
    0x0800039c   0x0000000c   Code   RO         1334    .text               c_p.l(sys_exit.o)
    0x080003a8   0x00000002   Code   RO         1353    .text               c_p.l(use_no_semi.o)
    0x080003aa   0x00000000   Code   RO         1355    .text               c_p.l(indicate_semi.o)
    0x080003aa   0x00000002   Code   RO          932    i.ADC_IRQHandler    SC_it.o
    0x080003ac   0x00000002   Code   RO          933    i.BTM_IRQHandler    SC_it.o
    0x080003ae   0x00000002   Code   RO          934    i.CMP_IRQHandler    SC_it.o
    0x080003b0   0x00000002   Code   RO          935    i.DMA0_IRQHandler   SC_it.o
    0x080003b2   0x00000002   Code   RO          936    i.DMA1_IRQHandler   SC_it.o
    0x080003b4   0x00000002   Code   RO          937    i.DMA2_IRQHandler   SC_it.o
    0x080003b6   0x00000002   Code   RO          938    i.DMA3_IRQHandler   SC_it.o
    0x080003b8   0x00000060   Code   RO          184    i.GPIO_Init         sc32f1xxx_gpio.o
    0x08000418   0x00000002   Code   RO          939    i.INT0_IRQHandler   SC_it.o
    0x0800041a   0x00000002   Code   RO          940    i.INT12_15_IRQHandler  SC_it.o
    0x0800041c   0x00000002   Code   RO          941    i.INT1_7_IRQHandler  SC_it.o
    0x0800041e   0x00000002   Code   RO          942    i.INT8_11_IRQHandler  SC_it.o
    0x08000420   0x00000008   Code   RO          143    i.IcResourceInit    CompCtrlDefine.o
    0x08000428   0x00000002   Code   RO          943    i.LEDPWM_IRQHandler  SC_it.o
    0x0800042a   0x0000003c   Code   RO         1115    i.OLED_Clear        SysFunVarDefine.o
    0x08000466   0x0000001a   Code   RO         1116    i.OLED_ColorTurn    SysFunVarDefine.o
    0x08000480   0x0000002a   Code   RO         1117    i.OLED_DisplayTurn  SysFunVarDefine.o
    0x080004aa   0x0000001c   Code   RO         1118    i.OLED_Display_Off  SysFunVarDefine.o
    0x080004c6   0x0000001c   Code   RO         1119    i.OLED_Display_On   SysFunVarDefine.o
    0x080004e2   0x000000fc   Code   RO         1120    i.OLED_Init         SysFunVarDefine.o
    0x080005de   0x00000024   Code   RO         1121    i.OLED_Set_Pos      SysFunVarDefine.o
    0x08000602   0x00000030   Code   RO         1122    i.OLED_ShowByte     SysFunVarDefine.o
    0x08000632   0x0000002a   Code   RO         1123    i.OLED_WR_Byte      SysFunVarDefine.o
    0x0800065c   0x00000002   Code   RO          944    i.PWM0_IRQHandler   SC_it.o
    0x0800065e   0x00000002   PAD
    0x08000660   0x00000018   Code   RO          306    i.RCC_APB0Cmd       sc32f1xxx_rcc.o
    0x08000678   0x00000018   Code   RO          307    i.RCC_APB0Config    sc32f1xxx_rcc.o
    0x08000690   0x00000018   Code   RO          308    i.RCC_APB0PeriphClockCmd  sc32f1xxx_rcc.o
    0x080006a8   0x00000018   Code   RO          323    i.RCC_HCLKConfig    sc32f1xxx_rcc.o
    0x080006c0   0x00000024   Code   RO          324    i.RCC_HIRCCmd       sc32f1xxx_rcc.o
    0x080006e4   0x00000024   Code   RO          325    i.RCC_HXTCmd        sc32f1xxx_rcc.o
    0x08000708   0x00000002   Code   RO          945    i.RCC_IRQHandler    SC_it.o
    0x0800070a   0x00000002   PAD
    0x0800070c   0x00000024   Code   RO          326    i.RCC_ITConfig      sc32f1xxx_rcc.o
    0x08000730   0x00000024   Code   RO          328    i.RCC_LIRCCmd       sc32f1xxx_rcc.o
    0x08000754   0x00000024   Code   RO          329    i.RCC_LXTCmd        sc32f1xxx_rcc.o
    0x08000778   0x00000094   Code   RO          334    i.RCC_SYSCLKConfig  sc32f1xxx_rcc.o
    0x0800080c   0x0000003c   Code   RO          335    i.RCC_SystickCLKConfig  sc32f1xxx_rcc.o
    0x08000848   0x0000001c   Code   RO          336    i.RCC_SystickCmd    sc32f1xxx_rcc.o
    0x08000864   0x0000001c   Code   RO          338    i.RCC_SystickSetCounter  sc32f1xxx_rcc.o
    0x08000880   0x00000014   Code   RO          339    i.RCC_Unlock        sc32f1xxx_rcc.o
    0x08000894   0x00000014   Code   RO          685    i.SC_Init           SC_Init.o
    0x080008a8   0x00000020   Code   RO          690    i.SC_OPTION_Init    SC_Init.o
    0x080008c8   0x00000044   Code   RO          693    i.SC_RCC_Init       SC_Init.o
    0x0800090c   0x00000026   Code   RO          696    i.SC_SYSTICK_Init   SC_Init.o
    0x08000932   0x00000002   PAD
    0x08000934   0x0000009c   Code   RO          705    i.SC_TWI0_Init      SC_Init.o
    0x080009d0   0x00000002   Code   RO          946    i.SPI0_IRQHandler   SC_it.o
    0x080009d2   0x00000002   Code   RO          947    i.SPI1_IRQHandler   SC_it.o
    0x080009d4   0x00000002   Code   RO          948    i.SysTick_IRQHandler  SC_it.o
    0x080009d6   0x00000002   PAD
    0x080009d8   0x00000010   Code   RO         1212    i.SystemInit        system_sc32f1xxx.o
    0x080009e8   0x00000002   Code   RO          949    i.TIMER0_IRQHandler  SC_it.o
    0x080009ea   0x00000002   Code   RO          950    i.TIMER1_IRQHandler  SC_it.o
    0x080009ec   0x00000002   Code   RO          951    i.TIMER2_IRQHandler  SC_it.o
    0x080009ee   0x00000002   Code   RO          952    i.TIMER3_IRQHandler  SC_it.o
    0x080009f0   0x00000002   Code   RO          953    i.TIMER4_5_IRQHandler  SC_it.o
    0x080009f2   0x00000002   Code   RO          954    i.TIMER6_7_IRQHandler  SC_it.o
    0x080009f4   0x00000028   Code   RO          955    i.TWI0_IRQHandler   SC_it.o
    0x08000a1c   0x00000002   Code   RO          956    i.TWI1_IRQHandler   SC_it.o
    0x08000a1e   0x00000008   Code   RO          541    i.TWI_ClearFlag     sc32f1xxx_twi.o
    0x08000a26   0x00000002   PAD
    0x08000a28   0x00000018   Code   RO          542    i.TWI_Cmd           sc32f1xxx_twi.o
    0x08000a40   0x00000014   Code   RO          543    i.TWI_DMACmd        sc32f1xxx_twi.o
    0x08000a54   0x00000018   Code   RO          546    i.TWI_GenerateSTART  sc32f1xxx_twi.o
    0x08000a6c   0x00000018   Code   RO          547    i.TWI_GenerateSTOP  sc32f1xxx_twi.o
    0x08000a84   0x0000000e   Code   RO          548    i.TWI_GetFlagStatus  sc32f1xxx_twi.o
    0x08000a92   0x00000014   Code   RO          551    i.TWI_ITConfig      sc32f1xxx_twi.o
    0x08000aa6   0x00000002   PAD
    0x08000aa8   0x00000030   Code   RO          552    i.TWI_Init          sc32f1xxx_twi.o
    0x08000ad8   0x0000000e   Code   RO          553    i.TWI_PinRemapConfig  sc32f1xxx_twi.o
    0x08000ae6   0x00000002   PAD
    0x08000ae8   0x00000020   Code   RO         1124    i.TWI_SendByte      SysFunVarDefine.o
    0x08000b08   0x00000004   Code   RO          556    i.TWI_SendData      sc32f1xxx_twi.o
    0x08000b0c   0x0000002c   Code   RO         1125    i.TWI_Start         SysFunVarDefine.o
    0x08000b38   0x00000020   Code   RO         1126    i.TWI_Stop          SysFunVarDefine.o
    0x08000b58   0x00000002   Code   RO          957    i.UART0_2_IRQHandler  SC_it.o
    0x08000b5a   0x00000002   Code   RO          958    i.UART1_3_IRQHandler  SC_it.o
    0x08000b5c   0x00000044   Code   RO          712    i.__NVIC_SetPriority  SC_Init.o
    0x08000ba0   0x00000014   Code   RO          163    i.main              main.o
    0x08000bb4   0x00000020   Data   RO         1404    Region$$Table       anon$$obj.o


    Execution Region RW_IRAM1 (Base: 0x20000000, Size: 0x00000668, Max: 0x00002000, ABSOLUTE)

    Base Addr    Size         Type   Attr      Idx    E Section Name        Object

    0x20000000   0x00000001   Data   RW         1129    .data               SysFunVarDefine.o
    0x20000001   0x00000003   PAD
    0x20000004   0x00000060   Zero   RW         1278    .bss                c_p.l(libspace.o)
    0x20000064   0x00000004   PAD
    0x20000068   0x00000200   Zero   RW         1107    HEAP                startup_sc32f10xx.o
    0x20000268   0x00000400   Zero   RW         1106    STACK               startup_sc32f10xx.o


==============================================================================

Image component sizes


      Code (inc. data)   RO Data    RW Data    ZI Data      Debug   Object Name

         0          0          0          0          0      69128   CallBackFunction.o
         8          0          0          0          0        449   CompCtrlDefine.o
       382         32          0          0          0      12753   SC_Init.o
        92          8          0          0          0      10982   SC_it.o
       670         24          0          1          0       7116   SysFunVarDefine.o
        20          0          0          0          0        427   main.o
        96          0          0          0          0       1044   sc32f1xxx_gpio.o
       560         86          0          0          0       7870   sc32f1xxx_rcc.o
       200         16          0          0          0       5512   sc32f1xxx_twi.o
       132         64        192          0       1536        808   startup_sc32f10xx.o
        16          6          0          0          0        417   system_sc32f1xxx.o

    ----------------------------------------------------------------------
      2190        236        224          4       1536     116506   Object Totals
         0          0         32          0          0          0   (incl. Generated)
        14          0          0          3          0          0   (incl. Padding)

    ----------------------------------------------------------------------

      Code (inc. data)   RO Data    RW Data    ZI Data      Debug   Library Member Name

         8          0          0          0          0         68   __main.o
         0          0          0          0          0          0   __rtentry.o
        12          0          0          0          0          0   __rtentry2.o
         6          0          0          0          0          0   __rtentry4.o
        60          8          0          0          0          0   __scatter.o
        26          0          0          0          0          0   __scatter_copy.o
        28          0          0          0          0          0   __scatter_zi.o
       346          0          0          0          0         92   aeabi_sdiv.o
        12          0          0          0          0         64   exit.o
         6          0          0          0          0        136   heapauxi.o
         0          0          0          0          0          0   indicate_semi.o
         2          0          0          0          0          0   libinit.o
         2          0          0          0          0          0   libinit2.o
         2          0          0          0          0          0   libshutdown.o
         2          0          0          0          0          0   libshutdown2.o
         8          4          0          0         96         68   libspace.o
         2          0          0          0          0          0   rtexit.o
        10          0          0          0          0          0   rtexit2.o
        12          4          0          0          0         60   sys_exit.o
        62          0          0          0          0         80   sys_stackheap_outer.o
         2          0          0          0          0         68   use_no_semi.o

    ----------------------------------------------------------------------
       614         16          0          0        100        636   Library Totals
         6          0          0          0          4          0   (incl. Padding)

    ----------------------------------------------------------------------

      Code (inc. data)   RO Data    RW Data    ZI Data      Debug   Library Name

       608         16          0          0         96        636   c_p.l

    ----------------------------------------------------------------------
       614         16          0          0        100        636   Library Totals

    ----------------------------------------------------------------------

==============================================================================


      Code (inc. data)   RO Data    RW Data    ZI Data      Debug   

      2804        252        224          4       1636     113962   Grand Totals
      2804        252        224          4       1636     113962   ELF Image Totals
      2804        252        224          4          0          0   ROM Totals

==============================================================================

    Total RO  Size (Code + RO Data)                 3028 (   2.96kB)
    Total RW  Size (RW Data + ZI Data)              1640 (   1.60kB)
    Total ROM Size (Code + RO Data + RW Data)       3032 (   2.96kB)

==============================================================================

