Component: ARM Compiler 5.06 update 6 (build 750) Tool: armlink [4d35ed]

==============================================================================

Section Cross References

    main.o(i.main) refers to compctrldefine.o(i.IcResourceInit) for IcResourceInit
    main.o(i.main) refers to sysfunvardefine.o(i.OLED_Init) for OLED_Init
    main.o(i.main) refers to rt_memcpy.o(.emb_text) for __aeabi_memcpy4
    main.o(i.main) refers to sysfunvardefine.o(i.OLED_Showchar) for OLED_Showchar
    sc_it.o(i.TWI0_IRQHandler) refers to sc32f1xxx_twi.o(i.TWI_GetFlagStatus) for TWI_GetFlagStatus
    sc_it.o(i.TWI0_IRQHandler) refers to sc32f1xxx_twi.o(i.TWI_ClearFlag) for TWI_ClearFlag
    sc_it.o(i.TWI0_IRQHandler) refers to sysfunvardefine.o(.data) for TWI0Flag
    sc_init.o(i.SC_Init) refers to sc_init.o(i.SC_OPTION_Init) for SC_OPTION_Init
    sc_init.o(i.SC_Init) refers to sc_init.o(i.SC_RCC_Init) for SC_RCC_Init
    sc_init.o(i.SC_Init) refers to sc_init.o(i.SC_SYSTICK_Init) for SC_SYSTICK_Init
    sc_init.o(i.SC_Init) refers to sc_init.o(i.SC_TWI0_Init) for SC_TWI0_Init
    sc_init.o(i.SC_RCC_Init) refers to sc32f1xxx_rcc.o(i.RCC_Unlock) for RCC_Unlock
    sc_init.o(i.SC_RCC_Init) refers to sc32f1xxx_rcc.o(i.RCC_HXTCmd) for RCC_HXTCmd
    sc_init.o(i.SC_RCC_Init) refers to sc32f1xxx_rcc.o(i.RCC_LXTCmd) for RCC_LXTCmd
    sc_init.o(i.SC_RCC_Init) refers to sc32f1xxx_rcc.o(i.RCC_LIRCCmd) for RCC_LIRCCmd
    sc_init.o(i.SC_RCC_Init) refers to sc32f1xxx_rcc.o(i.RCC_HIRCCmd) for RCC_HIRCCmd
    sc_init.o(i.SC_RCC_Init) refers to sc32f1xxx_rcc.o(i.RCC_ITConfig) for RCC_ITConfig
    sc_init.o(i.SC_RCC_Init) refers to sc32f1xxx_rcc.o(i.RCC_SYSCLKConfig) for RCC_SYSCLKConfig
    sc_init.o(i.SC_RCC_Init) refers to sc32f1xxx_rcc.o(i.RCC_HCLKConfig) for RCC_HCLKConfig
    sc_init.o(i.SC_RCC_Init) refers to sc32f1xxx_rcc.o(i.RCC_APB0Config) for RCC_APB0Config
    sc_init.o(i.SC_RCC_Init) refers to sc32f1xxx_rcc.o(i.RCC_APB0Cmd) for RCC_APB0Cmd
    sc_init.o(i.SC_SYSTICK_Init) refers to sc32f1xxx_rcc.o(i.RCC_Unlock) for RCC_Unlock
    sc_init.o(i.SC_SYSTICK_Init) refers to sc32f1xxx_rcc.o(i.RCC_SystickCLKConfig) for RCC_SystickCLKConfig
    sc_init.o(i.SC_SYSTICK_Init) refers to sc32f1xxx_rcc.o(i.RCC_SystickSetCounter) for RCC_SystickSetCounter
    sc_init.o(i.SC_SYSTICK_Init) refers to sc_init.o(i.__NVIC_SetPriority) for __NVIC_SetPriority
    sc_init.o(i.SC_SYSTICK_Init) refers to sc32f1xxx_rcc.o(i.RCC_SystickCmd) for RCC_SystickCmd
    sc_init.o(i.SC_TWI0_Init) refers to sc32f1xxx_gpio.o(i.GPIO_Init) for GPIO_Init
    sc_init.o(i.SC_TWI0_Init) refers to sc32f1xxx_rcc.o(i.RCC_APB0PeriphClockCmd) for RCC_APB0PeriphClockCmd
    sc_init.o(i.SC_TWI0_Init) refers to sc32f1xxx_twi.o(i.TWI_Init) for TWI_Init
    sc_init.o(i.SC_TWI0_Init) refers to sc32f1xxx_twi.o(i.TWI_PinRemapConfig) for TWI_PinRemapConfig
    sc_init.o(i.SC_TWI0_Init) refers to sc32f1xxx_twi.o(i.TWI_ITConfig) for TWI_ITConfig
    sc_init.o(i.SC_TWI0_Init) refers to sc32f1xxx_twi.o(i.TWI_DMACmd) for TWI_DMACmd
    sc_init.o(i.SC_TWI0_Init) refers to sc_init.o(i.__NVIC_SetPriority) for __NVIC_SetPriority
    sc_init.o(i.SC_TWI0_Init) refers to sc32f1xxx_twi.o(i.TWI_Cmd) for TWI_Cmd
    sysfunvardefine.o(i.Function_Interface1) refers to sysfunvardefine.o(i.OLED_Showchar) for OLED_Showchar
    sysfunvardefine.o(i.Function_Interface1) refers to sysfunvardefine.o(i.OLED_Showchinese) for OLED_Showchinese
    sysfunvardefine.o(i.Function_Interface2) refers to sysfunvardefine.o(i.OLED_Showchar) for OLED_Showchar
    sysfunvardefine.o(i.Function_Interface2) refers to sysfunvardefine.o(i.OLED_Showchinese) for OLED_Showchinese
    sysfunvardefine.o(i.Function_Interface3) refers to sysfunvardefine.o(i.OLED_Showchar) for OLED_Showchar
    sysfunvardefine.o(i.Function_Interface3) refers to sysfunvardefine.o(i.OLED_Showchinese) for OLED_Showchinese
    sysfunvardefine.o(i.Function_Interface4) refers to sysfunvardefine.o(i.OLED_Showchar) for OLED_Showchar
    sysfunvardefine.o(i.Function_Interface4) refers to sysfunvardefine.o(i.OLED_Showchinese) for OLED_Showchinese
    sysfunvardefine.o(i.Menu_Interface) refers to sysfunvardefine.o(i.OLED_Showchinese) for OLED_Showchinese
    sysfunvardefine.o(i.OLED_Clear) refers to sysfunvardefine.o(i.OLED_WR_Byte) for OLED_WR_Byte
    sysfunvardefine.o(i.OLED_ColorTurn) refers to sysfunvardefine.o(i.OLED_WR_Byte) for OLED_WR_Byte
    sysfunvardefine.o(i.OLED_DisplayTurn) refers to sysfunvardefine.o(i.OLED_WR_Byte) for OLED_WR_Byte
    sysfunvardefine.o(i.OLED_Display_Off) refers to sysfunvardefine.o(i.OLED_WR_Byte) for OLED_WR_Byte
    sysfunvardefine.o(i.OLED_Display_On) refers to sysfunvardefine.o(i.OLED_WR_Byte) for OLED_WR_Byte
    sysfunvardefine.o(i.OLED_Init) refers to sysfunvardefine.o(i.OLED_WR_Byte) for OLED_WR_Byte
    sysfunvardefine.o(i.OLED_Init) refers to sysfunvardefine.o(i.OLED_Clear) for OLED_Clear
    sysfunvardefine.o(i.OLED_Init) refers to sysfunvardefine.o(i.OLED_ColorTurn) for OLED_ColorTurn
    sysfunvardefine.o(i.OLED_Init) refers to sysfunvardefine.o(i.OLED_DisplayTurn) for OLED_DisplayTurn
    sysfunvardefine.o(i.OLED_Init) refers to sysfunvardefine.o(i.OLED_Display_Off) for OLED_Display_Off
    sysfunvardefine.o(i.OLED_Init) refers to sysfunvardefine.o(i.OLED_Display_On) for OLED_Display_On
    sysfunvardefine.o(i.OLED_Set_Pos) refers to sysfunvardefine.o(i.OLED_WR_Byte) for OLED_WR_Byte
    sysfunvardefine.o(i.OLED_ShowByte) refers to sysfunvardefine.o(i.OLED_Set_Pos) for OLED_Set_Pos
    sysfunvardefine.o(i.OLED_ShowByte) refers to sysfunvardefine.o(i.OLED_WR_Byte) for OLED_WR_Byte
    sysfunvardefine.o(i.OLED_Showchar) refers to sysfunvardefine.o(i.OLED_ShowByte) for OLED_ShowByte
    sysfunvardefine.o(i.OLED_Showchar) refers to sysfunvardefine.o(.constdata) for .constdata
    sysfunvardefine.o(i.OLED_Showchinese) refers to strcmp.o(.text) for strcmp
    sysfunvardefine.o(i.OLED_Showchinese) refers to sysfunvardefine.o(i.OLED_showimage) for OLED_showimage
    sysfunvardefine.o(i.OLED_Showchinese) refers to sysfunvardefine.o(.data) for .data
    sysfunvardefine.o(i.OLED_Showstring) refers to sysfunvardefine.o(i.OLED_Showchar) for OLED_Showchar
    sysfunvardefine.o(i.OLED_WR_Byte) refers to sysfunvardefine.o(i.TWI_Start) for TWI_Start
    sysfunvardefine.o(i.OLED_WR_Byte) refers to sysfunvardefine.o(i.TWI_SendByte) for TWI_SendByte
    sysfunvardefine.o(i.OLED_WR_Byte) refers to sysfunvardefine.o(i.TWI_Stop) for TWI_Stop
    sysfunvardefine.o(i.OLED_showimage) refers to sysfunvardefine.o(i.OLED_ShowByte) for OLED_ShowByte
    sysfunvardefine.o(i.TWI_SendByte) refers to sc32f1xxx_twi.o(i.TWI_SendData) for TWI_SendData
    sysfunvardefine.o(i.TWI_SendByte) refers to sysfunvardefine.o(.data) for .data
    sysfunvardefine.o(i.TWI_Start) refers to sc32f1xxx_twi.o(i.TWI_GenerateSTART) for TWI_GenerateSTART
    sysfunvardefine.o(i.TWI_Start) refers to sysfunvardefine.o(.data) for .data
    sysfunvardefine.o(i.TWI_Stop) refers to sc32f1xxx_twi.o(i.TWI_GenerateSTOP) for TWI_GenerateSTOP
    sysfunvardefine.o(.data) refers to sysfunvardefine.o(i.Menu_Interface) for Menu_Interface
    sysfunvardefine.o(.data) refers to sysfunvardefine.o(i.Function_Interface1) for Function_Interface1
    sysfunvardefine.o(.data) refers to sysfunvardefine.o(i.Function_Interface2) for Function_Interface2
    sysfunvardefine.o(.data) refers to sysfunvardefine.o(i.Function_Interface3) for Function_Interface3
    compctrldefine.o(i.IcResourceInit) refers to sc_init.o(i.SC_Init) for SC_Init
    sc32f1xxx_twi.o(i.TWI_DeInit) refers to sc32f1xxx_rcc.o(i.RCC_APB0PeriphResetCmd) for RCC_APB0PeriphResetCmd
    sc32f1xxx_twi.o(i.TWI_DeInit) refers to sc32f1xxx_rcc.o(i.RCC_APB1PeriphResetCmd) for RCC_APB1PeriphResetCmd
    sc32f1xxx_rcc.o(i.RCC_BTMCLKConfig) refers to sc32f1xxx_rcc.o(i.RCC_Unlock) for RCC_Unlock
    sc32f1xxx_rcc.o(i.RCC_GetClocksFreq) refers to aeabi_sdiv.o(.text) for __aeabi_uidivmod
    sc32f1xxx_rcc.o(i.RCC_HIRCCmd) refers to sc32f1xxx_rcc.o(i.RCC_Unlock) for RCC_Unlock
    sc32f1xxx_rcc.o(i.RCC_HXTCmd) refers to sc32f1xxx_rcc.o(i.RCC_Unlock) for RCC_Unlock
    sc32f1xxx_rcc.o(i.RCC_ITConfig) refers to sc32f1xxx_rcc.o(i.RCC_Unlock) for RCC_Unlock
    sc32f1xxx_rcc.o(i.RCC_LCDLEDCLKConfig) refers to sc32f1xxx_rcc.o(i.RCC_Unlock) for RCC_Unlock
    sc32f1xxx_rcc.o(i.RCC_LIRCCmd) refers to sc32f1xxx_rcc.o(i.RCC_Unlock) for RCC_Unlock
    sc32f1xxx_rcc.o(i.RCC_LXTCmd) refers to sc32f1xxx_rcc.o(i.RCC_Unlock) for RCC_Unlock
    sc32f1xxx_rcc.o(i.RCC_PLLCmd) refers to sc32f1xxx_rcc.o(i.RCC_Unlock) for RCC_Unlock
    sc32f1xxx_rcc.o(i.RCC_PLLConfig) refers to sc32f1xxx_rcc.o(i.RCC_Unlock) for RCC_Unlock
    sc32f1xxx_rcc.o(i.RCC_PLLRCmd) refers to sc32f1xxx_rcc.o(i.RCC_Unlock) for RCC_Unlock
    sc32f1xxx_rcc.o(i.RCC_SYSCLKConfig) refers to sc32f1xxx_rcc.o(i.RCC_Unlock) for RCC_Unlock
    sc32f1xxx_rcc.o(i.RCC_SYSCLKConfig) refers to aeabi_sdiv.o(.text) for __aeabi_uidivmod
    sc32f1xxx_rcc.o(i.RCC_SystickCLKConfig) refers to sc32f1xxx_rcc.o(i.RCC_Unlock) for RCC_Unlock
    sc32f1xxx_rcc.o(i.RCC_WaitConfig) refers to sc32f1xxx_rcc.o(i.RCC_Unlock) for RCC_Unlock
    startup_sc32f10xx.o(STACK) refers (Special) to heapauxi.o(.text) for __use_two_region_memory
    startup_sc32f10xx.o(HEAP) refers (Special) to heapauxi.o(.text) for __use_two_region_memory
    startup_sc32f10xx.o(RESET) refers (Special) to heapauxi.o(.text) for __use_two_region_memory
    startup_sc32f10xx.o(RESET) refers to startup_sc32f10xx.o(STACK) for __initial_sp
    startup_sc32f10xx.o(RESET) refers to startup_sc32f10xx.o(.text) for Reset_Handler
    startup_sc32f10xx.o(RESET) refers to sc_it.o(i.SysTick_IRQHandler) for SysTick_IRQHandler
    startup_sc32f10xx.o(RESET) refers to sc_it.o(i.INT0_IRQHandler) for INT0_IRQHandler
    startup_sc32f10xx.o(RESET) refers to sc_it.o(i.INT1_7_IRQHandler) for INT1_7_IRQHandler
    startup_sc32f10xx.o(RESET) refers to sc_it.o(i.INT8_11_IRQHandler) for INT8_11_IRQHandler
    startup_sc32f10xx.o(RESET) refers to sc_it.o(i.INT12_15_IRQHandler) for INT12_15_IRQHandler
    startup_sc32f10xx.o(RESET) refers to sc_it.o(i.RCC_IRQHandler) for RCC_IRQHandler
    startup_sc32f10xx.o(RESET) refers to sc_it.o(i.BTM_IRQHandler) for BTM_IRQHandler
    startup_sc32f10xx.o(RESET) refers to sc_it.o(i.UART0_2_IRQHandler) for UART0_2_IRQHandler
    startup_sc32f10xx.o(RESET) refers to sc_it.o(i.UART1_3_IRQHandler) for UART1_3_IRQHandler
    startup_sc32f10xx.o(RESET) refers to sc_it.o(i.SPI0_IRQHandler) for SPI0_IRQHandler
    startup_sc32f10xx.o(RESET) refers to sc_it.o(i.SPI1_IRQHandler) for SPI1_IRQHandler
    startup_sc32f10xx.o(RESET) refers to sc_it.o(i.DMA0_IRQHandler) for DMA0_IRQHandler
    startup_sc32f10xx.o(RESET) refers to sc_it.o(i.DMA1_IRQHandler) for DMA1_IRQHandler
    startup_sc32f10xx.o(RESET) refers to sc_it.o(i.DMA2_IRQHandler) for DMA2_IRQHandler
    startup_sc32f10xx.o(RESET) refers to sc_it.o(i.DMA3_IRQHandler) for DMA3_IRQHandler
    startup_sc32f10xx.o(RESET) refers to sc_it.o(i.TIMER0_IRQHandler) for TIMER0_IRQHandler
    startup_sc32f10xx.o(RESET) refers to sc_it.o(i.TIMER1_IRQHandler) for TIMER1_IRQHandler
    startup_sc32f10xx.o(RESET) refers to sc_it.o(i.TIMER2_IRQHandler) for TIMER2_IRQHandler
    startup_sc32f10xx.o(RESET) refers to sc_it.o(i.TIMER3_IRQHandler) for TIMER3_IRQHandler
    startup_sc32f10xx.o(RESET) refers to sc_it.o(i.TIMER4_5_IRQHandler) for TIMER4_5_IRQHandler
    startup_sc32f10xx.o(RESET) refers to sc_it.o(i.TIMER6_7_IRQHandler) for TIMER6_7_IRQHandler
    startup_sc32f10xx.o(RESET) refers to sc_it.o(i.PWM0_IRQHandler) for PWM0_IRQHandler
    startup_sc32f10xx.o(RESET) refers to sc_it.o(i.LEDPWM_IRQHandler) for LEDPWM_IRQHandler
    startup_sc32f10xx.o(RESET) refers to sc_it.o(i.TWI0_IRQHandler) for TWI0_IRQHandler
    startup_sc32f10xx.o(RESET) refers to sc_it.o(i.TWI1_IRQHandler) for TWI1_IRQHandler
    startup_sc32f10xx.o(RESET) refers to sc_it.o(i.ADC_IRQHandler) for ADC_IRQHandler
    startup_sc32f10xx.o(RESET) refers to sc_it.o(i.CMP_IRQHandler) for CMP_IRQHandler
    startup_sc32f10xx.o(.text) refers (Special) to heapauxi.o(.text) for __use_two_region_memory
    startup_sc32f10xx.o(.text) refers to system_sc32f1xxx.o(i.SystemInit) for SystemInit
    startup_sc32f10xx.o(.text) refers to __main.o(!!!main) for __main
    startup_sc32f10xx.o(.text) refers to startup_sc32f10xx.o(HEAP) for Heap_Mem
    startup_sc32f10xx.o(.text) refers to startup_sc32f10xx.o(STACK) for Stack_Mem
    rt_memcpy.o(.text) refers to rt_memcpy.o(.emb_text) for __aeabi_memcpy4
    __main.o(!!!main) refers to __rtentry.o(.ARM.Collect$$rtentry$$00000000) for __rt_entry
    __rtentry.o(.ARM.Collect$$rtentry$$00000000) refers (Special) to __rtentry2.o(.ARM.Collect$$rtentry$$0000000A) for __rt_entry_li
    __rtentry.o(.ARM.Collect$$rtentry$$00000000) refers (Special) to __rtentry2.o(.ARM.Collect$$rtentry$$0000000D) for __rt_entry_main
    __rtentry.o(.ARM.Collect$$rtentry$$00000000) refers (Special) to __rtentry2.o(.ARM.Collect$$rtentry$$0000000C) for __rt_entry_postli_1
    __rtentry.o(.ARM.Collect$$rtentry$$00000000) refers (Special) to __rtentry2.o(.ARM.Collect$$rtentry$$00000009) for __rt_entry_postsh_1
    __rtentry.o(.ARM.Collect$$rtentry$$00000000) refers (Special) to __rtentry2.o(.ARM.Collect$$rtentry$$00000002) for __rt_entry_presh_1
    __rtentry.o(.ARM.Collect$$rtentry$$00000000) refers (Special) to __rtentry4.o(.ARM.Collect$$rtentry$$00000004) for __rt_entry_sh
    aeabi_idiv0_sigfpe.o(.text) refers to rt_div0.o(.text) for __rt_div0
    __rtentry2.o(.ARM.Collect$$rtentry$$00000008) refers to boardinit2.o(.text) for _platform_post_stackheap_init
    __rtentry2.o(.ARM.Collect$$rtentry$$0000000A) refers to libinit.o(.ARM.Collect$$libinit$$00000000) for __rt_lib_init
    __rtentry2.o(.ARM.Collect$$rtentry$$0000000B) refers to boardinit3.o(.text) for _platform_post_lib_init
    __rtentry2.o(.ARM.Collect$$rtentry$$0000000D) refers to main.o(i.main) for main
    __rtentry2.o(.ARM.Collect$$rtentry$$0000000D) refers to exit.o(.text) for exit
    __rtentry2.o(.ARM.exidx) refers to __rtentry2.o(.ARM.Collect$$rtentry$$00000001) for .ARM.Collect$$rtentry$$00000001
    __rtentry2.o(.ARM.exidx) refers to __rtentry2.o(.ARM.Collect$$rtentry$$00000008) for .ARM.Collect$$rtentry$$00000008
    __rtentry2.o(.ARM.exidx) refers to __rtentry2.o(.ARM.Collect$$rtentry$$0000000A) for .ARM.Collect$$rtentry$$0000000A
    __rtentry2.o(.ARM.exidx) refers to __rtentry2.o(.ARM.Collect$$rtentry$$0000000B) for .ARM.Collect$$rtentry$$0000000B
    __rtentry2.o(.ARM.exidx) refers to __rtentry2.o(.ARM.Collect$$rtentry$$0000000D) for .ARM.Collect$$rtentry$$0000000D
    __rtentry4.o(.ARM.Collect$$rtentry$$00000004) refers to sys_stackheap_outer.o(.text) for __user_setup_stackheap
    __rtentry4.o(.ARM.exidx) refers to __rtentry4.o(.ARM.Collect$$rtentry$$00000004) for .ARM.Collect$$rtentry$$00000004
    rt_div0.o(.text) refers to defsig_fpe_outer.o(.text) for __rt_SIGFPE
    sys_stackheap_outer.o(.text) refers to libspace.o(.text) for __user_perproc_libspace
    sys_stackheap_outer.o(.text) refers to startup_sc32f10xx.o(.text) for __user_initial_stackheap
    sys_stackheap_outer.o(__vectab_stack_and_reset_area) refers to tempstk.o(.text) for __temporary_stack_top
    sys_stackheap_outer.o(__vectab_stack_and_reset_area) refers to __main.o(!!!main) for __main
    exit.o(.text) refers to rtexit.o(.ARM.Collect$$rtexit$$00000000) for __rt_exit
    defsig_fpe_outer.o(.text) refers to defsig_fpe_inner.o(.text) for __rt_SIGFPE_inner
    defsig_fpe_outer.o(.text) refers to defsig_exit.o(.text) for __sig_exit
    defsig_fpe_formal.o(.text) refers to rt_raise.o(.text) for __rt_raise
    libinit.o(.ARM.Collect$$libinit$$00000000) refers (Special) to libinit2.o(.ARM.Collect$$libinit$$0000002E) for __rt_lib_init_alloca_1
    libinit.o(.ARM.Collect$$libinit$$00000000) refers (Special) to libinit2.o(.ARM.Collect$$libinit$$0000002C) for __rt_lib_init_argv_1
    libinit.o(.ARM.Collect$$libinit$$00000000) refers (Special) to libinit2.o(.ARM.Collect$$libinit$$0000001B) for __rt_lib_init_atexit_1
    libinit.o(.ARM.Collect$$libinit$$00000000) refers (Special) to libinit2.o(.ARM.Collect$$libinit$$00000021) for __rt_lib_init_clock_1
    libinit.o(.ARM.Collect$$libinit$$00000000) refers (Special) to libinit2.o(.ARM.Collect$$libinit$$00000032) for __rt_lib_init_cpp_1
    libinit.o(.ARM.Collect$$libinit$$00000000) refers (Special) to libinit2.o(.ARM.Collect$$libinit$$00000030) for __rt_lib_init_exceptions_1
    libinit.o(.ARM.Collect$$libinit$$00000000) refers (Special) to libinit2.o(.ARM.Collect$$libinit$$00000002) for __rt_lib_init_fp_1
    libinit.o(.ARM.Collect$$libinit$$00000000) refers (Special) to libinit2.o(.ARM.Collect$$libinit$$0000001F) for __rt_lib_init_fp_trap_1
    libinit.o(.ARM.Collect$$libinit$$00000000) refers (Special) to libinit2.o(.ARM.Collect$$libinit$$00000023) for __rt_lib_init_getenv_1
    libinit.o(.ARM.Collect$$libinit$$00000000) refers (Special) to libinit2.o(.ARM.Collect$$libinit$$0000000A) for __rt_lib_init_heap_1
    libinit.o(.ARM.Collect$$libinit$$00000000) refers (Special) to libinit2.o(.ARM.Collect$$libinit$$00000011) for __rt_lib_init_lc_collate_1
    libinit.o(.ARM.Collect$$libinit$$00000000) refers (Special) to libinit2.o(.ARM.Collect$$libinit$$00000013) for __rt_lib_init_lc_ctype_1
    libinit.o(.ARM.Collect$$libinit$$00000000) refers (Special) to libinit2.o(.ARM.Collect$$libinit$$00000015) for __rt_lib_init_lc_monetary_1
    libinit.o(.ARM.Collect$$libinit$$00000000) refers (Special) to libinit2.o(.ARM.Collect$$libinit$$00000017) for __rt_lib_init_lc_numeric_1
    libinit.o(.ARM.Collect$$libinit$$00000000) refers (Special) to libinit2.o(.ARM.Collect$$libinit$$00000019) for __rt_lib_init_lc_time_1
    libinit.o(.ARM.Collect$$libinit$$00000000) refers (Special) to libinit2.o(.ARM.Collect$$libinit$$00000004) for __rt_lib_init_preinit_1
    libinit.o(.ARM.Collect$$libinit$$00000000) refers (Special) to libinit2.o(.ARM.Collect$$libinit$$0000000E) for __rt_lib_init_rand_1
    libinit.o(.ARM.Collect$$libinit$$00000000) refers (Special) to libinit2.o(.ARM.Collect$$libinit$$00000033) for __rt_lib_init_return
    libinit.o(.ARM.Collect$$libinit$$00000000) refers (Special) to libinit2.o(.ARM.Collect$$libinit$$0000001D) for __rt_lib_init_signal_1
    libinit.o(.ARM.Collect$$libinit$$00000000) refers (Special) to libinit2.o(.ARM.Collect$$libinit$$00000025) for __rt_lib_init_stdio_1
    libinit.o(.ARM.Collect$$libinit$$00000000) refers (Special) to libinit2.o(.ARM.Collect$$libinit$$0000000C) for __rt_lib_init_user_alloc_1
    libspace.o(.text) refers to libspace.o(.bss) for __libspace_start
    rtexit.o(.ARM.Collect$$rtexit$$00000000) refers (Special) to rtexit2.o(.ARM.Collect$$rtexit$$00000004) for __rt_exit_exit
    rtexit.o(.ARM.Collect$$rtexit$$00000000) refers (Special) to rtexit2.o(.ARM.Collect$$rtexit$$00000003) for __rt_exit_ls
    rtexit.o(.ARM.Collect$$rtexit$$00000000) refers (Special) to rtexit2.o(.ARM.Collect$$rtexit$$00000002) for __rt_exit_prels_1
    rtexit.o(.ARM.exidx) refers (Special) to rtexit2.o(.ARM.Collect$$rtexit$$00000004) for __rt_exit_exit
    rtexit.o(.ARM.exidx) refers (Special) to rtexit2.o(.ARM.Collect$$rtexit$$00000003) for __rt_exit_ls
    rtexit.o(.ARM.exidx) refers (Special) to rtexit2.o(.ARM.Collect$$rtexit$$00000002) for __rt_exit_prels_1
    rtexit.o(.ARM.exidx) refers to rtexit.o(.ARM.Collect$$rtexit$$00000000) for .ARM.Collect$$rtexit$$00000000
    rt_raise.o(.text) refers to __raise.o(.text) for __raise
    rt_raise.o(.text) refers to sys_exit.o(.text) for _sys_exit
    defsig_exit.o(.text) refers to sys_exit.o(.text) for _sys_exit
    defsig_fpe_inner.o(.text) refers to defsig_general.o(.text) for __default_signal_display
    libinit2.o(.ARM.Collect$$libinit$$00000010) refers to libinit2.o(.ARM.Collect$$libinit$$0000000F) for .ARM.Collect$$libinit$$0000000F
    libinit2.o(.ARM.Collect$$libinit$$00000012) refers to libinit2.o(.ARM.Collect$$libinit$$0000000F) for .ARM.Collect$$libinit$$0000000F
    libinit2.o(.ARM.Collect$$libinit$$00000014) refers to libinit2.o(.ARM.Collect$$libinit$$0000000F) for .ARM.Collect$$libinit$$0000000F
    libinit2.o(.ARM.Collect$$libinit$$00000016) refers to libinit2.o(.ARM.Collect$$libinit$$0000000F) for .ARM.Collect$$libinit$$0000000F
    libinit2.o(.ARM.Collect$$libinit$$00000018) refers to libinit2.o(.ARM.Collect$$libinit$$0000000F) for .ARM.Collect$$libinit$$0000000F
    libinit2.o(.ARM.Collect$$libinit$$00000026) refers to argv_veneer.o(.text) for __ARM_argv_veneer
    libinit2.o(.ARM.Collect$$libinit$$00000027) refers to argv_veneer.o(.text) for __ARM_argv_veneer
    sys_exit.o(.text) refers (Special) to use_no_semi.o(.text) for __I$use$semihosting
    sys_exit.o(.text) refers (Special) to indicate_semi.o(.text) for __semihosting_library_function
    rtexit2.o(.ARM.Collect$$rtexit$$00000003) refers to libshutdown.o(.ARM.Collect$$libshutdown$$00000000) for __rt_lib_shutdown
    rtexit2.o(.ARM.Collect$$rtexit$$00000004) refers to sys_exit.o(.text) for _sys_exit
    rtexit2.o(.ARM.exidx) refers to rtexit2.o(.ARM.Collect$$rtexit$$00000001) for .ARM.Collect$$rtexit$$00000001
    rtexit2.o(.ARM.exidx) refers to rtexit2.o(.ARM.Collect$$rtexit$$00000003) for .ARM.Collect$$rtexit$$00000003
    rtexit2.o(.ARM.exidx) refers to rtexit2.o(.ARM.Collect$$rtexit$$00000004) for .ARM.Collect$$rtexit$$00000004
    __raise.o(.text) refers to defsig.o(CL$$defsig) for __default_signal_handler
    defsig_general.o(.text) refers to sys_wrch.o(.text) for _ttywrch
    sys_wrch.o(.text) refers (Special) to use_no_semi.o(.text) for __I$use$semihosting
    sys_wrch.o(.text) refers (Special) to indicate_semi.o(.text) for __semihosting_library_function
    defsig.o(CL$$defsig) refers to defsig_fpe_inner.o(.text) for __rt_SIGFPE_inner
    defsig.o(CL$$defsig) refers to defsig_rtmem_inner.o(.text) for __rt_SIGRTMEM_inner
    _get_argv_nomalloc.o(.text) refers (Special) to hrguard.o(.text) for __heap_region$guard
    _get_argv_nomalloc.o(.text) refers to defsig_rtmem_outer.o(.text) for __rt_SIGRTMEM
    _get_argv_nomalloc.o(.text) refers to sys_command.o(.text) for _sys_command_string
    libshutdown.o(.ARM.Collect$$libshutdown$$00000000) refers (Special) to libshutdown2.o(.ARM.Collect$$libshutdown$$00000002) for __rt_lib_shutdown_cpp_1
    libshutdown.o(.ARM.Collect$$libshutdown$$00000000) refers (Special) to libshutdown2.o(.ARM.Collect$$libshutdown$$00000007) for __rt_lib_shutdown_fp_trap_1
    libshutdown.o(.ARM.Collect$$libshutdown$$00000000) refers (Special) to libshutdown2.o(.ARM.Collect$$libshutdown$$0000000F) for __rt_lib_shutdown_heap_1
    libshutdown.o(.ARM.Collect$$libshutdown$$00000000) refers (Special) to libshutdown2.o(.ARM.Collect$$libshutdown$$00000010) for __rt_lib_shutdown_return
    libshutdown.o(.ARM.Collect$$libshutdown$$00000000) refers (Special) to libshutdown2.o(.ARM.Collect$$libshutdown$$0000000A) for __rt_lib_shutdown_signal_1
    libshutdown.o(.ARM.Collect$$libshutdown$$00000000) refers (Special) to libshutdown2.o(.ARM.Collect$$libshutdown$$00000004) for __rt_lib_shutdown_stdio_1
    libshutdown.o(.ARM.Collect$$libshutdown$$00000000) refers (Special) to libshutdown2.o(.ARM.Collect$$libshutdown$$0000000C) for __rt_lib_shutdown_user_alloc_1
    sys_command.o(.text) refers (Special) to use_no_semi.o(.text) for __I$use$semihosting
    sys_command.o(.text) refers (Special) to indicate_semi.o(.text) for __semihosting_library_function
    defsig_abrt_inner.o(.text) refers to defsig_general.o(.text) for __default_signal_display
    defsig_rtred_inner.o(.text) refers to defsig_general.o(.text) for __default_signal_display
    defsig_rtmem_inner.o(.text) refers to defsig_general.o(.text) for __default_signal_display
    defsig_rtmem_outer.o(.text) refers to defsig_rtmem_inner.o(.text) for __rt_SIGRTMEM_inner
    defsig_rtmem_outer.o(.text) refers to defsig_exit.o(.text) for __sig_exit
    defsig_rtmem_formal.o(.text) refers to rt_raise.o(.text) for __rt_raise
    defsig_stak_inner.o(.text) refers to defsig_general.o(.text) for __default_signal_display
    defsig_pvfn_inner.o(.text) refers to defsig_general.o(.text) for __default_signal_display
    defsig_cppl_inner.o(.text) refers to defsig_general.o(.text) for __default_signal_display
    defsig_segv_inner.o(.text) refers to defsig_general.o(.text) for __default_signal_display
    defsig_other.o(.text) refers to defsig_general.o(.text) for __default_signal_display


==============================================================================

Removing Unused input sections from the image.

    Removing main.o(.rev16_text), (4 bytes).
    Removing main.o(.revsh_text), (4 bytes).
    Removing system_sc32f1xxx.o(.rev16_text), (4 bytes).
    Removing system_sc32f1xxx.o(.revsh_text), (4 bytes).
    Removing sc_it.o(.rev16_text), (4 bytes).
    Removing sc_it.o(.revsh_text), (4 bytes).
    Removing sc_init.o(.rev16_text), (4 bytes).
    Removing sc_init.o(.revsh_text), (4 bytes).
    Removing sc_init.o(i.SC_ACMP_Init), (2 bytes).
    Removing sc_init.o(i.SC_ADC_Init), (2 bytes).
    Removing sc_init.o(i.SC_BTM_Init), (2 bytes).
    Removing sc_init.o(i.SC_CRC_Init), (2 bytes).
    Removing sc_init.o(i.SC_DMA0_Init), (2 bytes).
    Removing sc_init.o(i.SC_DMA1_Init), (2 bytes).
    Removing sc_init.o(i.SC_DMA2_Init), (2 bytes).
    Removing sc_init.o(i.SC_DMA3_Init), (2 bytes).
    Removing sc_init.o(i.SC_GPIO_Init), (2 bytes).
    Removing sc_init.o(i.SC_IAP_Init), (2 bytes).
    Removing sc_init.o(i.SC_INT_Init), (2 bytes).
    Removing sc_init.o(i.SC_LCD_Init), (2 bytes).
    Removing sc_init.o(i.SC_LEDPWM_Init), (2 bytes).
    Removing sc_init.o(i.SC_LED_Init), (2 bytes).
    Removing sc_init.o(i.SC_NVIC_Init), (2 bytes).
    Removing sc_init.o(i.SC_PWM0_Init), (2 bytes).
    Removing sc_init.o(i.SC_PWR_Init), (2 bytes).
    Removing sc_init.o(i.SC_SPI0_Init), (2 bytes).
    Removing sc_init.o(i.SC_SPI1_Init), (2 bytes).
    Removing sc_init.o(i.SC_TIM0_Init), (2 bytes).
    Removing sc_init.o(i.SC_TIM1_Init), (2 bytes).
    Removing sc_init.o(i.SC_TIM2_Init), (2 bytes).
    Removing sc_init.o(i.SC_TIM3_Init), (2 bytes).
    Removing sc_init.o(i.SC_TIM4_Init), (2 bytes).
    Removing sc_init.o(i.SC_TIM5_Init), (2 bytes).
    Removing sc_init.o(i.SC_TIM6_Init), (2 bytes).
    Removing sc_init.o(i.SC_TIM7_Init), (2 bytes).
    Removing sc_init.o(i.SC_TWI1_Init), (2 bytes).
    Removing sc_init.o(i.SC_UART0_Init), (2 bytes).
    Removing sc_init.o(i.SC_UART1_Init), (2 bytes).
    Removing sc_init.o(i.SC_UART2_Init), (2 bytes).
    Removing sc_init.o(i.SC_UART3_Init), (2 bytes).
    Removing sc_init.o(i.SC_WDT_Init), (2 bytes).
    Removing sysfunvardefine.o(.rev16_text), (4 bytes).
    Removing sysfunvardefine.o(.revsh_text), (4 bytes).
    Removing sysfunvardefine.o(i.Function_Interface1), (84 bytes).
    Removing sysfunvardefine.o(i.Function_Interface2), (84 bytes).
    Removing sysfunvardefine.o(i.Function_Interface3), (84 bytes).
    Removing sysfunvardefine.o(i.Function_Interface4), (84 bytes).
    Removing sysfunvardefine.o(i.Menu_Interface), (24 bytes).
    Removing sysfunvardefine.o(i.OLED_Showchinese), (132 bytes).
    Removing sysfunvardefine.o(i.OLED_Showstring), (80 bytes).
    Removing sysfunvardefine.o(i.OLED_showimage), (64 bytes).
    Removing sysfunvardefine.o(i.delay), (12 bytes).
    Removing sysfunvardefine.o(.constdata), (224 bytes).
    Removing sysfunvardefine.o(.data), (1 bytes).
    Removing sysfunvardefine.o(.data), (1 bytes).
    Removing sysfunvardefine.o(.data), (4 bytes).
    Removing sysfunvardefine.o(.data), (1 bytes).
    Removing sysfunvardefine.o(.data), (48 bytes).
    Removing compctrldefine.o(.rev16_text), (4 bytes).
    Removing compctrldefine.o(.revsh_text), (4 bytes).
    Removing callbackfunction.o(.rev16_text), (4 bytes).
    Removing callbackfunction.o(.revsh_text), (4 bytes).
    Removing sc32f1xxx_twi.o(.rev16_text), (4 bytes).
    Removing sc32f1xxx_twi.o(.revsh_text), (4 bytes).
    Removing sc32f1xxx_twi.o(i.TWI_AcknowledgeConfig), (24 bytes).
    Removing sc32f1xxx_twi.o(i.TWI_DeInit), (60 bytes).
    Removing sc32f1xxx_twi.o(i.TWI_GeneralCallCmd), (24 bytes).
    Removing sc32f1xxx_twi.o(i.TWI_GetNbytes), (8 bytes).
    Removing sc32f1xxx_twi.o(i.TWI_GetStateMachine), (10 bytes).
    Removing sc32f1xxx_twi.o(i.TWI_ReceiveData), (6 bytes).
    Removing sc32f1xxx_twi.o(i.TWI_Send7bitAddress), (22 bytes).
    Removing sc32f1xxx_twi.o(i.TWI_SetNbytes), (6 bytes).
    Removing sc32f1xxx_twi.o(i.TWI_StretchClockConfig), (24 bytes).
    Removing sc32f1xxx_twi.o(i.TWI_StructInit), (16 bytes).
    Removing sc32f1xxx_option.o(.rev16_text), (4 bytes).
    Removing sc32f1xxx_option.o(.revsh_text), (4 bytes).
    Removing sc32f1xxx_option.o(i.OPTION_IAPPORA), (20 bytes).
    Removing sc32f1xxx_option.o(i.OPTION_IAPPORB), (20 bytes).
    Removing sc32f1xxx_option.o(i.OPTION_JTAGCmd), (32 bytes).
    Removing sc32f1xxx_option.o(i.OPTION_LVRConfig), (28 bytes).
    Removing sc32f1xxx_option.o(i.OPTION_WDTCmd), (32 bytes).
    Removing sc32f1xxx_rcc.o(.rev16_text), (4 bytes).
    Removing sc32f1xxx_rcc.o(.revsh_text), (4 bytes).
    Removing sc32f1xxx_rcc.o(i.RCC_AHBPeriphClockCmd), (24 bytes).
    Removing sc32f1xxx_rcc.o(i.RCC_AHBPeriphResetCmd), (24 bytes).
    Removing sc32f1xxx_rcc.o(i.RCC_APB0PeriphResetCmd), (24 bytes).
    Removing sc32f1xxx_rcc.o(i.RCC_APB1Cmd), (28 bytes).
    Removing sc32f1xxx_rcc.o(i.RCC_APB1Config), (24 bytes).
    Removing sc32f1xxx_rcc.o(i.RCC_APB1PeriphClockCmd), (24 bytes).
    Removing sc32f1xxx_rcc.o(i.RCC_APB1PeriphResetCmd), (24 bytes).
    Removing sc32f1xxx_rcc.o(i.RCC_APB2Cmd), (28 bytes).
    Removing sc32f1xxx_rcc.o(i.RCC_APB2Config), (24 bytes).
    Removing sc32f1xxx_rcc.o(i.RCC_APB2PeriphClockCmd), (24 bytes).
    Removing sc32f1xxx_rcc.o(i.RCC_APB2PeriphResetCmd), (24 bytes).
    Removing sc32f1xxx_rcc.o(i.RCC_BTMCLKConfig), (32 bytes).
    Removing sc32f1xxx_rcc.o(i.RCC_DeInit), (28 bytes).
    Removing sc32f1xxx_rcc.o(i.RCC_GetClocksFreq), (176 bytes).
    Removing sc32f1xxx_rcc.o(i.RCC_GetFlagStatus), (20 bytes).
    Removing sc32f1xxx_rcc.o(i.RCC_GetSYSCLKSource), (32 bytes).
    Removing sc32f1xxx_rcc.o(i.RCC_LCDLEDCLKConfig), (32 bytes).
    Removing sc32f1xxx_rcc.o(i.RCC_NMICmd), (32 bytes).
    Removing sc32f1xxx_rcc.o(i.RCC_PLLCmd), (36 bytes).
    Removing sc32f1xxx_rcc.o(i.RCC_PLLConfig), (56 bytes).
    Removing sc32f1xxx_rcc.o(i.RCC_PLLRCmd), (36 bytes).
    Removing sc32f1xxx_rcc.o(i.RCC_SystickGetFlagStatus), (20 bytes).
    Removing sc32f1xxx_rcc.o(i.RCC_WaitConfig), (36 bytes).
    Removing sc32f1xxx_gpio.o(.rev16_text), (4 bytes).
    Removing sc32f1xxx_gpio.o(.revsh_text), (4 bytes).
    Removing sc32f1xxx_gpio.o(i.GPIO_DeInit), (32 bytes).
    Removing sc32f1xxx_gpio.o(i.GPIO_ReadData), (6 bytes).
    Removing sc32f1xxx_gpio.o(i.GPIO_ReadDataBit), (10 bytes).
    Removing sc32f1xxx_gpio.o(i.GPIO_ResetBits), (30 bytes).
    Removing sc32f1xxx_gpio.o(i.GPIO_SetBits), (30 bytes).
    Removing sc32f1xxx_gpio.o(i.GPIO_SetDriveLevel), (40 bytes).
    Removing sc32f1xxx_gpio.o(i.GPIO_TogglePins), (34 bytes).
    Removing sc32f1xxx_gpio.o(i.GPIO_Write), (4 bytes).
    Removing sc32f1xxx_gpio.o(i.GPIO_WriteBit), (16 bytes).

117 unused section(s) (total 2423 bytes) removed from the image.

==============================================================================

Image Symbol Table

    Local Symbols

    Symbol Name                              Value     Ov Type        Size  Object(Section)

    ../clib/../cmprslib/zerorunl2.c          0x00000000   Number         0  __dczerorl2.o ABSOLUTE
    ../clib/angel/boardlib.s                 0x00000000   Number         0  boardshut.o ABSOLUTE
    ../clib/angel/boardlib.s                 0x00000000   Number         0  boardinit3.o ABSOLUTE
    ../clib/angel/boardlib.s                 0x00000000   Number         0  boardinit2.o ABSOLUTE
    ../clib/angel/boardlib.s                 0x00000000   Number         0  boardinit1.o ABSOLUTE
    ../clib/angel/handlers.s                 0x00000000   Number         0  __scatter_zi.o ABSOLUTE
    ../clib/angel/kernel.s                   0x00000000   Number         0  rtexit.o ABSOLUTE
    ../clib/angel/kernel.s                   0x00000000   Number         0  rtexit2.o ABSOLUTE
    ../clib/angel/kernel.s                   0x00000000   Number         0  __rtentry4.o ABSOLUTE
    ../clib/angel/kernel.s                   0x00000000   Number         0  __rtentry2.o ABSOLUTE
    ../clib/angel/kernel.s                   0x00000000   Number         0  __rtentry.o ABSOLUTE
    ../clib/angel/rt.s                       0x00000000   Number         0  aeabi_idiv0_sigfpe.o ABSOLUTE
    ../clib/angel/rt.s                       0x00000000   Number         0  aeabi_idiv0.o ABSOLUTE
    ../clib/angel/rt.s                       0x00000000   Number         0  rt_raise.o ABSOLUTE
    ../clib/angel/rt.s                       0x00000000   Number         0  rt_div0.o ABSOLUTE
    ../clib/angel/scatterp.s                 0x00000000   Number         0  __scatter.o ABSOLUTE
    ../clib/angel/startup.s                  0x00000000   Number         0  __main.o ABSOLUTE
    ../clib/angel/sys.s                      0x00000000   Number         0  tempstk.o ABSOLUTE
    ../clib/angel/sys.s                      0x00000000   Number         0  libspace.o ABSOLUTE
    ../clib/angel/sys.s                      0x00000000   Number         0  use_no_semi.o ABSOLUTE
    ../clib/angel/sys.s                      0x00000000   Number         0  indicate_semi.o ABSOLUTE
    ../clib/angel/sys.s                      0x00000000   Number         0  sys_stackheap_outer.o ABSOLUTE
    ../clib/angel/sysapp.c                   0x00000000   Number         0  sys_command.o ABSOLUTE
    ../clib/angel/sysapp.c                   0x00000000   Number         0  sys_wrch.o ABSOLUTE
    ../clib/angel/sysapp.c                   0x00000000   Number         0  sys_exit.o ABSOLUTE
    ../clib/armsys.c                         0x00000000   Number         0  argv_veneer.o ABSOLUTE
    ../clib/armsys.c                         0x00000000   Number         0  _get_argv_nomalloc.o ABSOLUTE
    ../clib/armsys.c                         0x00000000   Number         0  no_argv.o ABSOLUTE
    ../clib/division.s                       0x00000000   Number         0  aeabi_sdiv_div0.o ABSOLUTE
    ../clib/division.s                       0x00000000   Number         0  aeabi_sdiv.o ABSOLUTE
    ../clib/heapalloc.c                      0x00000000   Number         0  hrguard.o ABSOLUTE
    ../clib/heapaux.c                        0x00000000   Number         0  heapauxi.o ABSOLUTE
    ../clib/libinit.s                        0x00000000   Number         0  libinit.o ABSOLUTE
    ../clib/libinit.s                        0x00000000   Number         0  libinit2.o ABSOLUTE
    ../clib/libinit.s                        0x00000000   Number         0  libshutdown.o ABSOLUTE
    ../clib/libinit.s                        0x00000000   Number         0  libshutdown2.o ABSOLUTE
    ../clib/memcpset.c                       0x00000000   Number         0  rt_memcpy.o ABSOLUTE
    ../clib/memcpset.c                       0x00000000   Number         0  rt_memcpy.o ABSOLUTE
    ../clib/signal.c                         0x00000000   Number         0  defsig_fpe_formal.o ABSOLUTE
    ../clib/signal.c                         0x00000000   Number         0  defsig_other.o ABSOLUTE
    ../clib/signal.c                         0x00000000   Number         0  defsig_segv_inner.o ABSOLUTE
    ../clib/signal.c                         0x00000000   Number         0  defsig_cppl_inner.o ABSOLUTE
    ../clib/signal.c                         0x00000000   Number         0  defsig_fpe_inner.o ABSOLUTE
    ../clib/signal.c                         0x00000000   Number         0  defsig_stak_inner.o ABSOLUTE
    ../clib/signal.c                         0x00000000   Number         0  defsig_rtmem_formal.o ABSOLUTE
    ../clib/signal.c                         0x00000000   Number         0  defsig_rtmem_outer.o ABSOLUTE
    ../clib/signal.c                         0x00000000   Number         0  defsig_rtmem_inner.o ABSOLUTE
    ../clib/signal.c                         0x00000000   Number         0  defsig_rtred_inner.o ABSOLUTE
    ../clib/signal.c                         0x00000000   Number         0  defsig_abrt_inner.o ABSOLUTE
    ../clib/signal.c                         0x00000000   Number         0  defsig_pvfn_inner.o ABSOLUTE
    ../clib/signal.c                         0x00000000   Number         0  defsig_general.o ABSOLUTE
    ../clib/signal.c                         0x00000000   Number         0  __raise.o ABSOLUTE
    ../clib/signal.c                         0x00000000   Number         0  defsig_exit.o ABSOLUTE
    ../clib/signal.c                         0x00000000   Number         0  defsig_fpe_outer.o ABSOLUTE
    ../clib/signal.s                         0x00000000   Number         0  defsig.o ABSOLUTE
    ../clib/stdlib.c                         0x00000000   Number         0  exit.o ABSOLUTE
    ../clib/string.c                         0x00000000   Number         0  strcmp.o ABSOLUTE
    ../fplib/cfplib/fpinit.c                 0x00000000   Number         0  fpinit.o ABSOLUTE
    ..\FWLib\SC32F1XXX_Lib\src\sc32f1xxx_gpio.c 0x00000000   Number         0  sc32f1xxx_gpio.o ABSOLUTE
    ..\FWLib\SC32F1XXX_Lib\src\sc32f1xxx_option.c 0x00000000   Number         0  sc32f1xxx_option.o ABSOLUTE
    ..\FWLib\SC32F1XXX_Lib\src\sc32f1xxx_rcc.c 0x00000000   Number         0  sc32f1xxx_rcc.o ABSOLUTE
    ..\FWLib\SC32F1XXX_Lib\src\sc32f1xxx_twi.c 0x00000000   Number         0  sc32f1xxx_twi.o ABSOLUTE
    ..\User\CallBackFunction.c               0x00000000   Number         0  callbackfunction.o ABSOLUTE
    ..\User\CompCtrlDefine.c                 0x00000000   Number         0  compctrldefine.o ABSOLUTE
    ..\User\SC_Init.c                        0x00000000   Number         0  sc_init.o ABSOLUTE
    ..\User\SC_it.c                          0x00000000   Number         0  sc_it.o ABSOLUTE
    ..\User\SysFunVarDefine.c                0x00000000   Number         0  sysfunvardefine.o ABSOLUTE
    ..\User\main.c                           0x00000000   Number         0  main.o ABSOLUTE
    ..\User\system_sc32f1xxx.c               0x00000000   Number         0  system_sc32f1xxx.o ABSOLUTE
    ..\\FWLib\\SC32F1XXX_Lib\\src\\sc32f1xxx_gpio.c 0x00000000   Number         0  sc32f1xxx_gpio.o ABSOLUTE
    ..\\FWLib\\SC32F1XXX_Lib\\src\\sc32f1xxx_option.c 0x00000000   Number         0  sc32f1xxx_option.o ABSOLUTE
    ..\\FWLib\\SC32F1XXX_Lib\\src\\sc32f1xxx_rcc.c 0x00000000   Number         0  sc32f1xxx_rcc.o ABSOLUTE
    ..\\FWLib\\SC32F1XXX_Lib\\src\\sc32f1xxx_twi.c 0x00000000   Number         0  sc32f1xxx_twi.o ABSOLUTE
    ..\\User\\CallBackFunction.c             0x00000000   Number         0  callbackfunction.o ABSOLUTE
    ..\\User\\CompCtrlDefine.c               0x00000000   Number         0  compctrldefine.o ABSOLUTE
    ..\\User\\SC_Init.c                      0x00000000   Number         0  sc_init.o ABSOLUTE
    ..\\User\\SC_it.c                        0x00000000   Number         0  sc_it.o ABSOLUTE
    ..\\User\\SysFunVarDefine.c              0x00000000   Number         0  sysfunvardefine.o ABSOLUTE
    ..\\User\\main.c                         0x00000000   Number         0  main.o ABSOLUTE
    ..\\User\\system_sc32f1xxx.c             0x00000000   Number         0  system_sc32f1xxx.o ABSOLUTE
    dc.s                                     0x00000000   Number         0  dc.o ABSOLUTE
    startup_sc32f10xx.s                      0x00000000   Number         0  startup_sc32f10xx.o ABSOLUTE
    RESET                                    0x08000000   Section      192  startup_sc32f10xx.o(RESET)
    !!!main                                  0x080000c0   Section        8  __main.o(!!!main)
    !!!scatter                               0x080000c8   Section       60  __scatter.o(!!!scatter)
    !!handler_zi                             0x08000104   Section       28  __scatter_zi.o(!!handler_zi)
    .ARM.Collect$$libinit$$00000000          0x08000120   Section        2  libinit.o(.ARM.Collect$$libinit$$00000000)
    .ARM.Collect$$libinit$$00000002          0x08000122   Section        0  libinit2.o(.ARM.Collect$$libinit$$00000002)
    .ARM.Collect$$libinit$$00000004          0x08000122   Section        0  libinit2.o(.ARM.Collect$$libinit$$00000004)
    .ARM.Collect$$libinit$$0000000A          0x08000122   Section        0  libinit2.o(.ARM.Collect$$libinit$$0000000A)
    .ARM.Collect$$libinit$$0000000C          0x08000122   Section        0  libinit2.o(.ARM.Collect$$libinit$$0000000C)
    .ARM.Collect$$libinit$$0000000E          0x08000122   Section        0  libinit2.o(.ARM.Collect$$libinit$$0000000E)
    .ARM.Collect$$libinit$$00000011          0x08000122   Section        0  libinit2.o(.ARM.Collect$$libinit$$00000011)
    .ARM.Collect$$libinit$$00000013          0x08000122   Section        0  libinit2.o(.ARM.Collect$$libinit$$00000013)
    .ARM.Collect$$libinit$$00000015          0x08000122   Section        0  libinit2.o(.ARM.Collect$$libinit$$00000015)
    .ARM.Collect$$libinit$$00000017          0x08000122   Section        0  libinit2.o(.ARM.Collect$$libinit$$00000017)
    .ARM.Collect$$libinit$$00000019          0x08000122   Section        0  libinit2.o(.ARM.Collect$$libinit$$00000019)
    .ARM.Collect$$libinit$$0000001B          0x08000122   Section        0  libinit2.o(.ARM.Collect$$libinit$$0000001B)
    .ARM.Collect$$libinit$$0000001D          0x08000122   Section        0  libinit2.o(.ARM.Collect$$libinit$$0000001D)
    .ARM.Collect$$libinit$$0000001F          0x08000122   Section        0  libinit2.o(.ARM.Collect$$libinit$$0000001F)
    .ARM.Collect$$libinit$$00000021          0x08000122   Section        0  libinit2.o(.ARM.Collect$$libinit$$00000021)
    .ARM.Collect$$libinit$$00000023          0x08000122   Section        0  libinit2.o(.ARM.Collect$$libinit$$00000023)
    .ARM.Collect$$libinit$$00000025          0x08000122   Section        0  libinit2.o(.ARM.Collect$$libinit$$00000025)
    .ARM.Collect$$libinit$$0000002C          0x08000122   Section        0  libinit2.o(.ARM.Collect$$libinit$$0000002C)
    .ARM.Collect$$libinit$$0000002E          0x08000122   Section        0  libinit2.o(.ARM.Collect$$libinit$$0000002E)
    .ARM.Collect$$libinit$$00000030          0x08000122   Section        0  libinit2.o(.ARM.Collect$$libinit$$00000030)
    .ARM.Collect$$libinit$$00000032          0x08000122   Section        0  libinit2.o(.ARM.Collect$$libinit$$00000032)
    .ARM.Collect$$libinit$$00000033          0x08000122   Section        2  libinit2.o(.ARM.Collect$$libinit$$00000033)
    .ARM.Collect$$libshutdown$$00000000      0x08000124   Section        2  libshutdown.o(.ARM.Collect$$libshutdown$$00000000)
    .ARM.Collect$$libshutdown$$00000002      0x08000126   Section        0  libshutdown2.o(.ARM.Collect$$libshutdown$$00000002)
    .ARM.Collect$$libshutdown$$00000004      0x08000126   Section        0  libshutdown2.o(.ARM.Collect$$libshutdown$$00000004)
    .ARM.Collect$$libshutdown$$00000007      0x08000126   Section        0  libshutdown2.o(.ARM.Collect$$libshutdown$$00000007)
    .ARM.Collect$$libshutdown$$0000000A      0x08000126   Section        0  libshutdown2.o(.ARM.Collect$$libshutdown$$0000000A)
    .ARM.Collect$$libshutdown$$0000000C      0x08000126   Section        0  libshutdown2.o(.ARM.Collect$$libshutdown$$0000000C)
    .ARM.Collect$$libshutdown$$0000000F      0x08000126   Section        0  libshutdown2.o(.ARM.Collect$$libshutdown$$0000000F)
    .ARM.Collect$$libshutdown$$00000010      0x08000126   Section        2  libshutdown2.o(.ARM.Collect$$libshutdown$$00000010)
    .ARM.Collect$$rtentry$$00000000          0x08000128   Section        0  __rtentry.o(.ARM.Collect$$rtentry$$00000000)
    .ARM.Collect$$rtentry$$00000002          0x08000128   Section        0  __rtentry2.o(.ARM.Collect$$rtentry$$00000002)
    .ARM.Collect$$rtentry$$00000004          0x08000128   Section        6  __rtentry4.o(.ARM.Collect$$rtentry$$00000004)
    .ARM.Collect$$rtentry$$00000009          0x0800012e   Section        0  __rtentry2.o(.ARM.Collect$$rtentry$$00000009)
    .ARM.Collect$$rtentry$$0000000A          0x0800012e   Section        4  __rtentry2.o(.ARM.Collect$$rtentry$$0000000A)
    .ARM.Collect$$rtentry$$0000000C          0x08000132   Section        0  __rtentry2.o(.ARM.Collect$$rtentry$$0000000C)
    .ARM.Collect$$rtentry$$0000000D          0x08000132   Section        8  __rtentry2.o(.ARM.Collect$$rtentry$$0000000D)
    .ARM.Collect$$rtexit$$00000000           0x0800013a   Section        2  rtexit.o(.ARM.Collect$$rtexit$$00000000)
    .ARM.Collect$$rtexit$$00000002           0x0800013c   Section        0  rtexit2.o(.ARM.Collect$$rtexit$$00000002)
    .ARM.Collect$$rtexit$$00000003           0x0800013c   Section        4  rtexit2.o(.ARM.Collect$$rtexit$$00000003)
    .ARM.Collect$$rtexit$$00000004           0x08000140   Section        6  rtexit2.o(.ARM.Collect$$rtexit$$00000004)
    .emb_text                                0x08000148   Section       56  rt_memcpy.o(.emb_text)
    .text                                    0x08000180   Section      132  startup_sc32f10xx.o(.text)
    .text                                    0x08000204   Section      346  aeabi_sdiv.o(.text)
    .text                                    0x0800035e   Section        0  heapauxi.o(.text)
    .text                                    0x08000364   Section       62  sys_stackheap_outer.o(.text)
    .text                                    0x080003a2   Section        0  exit.o(.text)
    .text                                    0x080003b4   Section        8  libspace.o(.text)
    .text                                    0x080003bc   Section        0  sys_exit.o(.text)
    .text                                    0x080003c8   Section        2  use_no_semi.o(.text)
    .text                                    0x080003ca   Section        0  __dczerorl2.o(.text)
    .text                                    0x080003ca   Section        0  indicate_semi.o(.text)
    i.ADC_IRQHandler                         0x08000420   Section        0  sc_it.o(i.ADC_IRQHandler)
    i.BTM_IRQHandler                         0x08000422   Section        0  sc_it.o(i.BTM_IRQHandler)
    i.CMP_IRQHandler                         0x08000424   Section        0  sc_it.o(i.CMP_IRQHandler)
    i.DMA0_IRQHandler                        0x08000426   Section        0  sc_it.o(i.DMA0_IRQHandler)
    i.DMA1_IRQHandler                        0x08000428   Section        0  sc_it.o(i.DMA1_IRQHandler)
    i.DMA2_IRQHandler                        0x0800042a   Section        0  sc_it.o(i.DMA2_IRQHandler)
    i.DMA3_IRQHandler                        0x0800042c   Section        0  sc_it.o(i.DMA3_IRQHandler)
    i.GPIO_Init                              0x0800042e   Section        0  sc32f1xxx_gpio.o(i.GPIO_Init)
    i.INT0_IRQHandler                        0x0800048e   Section        0  sc_it.o(i.INT0_IRQHandler)
    i.INT12_15_IRQHandler                    0x08000490   Section        0  sc_it.o(i.INT12_15_IRQHandler)
    i.INT1_7_IRQHandler                      0x08000492   Section        0  sc_it.o(i.INT1_7_IRQHandler)
    i.INT8_11_IRQHandler                     0x08000494   Section        0  sc_it.o(i.INT8_11_IRQHandler)
    i.IcResourceInit                         0x08000496   Section        0  compctrldefine.o(i.IcResourceInit)
    i.LEDPWM_IRQHandler                      0x0800049e   Section        0  sc_it.o(i.LEDPWM_IRQHandler)
    i.OLED_Clear                             0x080004a0   Section        0  sysfunvardefine.o(i.OLED_Clear)
    i.OLED_ColorTurn                         0x080004dc   Section        0  sysfunvardefine.o(i.OLED_ColorTurn)
    i.OLED_DisplayTurn                       0x080004f6   Section        0  sysfunvardefine.o(i.OLED_DisplayTurn)
    i.OLED_Display_Off                       0x08000520   Section        0  sysfunvardefine.o(i.OLED_Display_Off)
    i.OLED_Display_On                        0x0800053c   Section        0  sysfunvardefine.o(i.OLED_Display_On)
    i.OLED_Init                              0x08000558   Section        0  sysfunvardefine.o(i.OLED_Init)
    i.OLED_Set_Pos                           0x08000654   Section        0  sysfunvardefine.o(i.OLED_Set_Pos)
    i.OLED_ShowByte                          0x08000678   Section        0  sysfunvardefine.o(i.OLED_ShowByte)
    i.OLED_Showchar                          0x080006a8   Section        0  sysfunvardefine.o(i.OLED_Showchar)
    i.OLED_WR_Byte                           0x08000780   Section        0  sysfunvardefine.o(i.OLED_WR_Byte)
    i.PWM0_IRQHandler                        0x080007aa   Section        0  sc_it.o(i.PWM0_IRQHandler)
    i.RCC_APB0Cmd                            0x080007ac   Section        0  sc32f1xxx_rcc.o(i.RCC_APB0Cmd)
    i.RCC_APB0Config                         0x080007c4   Section        0  sc32f1xxx_rcc.o(i.RCC_APB0Config)
    i.RCC_APB0PeriphClockCmd                 0x080007dc   Section        0  sc32f1xxx_rcc.o(i.RCC_APB0PeriphClockCmd)
    i.RCC_HCLKConfig                         0x080007f4   Section        0  sc32f1xxx_rcc.o(i.RCC_HCLKConfig)
    i.RCC_HIRCCmd                            0x0800080c   Section        0  sc32f1xxx_rcc.o(i.RCC_HIRCCmd)
    i.RCC_HXTCmd                             0x08000830   Section        0  sc32f1xxx_rcc.o(i.RCC_HXTCmd)
    i.RCC_IRQHandler                         0x08000854   Section        0  sc_it.o(i.RCC_IRQHandler)
    i.RCC_ITConfig                           0x08000858   Section        0  sc32f1xxx_rcc.o(i.RCC_ITConfig)
    i.RCC_LIRCCmd                            0x0800087c   Section        0  sc32f1xxx_rcc.o(i.RCC_LIRCCmd)
    i.RCC_LXTCmd                             0x080008a0   Section        0  sc32f1xxx_rcc.o(i.RCC_LXTCmd)
    i.RCC_SYSCLKConfig                       0x080008c4   Section        0  sc32f1xxx_rcc.o(i.RCC_SYSCLKConfig)
    i.RCC_SystickCLKConfig                   0x08000958   Section        0  sc32f1xxx_rcc.o(i.RCC_SystickCLKConfig)
    i.RCC_SystickCmd                         0x08000994   Section        0  sc32f1xxx_rcc.o(i.RCC_SystickCmd)
    i.RCC_SystickSetCounter                  0x080009b0   Section        0  sc32f1xxx_rcc.o(i.RCC_SystickSetCounter)
    i.RCC_Unlock                             0x080009cc   Section        0  sc32f1xxx_rcc.o(i.RCC_Unlock)
    i.SC_Init                                0x080009e0   Section        0  sc_init.o(i.SC_Init)
    i.SC_OPTION_Init                         0x080009f4   Section        0  sc_init.o(i.SC_OPTION_Init)
    i.SC_RCC_Init                            0x08000a14   Section        0  sc_init.o(i.SC_RCC_Init)
    i.SC_SYSTICK_Init                        0x08000a58   Section        0  sc_init.o(i.SC_SYSTICK_Init)
    i.SC_TWI0_Init                           0x08000a80   Section        0  sc_init.o(i.SC_TWI0_Init)
    i.SPI0_IRQHandler                        0x08000b1c   Section        0  sc_it.o(i.SPI0_IRQHandler)
    i.SPI1_IRQHandler                        0x08000b1e   Section        0  sc_it.o(i.SPI1_IRQHandler)
    i.SysTick_IRQHandler                     0x08000b20   Section        0  sc_it.o(i.SysTick_IRQHandler)
    i.SystemInit                             0x08000b24   Section        0  system_sc32f1xxx.o(i.SystemInit)
    i.TIMER0_IRQHandler                      0x08000b34   Section        0  sc_it.o(i.TIMER0_IRQHandler)
    i.TIMER1_IRQHandler                      0x08000b36   Section        0  sc_it.o(i.TIMER1_IRQHandler)
    i.TIMER2_IRQHandler                      0x08000b38   Section        0  sc_it.o(i.TIMER2_IRQHandler)
    i.TIMER3_IRQHandler                      0x08000b3a   Section        0  sc_it.o(i.TIMER3_IRQHandler)
    i.TIMER4_5_IRQHandler                    0x08000b3c   Section        0  sc_it.o(i.TIMER4_5_IRQHandler)
    i.TIMER6_7_IRQHandler                    0x08000b3e   Section        0  sc_it.o(i.TIMER6_7_IRQHandler)
    i.TWI0_IRQHandler                        0x08000b40   Section        0  sc_it.o(i.TWI0_IRQHandler)
    i.TWI1_IRQHandler                        0x08000b68   Section        0  sc_it.o(i.TWI1_IRQHandler)
    i.TWI_ClearFlag                          0x08000b6a   Section        0  sc32f1xxx_twi.o(i.TWI_ClearFlag)
    i.TWI_Cmd                                0x08000b74   Section        0  sc32f1xxx_twi.o(i.TWI_Cmd)
    i.TWI_DMACmd                             0x08000b8c   Section        0  sc32f1xxx_twi.o(i.TWI_DMACmd)
    i.TWI_GenerateSTART                      0x08000ba0   Section        0  sc32f1xxx_twi.o(i.TWI_GenerateSTART)
    i.TWI_GenerateSTOP                       0x08000bb8   Section        0  sc32f1xxx_twi.o(i.TWI_GenerateSTOP)
    i.TWI_GetFlagStatus                      0x08000bd0   Section        0  sc32f1xxx_twi.o(i.TWI_GetFlagStatus)
    i.TWI_ITConfig                           0x08000bde   Section        0  sc32f1xxx_twi.o(i.TWI_ITConfig)
    i.TWI_Init                               0x08000bf4   Section        0  sc32f1xxx_twi.o(i.TWI_Init)
    i.TWI_PinRemapConfig                     0x08000c24   Section        0  sc32f1xxx_twi.o(i.TWI_PinRemapConfig)
    i.TWI_SendByte                           0x08000c34   Section        0  sysfunvardefine.o(i.TWI_SendByte)
    i.TWI_SendData                           0x08000c54   Section        0  sc32f1xxx_twi.o(i.TWI_SendData)
    i.TWI_Start                              0x08000c58   Section        0  sysfunvardefine.o(i.TWI_Start)
    i.TWI_Stop                               0x08000c84   Section        0  sysfunvardefine.o(i.TWI_Stop)
    i.UART0_2_IRQHandler                     0x08000ca4   Section        0  sc_it.o(i.UART0_2_IRQHandler)
    i.UART1_3_IRQHandler                     0x08000ca6   Section        0  sc_it.o(i.UART1_3_IRQHandler)
    i.__NVIC_SetPriority                     0x08000ca8   Section        0  sc_init.o(i.__NVIC_SetPriority)
    __NVIC_SetPriority                       0x08000ca9   Thumb Code    60  sc_init.o(i.__NVIC_SetPriority)
    i.main                                   0x08000cec   Section        0  main.o(i.main)
    .constdata                               0x08000d98   Section     7504  sysfunvardefine.o(.constdata)
    .data                                    0x20000000   Section      613  sysfunvardefine.o(.data)
    .bss                                     0x20000268   Section       96  libspace.o(.bss)
    HEAP                                     0x200002c8   Section      512  startup_sc32f10xx.o(HEAP)
    Heap_Mem                                 0x200002c8   Data         512  startup_sc32f10xx.o(HEAP)
    STACK                                    0x200004c8   Section     1024  startup_sc32f10xx.o(STACK)
    Stack_Mem                                0x200004c8   Data        1024  startup_sc32f10xx.o(STACK)
    __initial_sp                             0x200008c8   Data           0  startup_sc32f10xx.o(STACK)

    Global Symbols

    Symbol Name                              Value     Ov Type        Size  Object(Section)

    BuildAttributes$$THM_ISAv3M$S$PE$A:L22$X:L11$S22$IEEE1$IW$USESV6$~STKCKD$USESV7$~SHL$OSPACE$ROPI$EBA8$UX$STANDARDLIB$REQ8$PRES8$EABIv2 0x00000000   Number         0  anon$$obj.o ABSOLUTE
    __ARM_use_no_argv                        0x00000000   Number         0  main.o ABSOLUTE
    __ARM_exceptions_init                     - Undefined Weak Reference
    __alloca_initialize                       - Undefined Weak Reference
    __arm_preinit_                            - Undefined Weak Reference
    __cpp_initialize__aeabi_                  - Undefined Weak Reference
    __cxa_finalize                            - Undefined Weak Reference
    __rt_locale                               - Undefined Weak Reference
    __sigvec_lookup                           - Undefined Weak Reference
    _atexit_init                              - Undefined Weak Reference
    _call_atexit_fns                          - Undefined Weak Reference
    _clock_init                               - Undefined Weak Reference
    _fp_trap_init                             - Undefined Weak Reference
    _fp_trap_shutdown                         - Undefined Weak Reference
    _get_lc_collate                           - Undefined Weak Reference
    _get_lc_ctype                             - Undefined Weak Reference
    _get_lc_monetary                          - Undefined Weak Reference
    _get_lc_numeric                           - Undefined Weak Reference
    _get_lc_time                              - Undefined Weak Reference
    _getenv_init                              - Undefined Weak Reference
    _handle_redirection                       - Undefined Weak Reference
    _init_alloc                               - Undefined Weak Reference
    _init_user_alloc                          - Undefined Weak Reference
    _initio                                   - Undefined Weak Reference
    _rand_init                                - Undefined Weak Reference
    _signal_finish                            - Undefined Weak Reference
    _signal_init                              - Undefined Weak Reference
    _terminate_alloc                          - Undefined Weak Reference
    _terminate_user_alloc                     - Undefined Weak Reference
    _terminateio                              - Undefined Weak Reference
    __Vectors_Size                           0x000000c0   Number         0  startup_sc32f10xx.o ABSOLUTE
    __Vectors                                0x08000000   Data           4  startup_sc32f10xx.o(RESET)
    __Vectors_End                            0x080000c0   Data           0  startup_sc32f10xx.o(RESET)
    __main                                   0x080000c1   Thumb Code     8  __main.o(!!!main)
    __scatterload                            0x080000c9   Thumb Code     0  __scatter.o(!!!scatter)
    __scatterload_rt2                        0x080000c9   Thumb Code    52  __scatter.o(!!!scatter)
    __scatterload_rt2_thumb_only             0x080000c9   Thumb Code     0  __scatter.o(!!!scatter)
    __scatterload_null                       0x080000d9   Thumb Code     0  __scatter.o(!!!scatter)
    __scatterload_zeroinit                   0x08000105   Thumb Code    28  __scatter_zi.o(!!handler_zi)
    __rt_lib_init                            0x08000121   Thumb Code     0  libinit.o(.ARM.Collect$$libinit$$00000000)
    __rt_lib_init_alloca_1                   0x08000123   Thumb Code     0  libinit2.o(.ARM.Collect$$libinit$$0000002E)
    __rt_lib_init_argv_1                     0x08000123   Thumb Code     0  libinit2.o(.ARM.Collect$$libinit$$0000002C)
    __rt_lib_init_atexit_1                   0x08000123   Thumb Code     0  libinit2.o(.ARM.Collect$$libinit$$0000001B)
    __rt_lib_init_clock_1                    0x08000123   Thumb Code     0  libinit2.o(.ARM.Collect$$libinit$$00000021)
    __rt_lib_init_cpp_1                      0x08000123   Thumb Code     0  libinit2.o(.ARM.Collect$$libinit$$00000032)
    __rt_lib_init_exceptions_1               0x08000123   Thumb Code     0  libinit2.o(.ARM.Collect$$libinit$$00000030)
    __rt_lib_init_fp_1                       0x08000123   Thumb Code     0  libinit2.o(.ARM.Collect$$libinit$$00000002)
    __rt_lib_init_fp_trap_1                  0x08000123   Thumb Code     0  libinit2.o(.ARM.Collect$$libinit$$0000001F)
    __rt_lib_init_getenv_1                   0x08000123   Thumb Code     0  libinit2.o(.ARM.Collect$$libinit$$00000023)
    __rt_lib_init_heap_1                     0x08000123   Thumb Code     0  libinit2.o(.ARM.Collect$$libinit$$0000000A)
    __rt_lib_init_lc_collate_1               0x08000123   Thumb Code     0  libinit2.o(.ARM.Collect$$libinit$$00000011)
    __rt_lib_init_lc_ctype_1                 0x08000123   Thumb Code     0  libinit2.o(.ARM.Collect$$libinit$$00000013)
    __rt_lib_init_lc_monetary_1              0x08000123   Thumb Code     0  libinit2.o(.ARM.Collect$$libinit$$00000015)
    __rt_lib_init_lc_numeric_1               0x08000123   Thumb Code     0  libinit2.o(.ARM.Collect$$libinit$$00000017)
    __rt_lib_init_lc_time_1                  0x08000123   Thumb Code     0  libinit2.o(.ARM.Collect$$libinit$$00000019)
    __rt_lib_init_preinit_1                  0x08000123   Thumb Code     0  libinit2.o(.ARM.Collect$$libinit$$00000004)
    __rt_lib_init_rand_1                     0x08000123   Thumb Code     0  libinit2.o(.ARM.Collect$$libinit$$0000000E)
    __rt_lib_init_return                     0x08000123   Thumb Code     0  libinit2.o(.ARM.Collect$$libinit$$00000033)
    __rt_lib_init_signal_1                   0x08000123   Thumb Code     0  libinit2.o(.ARM.Collect$$libinit$$0000001D)
    __rt_lib_init_stdio_1                    0x08000123   Thumb Code     0  libinit2.o(.ARM.Collect$$libinit$$00000025)
    __rt_lib_init_user_alloc_1               0x08000123   Thumb Code     0  libinit2.o(.ARM.Collect$$libinit$$0000000C)
    __rt_lib_shutdown                        0x08000125   Thumb Code     0  libshutdown.o(.ARM.Collect$$libshutdown$$00000000)
    __rt_lib_shutdown_cpp_1                  0x08000127   Thumb Code     0  libshutdown2.o(.ARM.Collect$$libshutdown$$00000002)
    __rt_lib_shutdown_fp_trap_1              0x08000127   Thumb Code     0  libshutdown2.o(.ARM.Collect$$libshutdown$$00000007)
    __rt_lib_shutdown_heap_1                 0x08000127   Thumb Code     0  libshutdown2.o(.ARM.Collect$$libshutdown$$0000000F)
    __rt_lib_shutdown_return                 0x08000127   Thumb Code     0  libshutdown2.o(.ARM.Collect$$libshutdown$$00000010)
    __rt_lib_shutdown_signal_1               0x08000127   Thumb Code     0  libshutdown2.o(.ARM.Collect$$libshutdown$$0000000A)
    __rt_lib_shutdown_stdio_1                0x08000127   Thumb Code     0  libshutdown2.o(.ARM.Collect$$libshutdown$$00000004)
    __rt_lib_shutdown_user_alloc_1           0x08000127   Thumb Code     0  libshutdown2.o(.ARM.Collect$$libshutdown$$0000000C)
    __rt_entry                               0x08000129   Thumb Code     0  __rtentry.o(.ARM.Collect$$rtentry$$00000000)
    __rt_entry_presh_1                       0x08000129   Thumb Code     0  __rtentry2.o(.ARM.Collect$$rtentry$$00000002)
    __rt_entry_sh                            0x08000129   Thumb Code     0  __rtentry4.o(.ARM.Collect$$rtentry$$00000004)
    __rt_entry_li                            0x0800012f   Thumb Code     0  __rtentry2.o(.ARM.Collect$$rtentry$$0000000A)
    __rt_entry_postsh_1                      0x0800012f   Thumb Code     0  __rtentry2.o(.ARM.Collect$$rtentry$$00000009)
    __rt_entry_main                          0x08000133   Thumb Code     0  __rtentry2.o(.ARM.Collect$$rtentry$$0000000D)
    __rt_entry_postli_1                      0x08000133   Thumb Code     0  __rtentry2.o(.ARM.Collect$$rtentry$$0000000C)
    __rt_exit                                0x0800013b   Thumb Code     0  rtexit.o(.ARM.Collect$$rtexit$$00000000)
    __rt_exit_ls                             0x0800013d   Thumb Code     0  rtexit2.o(.ARM.Collect$$rtexit$$00000003)
    __rt_exit_prels_1                        0x0800013d   Thumb Code     0  rtexit2.o(.ARM.Collect$$rtexit$$00000002)
    __rt_exit_exit                           0x08000141   Thumb Code     0  rtexit2.o(.ARM.Collect$$rtexit$$00000004)
    __aeabi_memcpy4                          0x08000149   Thumb Code    56  rt_memcpy.o(.emb_text)
    __aeabi_memcpy8                          0x08000149   Thumb Code     0  rt_memcpy.o(.emb_text)
    Reset_Handler                            0x08000181   Thumb Code    38  startup_sc32f10xx.o(.text)
    NMI_Handler                              0x080001a7   Thumb Code     2  startup_sc32f10xx.o(.text)
    HardFault_Handler                        0x080001a9   Thumb Code     2  startup_sc32f10xx.o(.text)
    MemManage_Handler                        0x080001ab   Thumb Code     2  startup_sc32f10xx.o(.text)
    BusFault_Handler                         0x080001ad   Thumb Code     2  startup_sc32f10xx.o(.text)
    UsageFault_Handler                       0x080001af   Thumb Code     2  startup_sc32f10xx.o(.text)
    SVC_Handler                              0x080001b1   Thumb Code     2  startup_sc32f10xx.o(.text)
    DebugMon_Handler                         0x080001b3   Thumb Code     2  startup_sc32f10xx.o(.text)
    PendSV_Handler                           0x080001b5   Thumb Code     2  startup_sc32f10xx.o(.text)
    TK_IRQHandler                            0x080001b9   Thumb Code     0  startup_sc32f10xx.o(.text)
    __user_initial_stackheap                 0x080001bd   Thumb Code     0  startup_sc32f10xx.o(.text)
    __aeabi_uidiv                            0x08000205   Thumb Code     0  aeabi_sdiv.o(.text)
    __aeabi_uidivmod                         0x08000205   Thumb Code    20  aeabi_sdiv.o(.text)
    __aeabi_idiv                             0x08000219   Thumb Code     0  aeabi_sdiv.o(.text)
    __aeabi_idivmod                          0x08000219   Thumb Code   326  aeabi_sdiv.o(.text)
    __use_two_region_memory                  0x0800035f   Thumb Code     2  heapauxi.o(.text)
    __rt_heap_escrow$2region                 0x08000361   Thumb Code     2  heapauxi.o(.text)
    __rt_heap_expand$2region                 0x08000363   Thumb Code     2  heapauxi.o(.text)
    __user_setup_stackheap                   0x08000365   Thumb Code    62  sys_stackheap_outer.o(.text)
    exit                                     0x080003a3   Thumb Code    16  exit.o(.text)
    __user_libspace                          0x080003b5   Thumb Code     8  libspace.o(.text)
    __user_perproc_libspace                  0x080003b5   Thumb Code     0  libspace.o(.text)
    __user_perthread_libspace                0x080003b5   Thumb Code     0  libspace.o(.text)
    _sys_exit                                0x080003bd   Thumb Code     8  sys_exit.o(.text)
    __I$use$semihosting                      0x080003c9   Thumb Code     0  use_no_semi.o(.text)
    __use_no_semihosting_swi                 0x080003c9   Thumb Code     2  use_no_semi.o(.text)
    __decompress                             0x080003cb   Thumb Code     0  __dczerorl2.o(.text)
    __decompress1                            0x080003cb   Thumb Code    86  __dczerorl2.o(.text)
    __semihosting_library_function           0x080003cb   Thumb Code     0  indicate_semi.o(.text)
    ADC_IRQHandler                           0x08000421   Thumb Code     2  sc_it.o(i.ADC_IRQHandler)
    BTM_IRQHandler                           0x08000423   Thumb Code     2  sc_it.o(i.BTM_IRQHandler)
    CMP_IRQHandler                           0x08000425   Thumb Code     2  sc_it.o(i.CMP_IRQHandler)
    DMA0_IRQHandler                          0x08000427   Thumb Code     2  sc_it.o(i.DMA0_IRQHandler)
    DMA1_IRQHandler                          0x08000429   Thumb Code     2  sc_it.o(i.DMA1_IRQHandler)
    DMA2_IRQHandler                          0x0800042b   Thumb Code     2  sc_it.o(i.DMA2_IRQHandler)
    DMA3_IRQHandler                          0x0800042d   Thumb Code     2  sc_it.o(i.DMA3_IRQHandler)
    GPIO_Init                                0x0800042f   Thumb Code    96  sc32f1xxx_gpio.o(i.GPIO_Init)
    INT0_IRQHandler                          0x0800048f   Thumb Code     2  sc_it.o(i.INT0_IRQHandler)
    INT12_15_IRQHandler                      0x08000491   Thumb Code     2  sc_it.o(i.INT12_15_IRQHandler)
    INT1_7_IRQHandler                        0x08000493   Thumb Code     2  sc_it.o(i.INT1_7_IRQHandler)
    INT8_11_IRQHandler                       0x08000495   Thumb Code     2  sc_it.o(i.INT8_11_IRQHandler)
    IcResourceInit                           0x08000497   Thumb Code     8  compctrldefine.o(i.IcResourceInit)
    LEDPWM_IRQHandler                        0x0800049f   Thumb Code     2  sc_it.o(i.LEDPWM_IRQHandler)
    OLED_Clear                               0x080004a1   Thumb Code    60  sysfunvardefine.o(i.OLED_Clear)
    OLED_ColorTurn                           0x080004dd   Thumb Code    26  sysfunvardefine.o(i.OLED_ColorTurn)
    OLED_DisplayTurn                         0x080004f7   Thumb Code    42  sysfunvardefine.o(i.OLED_DisplayTurn)
    OLED_Display_Off                         0x08000521   Thumb Code    28  sysfunvardefine.o(i.OLED_Display_Off)
    OLED_Display_On                          0x0800053d   Thumb Code    28  sysfunvardefine.o(i.OLED_Display_On)
    OLED_Init                                0x08000559   Thumb Code   252  sysfunvardefine.o(i.OLED_Init)
    OLED_Set_Pos                             0x08000655   Thumb Code    36  sysfunvardefine.o(i.OLED_Set_Pos)
    OLED_ShowByte                            0x08000679   Thumb Code    48  sysfunvardefine.o(i.OLED_ShowByte)
    OLED_Showchar                            0x080006a9   Thumb Code   202  sysfunvardefine.o(i.OLED_Showchar)
    OLED_WR_Byte                             0x08000781   Thumb Code    42  sysfunvardefine.o(i.OLED_WR_Byte)
    PWM0_IRQHandler                          0x080007ab   Thumb Code     2  sc_it.o(i.PWM0_IRQHandler)
    RCC_APB0Cmd                              0x080007ad   Thumb Code    20  sc32f1xxx_rcc.o(i.RCC_APB0Cmd)
    RCC_APB0Config                           0x080007c5   Thumb Code    20  sc32f1xxx_rcc.o(i.RCC_APB0Config)
    RCC_APB0PeriphClockCmd                   0x080007dd   Thumb Code    18  sc32f1xxx_rcc.o(i.RCC_APB0PeriphClockCmd)
    RCC_HCLKConfig                           0x080007f5   Thumb Code    20  sc32f1xxx_rcc.o(i.RCC_HCLKConfig)
    RCC_HIRCCmd                              0x0800080d   Thumb Code    30  sc32f1xxx_rcc.o(i.RCC_HIRCCmd)
    RCC_HXTCmd                               0x08000831   Thumb Code    30  sc32f1xxx_rcc.o(i.RCC_HXTCmd)
    RCC_IRQHandler                           0x08000855   Thumb Code     2  sc_it.o(i.RCC_IRQHandler)
    RCC_ITConfig                             0x08000859   Thumb Code    30  sc32f1xxx_rcc.o(i.RCC_ITConfig)
    RCC_LIRCCmd                              0x0800087d   Thumb Code    30  sc32f1xxx_rcc.o(i.RCC_LIRCCmd)
    RCC_LXTCmd                               0x080008a1   Thumb Code    32  sc32f1xxx_rcc.o(i.RCC_LXTCmd)
    RCC_SYSCLKConfig                         0x080008c5   Thumb Code   138  sc32f1xxx_rcc.o(i.RCC_SYSCLKConfig)
    RCC_SystickCLKConfig                     0x08000959   Thumb Code    50  sc32f1xxx_rcc.o(i.RCC_SystickCLKConfig)
    RCC_SystickCmd                           0x08000995   Thumb Code    22  sc32f1xxx_rcc.o(i.RCC_SystickCmd)
    RCC_SystickSetCounter                    0x080009b1   Thumb Code    18  sc32f1xxx_rcc.o(i.RCC_SystickSetCounter)
    RCC_Unlock                               0x080009cd   Thumb Code    16  sc32f1xxx_rcc.o(i.RCC_Unlock)
    SC_Init                                  0x080009e1   Thumb Code    20  sc_init.o(i.SC_Init)
    SC_OPTION_Init                           0x080009f5   Thumb Code    24  sc_init.o(i.SC_OPTION_Init)
    SC_RCC_Init                              0x08000a15   Thumb Code    64  sc_init.o(i.SC_RCC_Init)
    SC_SYSTICK_Init                          0x08000a59   Thumb Code    38  sc_init.o(i.SC_SYSTICK_Init)
    SC_TWI0_Init                             0x08000a81   Thumb Code   144  sc_init.o(i.SC_TWI0_Init)
    SPI0_IRQHandler                          0x08000b1d   Thumb Code     2  sc_it.o(i.SPI0_IRQHandler)
    SPI1_IRQHandler                          0x08000b1f   Thumb Code     2  sc_it.o(i.SPI1_IRQHandler)
    SysTick_IRQHandler                       0x08000b21   Thumb Code     2  sc_it.o(i.SysTick_IRQHandler)
    SystemInit                               0x08000b25   Thumb Code    10  system_sc32f1xxx.o(i.SystemInit)
    TIMER0_IRQHandler                        0x08000b35   Thumb Code     2  sc_it.o(i.TIMER0_IRQHandler)
    TIMER1_IRQHandler                        0x08000b37   Thumb Code     2  sc_it.o(i.TIMER1_IRQHandler)
    TIMER2_IRQHandler                        0x08000b39   Thumb Code     2  sc_it.o(i.TIMER2_IRQHandler)
    TIMER3_IRQHandler                        0x08000b3b   Thumb Code     2  sc_it.o(i.TIMER3_IRQHandler)
    TIMER4_5_IRQHandler                      0x08000b3d   Thumb Code     2  sc_it.o(i.TIMER4_5_IRQHandler)
    TIMER6_7_IRQHandler                      0x08000b3f   Thumb Code     2  sc_it.o(i.TIMER6_7_IRQHandler)
    TWI0_IRQHandler                          0x08000b41   Thumb Code    32  sc_it.o(i.TWI0_IRQHandler)
    TWI1_IRQHandler                          0x08000b69   Thumb Code     2  sc_it.o(i.TWI1_IRQHandler)
    TWI_ClearFlag                            0x08000b6b   Thumb Code     8  sc32f1xxx_twi.o(i.TWI_ClearFlag)
    TWI_Cmd                                  0x08000b75   Thumb Code    20  sc32f1xxx_twi.o(i.TWI_Cmd)
    TWI_DMACmd                               0x08000b8d   Thumb Code    20  sc32f1xxx_twi.o(i.TWI_DMACmd)
    TWI_GenerateSTART                        0x08000ba1   Thumb Code    20  sc32f1xxx_twi.o(i.TWI_GenerateSTART)
    TWI_GenerateSTOP                         0x08000bb9   Thumb Code    20  sc32f1xxx_twi.o(i.TWI_GenerateSTOP)
    TWI_GetFlagStatus                        0x08000bd1   Thumb Code    14  sc32f1xxx_twi.o(i.TWI_GetFlagStatus)
    TWI_ITConfig                             0x08000bdf   Thumb Code    20  sc32f1xxx_twi.o(i.TWI_ITConfig)
    TWI_Init                                 0x08000bf5   Thumb Code    44  sc32f1xxx_twi.o(i.TWI_Init)
    TWI_PinRemapConfig                       0x08000c25   Thumb Code    14  sc32f1xxx_twi.o(i.TWI_PinRemapConfig)
    TWI_SendByte                             0x08000c35   Thumb Code    24  sysfunvardefine.o(i.TWI_SendByte)
    TWI_SendData                             0x08000c55   Thumb Code     4  sc32f1xxx_twi.o(i.TWI_SendData)
    TWI_Start                                0x08000c59   Thumb Code    36  sysfunvardefine.o(i.TWI_Start)
    TWI_Stop                                 0x08000c85   Thumb Code    24  sysfunvardefine.o(i.TWI_Stop)
    UART0_2_IRQHandler                       0x08000ca5   Thumb Code     2  sc_it.o(i.UART0_2_IRQHandler)
    UART1_3_IRQHandler                       0x08000ca7   Thumb Code     2  sc_it.o(i.UART1_3_IRQHandler)
    main                                     0x08000ced   Thumb Code   106  main.o(i.main)
    chararraychar8x16                        0x08000d98   Data        1488  sysfunvardefine.o(.constdata)
    chararraychar16x32                       0x08001368   Data        6016  sysfunvardefine.o(.constdata)
    Region$$Table$$Base                      0x08002ae8   Number         0  anon$$obj.o(Region$$Table)
    Region$$Table$$Limit                     0x08002b08   Number         0  anon$$obj.o(Region$$Table)
    TWI0Flag                                 0x20000000   Data           1  sysfunvardefine.o(.data)
    chararraychinese                         0x20000001   Data         612  sysfunvardefine.o(.data)
    __libspace_start                         0x20000268   Data          96  libspace.o(.bss)
    __temporary_stack_top$libspace           0x200002c8   Data           0  libspace.o(.bss)



==============================================================================

Memory Map of the image

  Image Entry point : 0x080000c1

  Load Region LR_IROM1 (Base: 0x08000000, Size: 0x00002d70, Max: 0x00040000, ABSOLUTE, COMPRESSED[0x00002c94])

    Execution Region ER_IROM1 (Exec base: 0x08000000, Load base: 0x08000000, Size: 0x00002b08, Max: 0x00040000, ABSOLUTE)

    Exec Addr    Load Addr    Size         Type   Attr      Idx    E Section Name        Object

    0x08000000   0x08000000   0x000000c0   Data   RO         1286    RESET               startup_sc32f10xx.o
    0x080000c0   0x080000c0   0x00000008   Code   RO         1305  * !!!main             c_p.l(__main.o)
    0x080000c8   0x080000c8   0x0000003c   Code   RO         1476    !!!scatter          c_p.l(__scatter.o)
    0x08000104   0x08000104   0x0000001c   Code   RO         1478    !!handler_zi        c_p.l(__scatter_zi.o)
    0x08000120   0x08000120   0x00000002   Code   RO         1343    .ARM.Collect$$libinit$$00000000  c_p.l(libinit.o)
    0x08000122   0x08000122   0x00000000   Code   RO         1357    .ARM.Collect$$libinit$$00000002  c_p.l(libinit2.o)
    0x08000122   0x08000122   0x00000000   Code   RO         1359    .ARM.Collect$$libinit$$00000004  c_p.l(libinit2.o)
    0x08000122   0x08000122   0x00000000   Code   RO         1362    .ARM.Collect$$libinit$$0000000A  c_p.l(libinit2.o)
    0x08000122   0x08000122   0x00000000   Code   RO         1364    .ARM.Collect$$libinit$$0000000C  c_p.l(libinit2.o)
    0x08000122   0x08000122   0x00000000   Code   RO         1366    .ARM.Collect$$libinit$$0000000E  c_p.l(libinit2.o)
    0x08000122   0x08000122   0x00000000   Code   RO         1369    .ARM.Collect$$libinit$$00000011  c_p.l(libinit2.o)
    0x08000122   0x08000122   0x00000000   Code   RO         1371    .ARM.Collect$$libinit$$00000013  c_p.l(libinit2.o)
    0x08000122   0x08000122   0x00000000   Code   RO         1373    .ARM.Collect$$libinit$$00000015  c_p.l(libinit2.o)
    0x08000122   0x08000122   0x00000000   Code   RO         1375    .ARM.Collect$$libinit$$00000017  c_p.l(libinit2.o)
    0x08000122   0x08000122   0x00000000   Code   RO         1377    .ARM.Collect$$libinit$$00000019  c_p.l(libinit2.o)
    0x08000122   0x08000122   0x00000000   Code   RO         1379    .ARM.Collect$$libinit$$0000001B  c_p.l(libinit2.o)
    0x08000122   0x08000122   0x00000000   Code   RO         1381    .ARM.Collect$$libinit$$0000001D  c_p.l(libinit2.o)
    0x08000122   0x08000122   0x00000000   Code   RO         1383    .ARM.Collect$$libinit$$0000001F  c_p.l(libinit2.o)
    0x08000122   0x08000122   0x00000000   Code   RO         1385    .ARM.Collect$$libinit$$00000021  c_p.l(libinit2.o)
    0x08000122   0x08000122   0x00000000   Code   RO         1387    .ARM.Collect$$libinit$$00000023  c_p.l(libinit2.o)
    0x08000122   0x08000122   0x00000000   Code   RO         1389    .ARM.Collect$$libinit$$00000025  c_p.l(libinit2.o)
    0x08000122   0x08000122   0x00000000   Code   RO         1393    .ARM.Collect$$libinit$$0000002C  c_p.l(libinit2.o)
    0x08000122   0x08000122   0x00000000   Code   RO         1395    .ARM.Collect$$libinit$$0000002E  c_p.l(libinit2.o)
    0x08000122   0x08000122   0x00000000   Code   RO         1397    .ARM.Collect$$libinit$$00000030  c_p.l(libinit2.o)
    0x08000122   0x08000122   0x00000000   Code   RO         1399    .ARM.Collect$$libinit$$00000032  c_p.l(libinit2.o)
    0x08000122   0x08000122   0x00000002   Code   RO         1400    .ARM.Collect$$libinit$$00000033  c_p.l(libinit2.o)
    0x08000124   0x08000124   0x00000002   Code   RO         1431    .ARM.Collect$$libshutdown$$00000000  c_p.l(libshutdown.o)
    0x08000126   0x08000126   0x00000000   Code   RO         1457    .ARM.Collect$$libshutdown$$00000002  c_p.l(libshutdown2.o)
    0x08000126   0x08000126   0x00000000   Code   RO         1459    .ARM.Collect$$libshutdown$$00000004  c_p.l(libshutdown2.o)
    0x08000126   0x08000126   0x00000000   Code   RO         1462    .ARM.Collect$$libshutdown$$00000007  c_p.l(libshutdown2.o)
    0x08000126   0x08000126   0x00000000   Code   RO         1465    .ARM.Collect$$libshutdown$$0000000A  c_p.l(libshutdown2.o)
    0x08000126   0x08000126   0x00000000   Code   RO         1467    .ARM.Collect$$libshutdown$$0000000C  c_p.l(libshutdown2.o)
    0x08000126   0x08000126   0x00000000   Code   RO         1470    .ARM.Collect$$libshutdown$$0000000F  c_p.l(libshutdown2.o)
    0x08000126   0x08000126   0x00000002   Code   RO         1471    .ARM.Collect$$libshutdown$$00000010  c_p.l(libshutdown2.o)
    0x08000128   0x08000128   0x00000000   Code   RO         1307    .ARM.Collect$$rtentry$$00000000  c_p.l(__rtentry.o)
    0x08000128   0x08000128   0x00000000   Code   RO         1313    .ARM.Collect$$rtentry$$00000002  c_p.l(__rtentry2.o)
    0x08000128   0x08000128   0x00000006   Code   RO         1325    .ARM.Collect$$rtentry$$00000004  c_p.l(__rtentry4.o)
    0x0800012e   0x0800012e   0x00000000   Code   RO         1315    .ARM.Collect$$rtentry$$00000009  c_p.l(__rtentry2.o)
    0x0800012e   0x0800012e   0x00000004   Code   RO         1316    .ARM.Collect$$rtentry$$0000000A  c_p.l(__rtentry2.o)
    0x08000132   0x08000132   0x00000000   Code   RO         1318    .ARM.Collect$$rtentry$$0000000C  c_p.l(__rtentry2.o)
    0x08000132   0x08000132   0x00000008   Code   RO         1319    .ARM.Collect$$rtentry$$0000000D  c_p.l(__rtentry2.o)
    0x0800013a   0x0800013a   0x00000002   Code   RO         1348    .ARM.Collect$$rtexit$$00000000  c_p.l(rtexit.o)
    0x0800013c   0x0800013c   0x00000000   Code   RO         1404    .ARM.Collect$$rtexit$$00000002  c_p.l(rtexit2.o)
    0x0800013c   0x0800013c   0x00000004   Code   RO         1405    .ARM.Collect$$rtexit$$00000003  c_p.l(rtexit2.o)
    0x08000140   0x08000140   0x00000006   Code   RO         1406    .ARM.Collect$$rtexit$$00000004  c_p.l(rtexit2.o)
    0x08000146   0x08000146   0x00000002   PAD
    0x08000148   0x08000148   0x00000038   Code   RO         1293    .emb_text           c_p.l(rt_memcpy.o)
    0x08000180   0x08000180   0x00000084   Code   RO         1287    .text               startup_sc32f10xx.o
    0x08000204   0x08000204   0x0000015a   Code   RO         1299    .text               c_p.l(aeabi_sdiv.o)
    0x0800035e   0x0800035e   0x00000006   Code   RO         1303    .text               c_p.l(heapauxi.o)
    0x08000364   0x08000364   0x0000003e   Code   RO         1329    .text               c_p.l(sys_stackheap_outer.o)
    0x080003a2   0x080003a2   0x00000010   Code   RO         1332    .text               c_p.l(exit.o)
    0x080003b2   0x080003b2   0x00000002   PAD
    0x080003b4   0x080003b4   0x00000008   Code   RO         1344    .text               c_p.l(libspace.o)
    0x080003bc   0x080003bc   0x0000000c   Code   RO         1401    .text               c_p.l(sys_exit.o)
    0x080003c8   0x080003c8   0x00000002   Code   RO         1420    .text               c_p.l(use_no_semi.o)
    0x080003ca   0x080003ca   0x00000000   Code   RO         1422    .text               c_p.l(indicate_semi.o)
    0x080003ca   0x080003ca   0x00000056   Code   RO         1474    .text               c_p.l(__dczerorl2.o)
    0x08000420   0x08000420   0x00000002   Code   RO          169    i.ADC_IRQHandler    sc_it.o
    0x08000422   0x08000422   0x00000002   Code   RO          170    i.BTM_IRQHandler    sc_it.o
    0x08000424   0x08000424   0x00000002   Code   RO          171    i.CMP_IRQHandler    sc_it.o
    0x08000426   0x08000426   0x00000002   Code   RO          172    i.DMA0_IRQHandler   sc_it.o
    0x08000428   0x08000428   0x00000002   Code   RO          173    i.DMA1_IRQHandler   sc_it.o
    0x0800042a   0x0800042a   0x00000002   Code   RO          174    i.DMA2_IRQHandler   sc_it.o
    0x0800042c   0x0800042c   0x00000002   Code   RO          175    i.DMA3_IRQHandler   sc_it.o
    0x0800042e   0x0800042e   0x00000060   Code   RO         1213    i.GPIO_Init         sc32f1xxx_gpio.o
    0x0800048e   0x0800048e   0x00000002   Code   RO          176    i.INT0_IRQHandler   sc_it.o
    0x08000490   0x08000490   0x00000002   Code   RO          177    i.INT12_15_IRQHandler  sc_it.o
    0x08000492   0x08000492   0x00000002   Code   RO          178    i.INT1_7_IRQHandler  sc_it.o
    0x08000494   0x08000494   0x00000002   Code   RO          179    i.INT8_11_IRQHandler  sc_it.o
    0x08000496   0x08000496   0x00000008   Code   RO          761    i.IcResourceInit    compctrldefine.o
    0x0800049e   0x0800049e   0x00000002   Code   RO          180    i.LEDPWM_IRQHandler  sc_it.o
    0x080004a0   0x080004a0   0x0000003c   Code   RO          608    i.OLED_Clear        sysfunvardefine.o
    0x080004dc   0x080004dc   0x0000001a   Code   RO          609    i.OLED_ColorTurn    sysfunvardefine.o
    0x080004f6   0x080004f6   0x0000002a   Code   RO          610    i.OLED_DisplayTurn  sysfunvardefine.o
    0x08000520   0x08000520   0x0000001c   Code   RO          611    i.OLED_Display_Off  sysfunvardefine.o
    0x0800053c   0x0800053c   0x0000001c   Code   RO          612    i.OLED_Display_On   sysfunvardefine.o
    0x08000558   0x08000558   0x000000fc   Code   RO          613    i.OLED_Init         sysfunvardefine.o
    0x08000654   0x08000654   0x00000024   Code   RO          614    i.OLED_Set_Pos      sysfunvardefine.o
    0x08000678   0x08000678   0x00000030   Code   RO          615    i.OLED_ShowByte     sysfunvardefine.o
    0x080006a8   0x080006a8   0x000000d8   Code   RO          616    i.OLED_Showchar     sysfunvardefine.o
    0x08000780   0x08000780   0x0000002a   Code   RO          619    i.OLED_WR_Byte      sysfunvardefine.o
    0x080007aa   0x080007aa   0x00000002   Code   RO          181    i.PWM0_IRQHandler   sc_it.o
    0x080007ac   0x080007ac   0x00000018   Code   RO          978    i.RCC_APB0Cmd       sc32f1xxx_rcc.o
    0x080007c4   0x080007c4   0x00000018   Code   RO          979    i.RCC_APB0Config    sc32f1xxx_rcc.o
    0x080007dc   0x080007dc   0x00000018   Code   RO          980    i.RCC_APB0PeriphClockCmd  sc32f1xxx_rcc.o
    0x080007f4   0x080007f4   0x00000018   Code   RO          995    i.RCC_HCLKConfig    sc32f1xxx_rcc.o
    0x0800080c   0x0800080c   0x00000024   Code   RO          996    i.RCC_HIRCCmd       sc32f1xxx_rcc.o
    0x08000830   0x08000830   0x00000024   Code   RO          997    i.RCC_HXTCmd        sc32f1xxx_rcc.o
    0x08000854   0x08000854   0x00000002   Code   RO          182    i.RCC_IRQHandler    sc_it.o
    0x08000856   0x08000856   0x00000002   PAD
    0x08000858   0x08000858   0x00000024   Code   RO          998    i.RCC_ITConfig      sc32f1xxx_rcc.o
    0x0800087c   0x0800087c   0x00000024   Code   RO         1000    i.RCC_LIRCCmd       sc32f1xxx_rcc.o
    0x080008a0   0x080008a0   0x00000024   Code   RO         1001    i.RCC_LXTCmd        sc32f1xxx_rcc.o
    0x080008c4   0x080008c4   0x00000094   Code   RO         1006    i.RCC_SYSCLKConfig  sc32f1xxx_rcc.o
    0x08000958   0x08000958   0x0000003c   Code   RO         1007    i.RCC_SystickCLKConfig  sc32f1xxx_rcc.o
    0x08000994   0x08000994   0x0000001c   Code   RO         1008    i.RCC_SystickCmd    sc32f1xxx_rcc.o
    0x080009b0   0x080009b0   0x0000001c   Code   RO         1010    i.RCC_SystickSetCounter  sc32f1xxx_rcc.o
    0x080009cc   0x080009cc   0x00000014   Code   RO         1011    i.RCC_Unlock        sc32f1xxx_rcc.o
    0x080009e0   0x080009e0   0x00000014   Code   RO          366    i.SC_Init           sc_init.o
    0x080009f4   0x080009f4   0x00000020   Code   RO          371    i.SC_OPTION_Init    sc_init.o
    0x08000a14   0x08000a14   0x00000044   Code   RO          374    i.SC_RCC_Init       sc_init.o
    0x08000a58   0x08000a58   0x00000026   Code   RO          377    i.SC_SYSTICK_Init   sc_init.o
    0x08000a7e   0x08000a7e   0x00000002   PAD
    0x08000a80   0x08000a80   0x0000009c   Code   RO          386    i.SC_TWI0_Init      sc_init.o
    0x08000b1c   0x08000b1c   0x00000002   Code   RO          183    i.SPI0_IRQHandler   sc_it.o
    0x08000b1e   0x08000b1e   0x00000002   Code   RO          184    i.SPI1_IRQHandler   sc_it.o
    0x08000b20   0x08000b20   0x00000002   Code   RO          185    i.SysTick_IRQHandler  sc_it.o
    0x08000b22   0x08000b22   0x00000002   PAD
    0x08000b24   0x08000b24   0x00000010   Code   RO          149    i.SystemInit        system_sc32f1xxx.o
    0x08000b34   0x08000b34   0x00000002   Code   RO          186    i.TIMER0_IRQHandler  sc_it.o
    0x08000b36   0x08000b36   0x00000002   Code   RO          187    i.TIMER1_IRQHandler  sc_it.o
    0x08000b38   0x08000b38   0x00000002   Code   RO          188    i.TIMER2_IRQHandler  sc_it.o
    0x08000b3a   0x08000b3a   0x00000002   Code   RO          189    i.TIMER3_IRQHandler  sc_it.o
    0x08000b3c   0x08000b3c   0x00000002   Code   RO          190    i.TIMER4_5_IRQHandler  sc_it.o
    0x08000b3e   0x08000b3e   0x00000002   Code   RO          191    i.TIMER6_7_IRQHandler  sc_it.o
    0x08000b40   0x08000b40   0x00000028   Code   RO          192    i.TWI0_IRQHandler   sc_it.o
    0x08000b68   0x08000b68   0x00000002   Code   RO          193    i.TWI1_IRQHandler   sc_it.o
    0x08000b6a   0x08000b6a   0x00000008   Code   RO          796    i.TWI_ClearFlag     sc32f1xxx_twi.o
    0x08000b72   0x08000b72   0x00000002   PAD
    0x08000b74   0x08000b74   0x00000018   Code   RO          797    i.TWI_Cmd           sc32f1xxx_twi.o
    0x08000b8c   0x08000b8c   0x00000014   Code   RO          798    i.TWI_DMACmd        sc32f1xxx_twi.o
    0x08000ba0   0x08000ba0   0x00000018   Code   RO          801    i.TWI_GenerateSTART  sc32f1xxx_twi.o
    0x08000bb8   0x08000bb8   0x00000018   Code   RO          802    i.TWI_GenerateSTOP  sc32f1xxx_twi.o
    0x08000bd0   0x08000bd0   0x0000000e   Code   RO          803    i.TWI_GetFlagStatus  sc32f1xxx_twi.o
    0x08000bde   0x08000bde   0x00000014   Code   RO          806    i.TWI_ITConfig      sc32f1xxx_twi.o
    0x08000bf2   0x08000bf2   0x00000002   PAD
    0x08000bf4   0x08000bf4   0x00000030   Code   RO          807    i.TWI_Init          sc32f1xxx_twi.o
    0x08000c24   0x08000c24   0x0000000e   Code   RO          808    i.TWI_PinRemapConfig  sc32f1xxx_twi.o
    0x08000c32   0x08000c32   0x00000002   PAD
    0x08000c34   0x08000c34   0x00000020   Code   RO          621    i.TWI_SendByte      sysfunvardefine.o
    0x08000c54   0x08000c54   0x00000004   Code   RO          811    i.TWI_SendData      sc32f1xxx_twi.o
    0x08000c58   0x08000c58   0x0000002c   Code   RO          622    i.TWI_Start         sysfunvardefine.o
    0x08000c84   0x08000c84   0x00000020   Code   RO          623    i.TWI_Stop          sysfunvardefine.o
    0x08000ca4   0x08000ca4   0x00000002   Code   RO          194    i.UART0_2_IRQHandler  sc_it.o
    0x08000ca6   0x08000ca6   0x00000002   Code   RO          195    i.UART1_3_IRQHandler  sc_it.o
    0x08000ca8   0x08000ca8   0x00000044   Code   RO          393    i.__NVIC_SetPriority  sc_init.o
    0x08000cec   0x08000cec   0x000000ac   Code   RO            3    i.main              main.o
    0x08000d98   0x08000d98   0x00001d50   Data   RO          626    .constdata          sysfunvardefine.o
    0x08002ae8   0x08002ae8   0x00000020   Data   RO         1472    Region$$Table       anon$$obj.o


    Execution Region RW_IRAM1 (Exec base: 0x20000000, Load base: 0x08002b08, Size: 0x000008c8, Max: 0x00002000, ABSOLUTE, COMPRESSED[0x0000018c])

    Exec Addr    Load Addr    Size         Type   Attr      Idx    E Section Name        Object

    0x20000000   COMPRESSED   0x00000265   Data   RW          627    .data               sysfunvardefine.o
    0x20000265   COMPRESSED   0x00000003   PAD
    0x20000268        -       0x00000060   Zero   RW         1345    .bss                c_p.l(libspace.o)
    0x200002c8        -       0x00000200   Zero   RW         1285    HEAP                startup_sc32f10xx.o
    0x200004c8        -       0x00000400   Zero   RW         1284    STACK               startup_sc32f10xx.o


==============================================================================

Image component sizes


      Code (inc. data)   RO Data    RW Data    ZI Data      Debug   Object Name

         8          0          0          0          0        533   compctrldefine.o
       172         66          0          0          0      70063   main.o
        96          0          0          0          0       1328   sc32f1xxx_gpio.o
       560         86          0          0          0       9646   sc32f1xxx_rcc.o
       200         16          0          0          0       7020   sc32f1xxx_twi.o
       382         32          0          0          0      13489   sc_init.o
        92          8          0          0          0      13282   sc_it.o
       132         64        192          0       1536        864   startup_sc32f10xx.o
       886         38       7504        613          0      10668   sysfunvardefine.o
        16          6          0          0          0        505   system_sc32f1xxx.o

    ----------------------------------------------------------------------
      2556        316       7728        616       1536     127398   Object Totals
         0          0         32          0          0          0   (incl. Generated)
        12          0          0          3          0          0   (incl. Padding)

    ----------------------------------------------------------------------

      Code (inc. data)   RO Data    RW Data    ZI Data      Debug   Library Member Name

        86          0          0          0          0          0   __dczerorl2.o
         8          0          0          0          0         68   __main.o
         0          0          0          0          0          0   __rtentry.o
        12          0          0          0          0          0   __rtentry2.o
         6          0          0          0          0          0   __rtentry4.o
        60          8          0          0          0          0   __scatter.o
        28          0          0          0          0          0   __scatter_zi.o
       346          0          0          0          0         92   aeabi_sdiv.o
        16          0          0          0          0         68   exit.o
         6          0          0          0          0        136   heapauxi.o
         0          0          0          0          0          0   indicate_semi.o
         2          0          0          0          0          0   libinit.o
         2          0          0          0          0          0   libinit2.o
         2          0          0          0          0          0   libshutdown.o
         2          0          0          0          0          0   libshutdown2.o
         8          4          0          0         96         68   libspace.o
        56          0          0          0          0         68   rt_memcpy.o
         2          0          0          0          0          0   rtexit.o
        10          0          0          0          0          0   rtexit2.o
        12          4          0          0          0         60   sys_exit.o
        62          0          0          0          0         80   sys_stackheap_outer.o
         2          0          0          0          0         68   use_no_semi.o

    ----------------------------------------------------------------------
       732         16          0          0         96        708   Library Totals
         4          0          0          0          0          0   (incl. Padding)

    ----------------------------------------------------------------------

      Code (inc. data)   RO Data    RW Data    ZI Data      Debug   Library Name

       728         16          0          0         96        708   c_p.l

    ----------------------------------------------------------------------
       732         16          0          0         96        708   Library Totals

    ----------------------------------------------------------------------

==============================================================================


      Code (inc. data)   RO Data    RW Data    ZI Data      Debug   

      3288        332       7728        616       1632     124834   Grand Totals
      3288        332       7728        396       1632     124834   ELF Image Totals (compressed)
      3288        332       7728        396          0          0   ROM Totals

==============================================================================

    Total RO  Size (Code + RO Data)                11016 (  10.76kB)
    Total RW  Size (RW Data + ZI Data)              2248 (   2.20kB)
    Total ROM Size (Code + RO Data + RW Data)      11412 (  11.14kB)

==============================================================================

